Archive member included to satisfy reference by file (symbol)

/usr/lib/gcc/arm-none-eabi/7.3.1/thumb/v6-m/libgcc.a(_dvmd_tls.o)
                              CMakeFiles/motor_controller.dir/pico-sdk/src/rp2_common/pico_divider/divider.S.obj (__aeabi_idiv0)
/usr/lib/gcc/arm-none-eabi/7.3.1/../../../arm-none-eabi/lib/thumb/v6-m/libc.a(lib_a-atexit.o)
                              /usr/lib/gcc/arm-none-eabi/7.3.1/../../../arm-none-eabi/lib/thumb/v6-m/crt0.o (atexit)
/usr/lib/gcc/arm-none-eabi/7.3.1/../../../arm-none-eabi/lib/thumb/v6-m/libc.a(lib_a-calloc.o)
                              CMakeFiles/motor_controller.dir/pico-sdk/src/rp2_common/pico_malloc/pico_malloc.c.obj (calloc)
/usr/lib/gcc/arm-none-eabi/7.3.1/../../../arm-none-eabi/lib/thumb/v6-m/libc.a(lib_a-callocr.o)
                              /usr/lib/gcc/arm-none-eabi/7.3.1/../../../arm-none-eabi/lib/thumb/v6-m/libc.a(lib_a-calloc.o) (_calloc_r)
/usr/lib/gcc/arm-none-eabi/7.3.1/../../../arm-none-eabi/lib/thumb/v6-m/libc.a(lib_a-fini.o)
                              /usr/lib/gcc/arm-none-eabi/7.3.1/../../../arm-none-eabi/lib/thumb/v6-m/crt0.o (__libc_fini_array)
/usr/lib/gcc/arm-none-eabi/7.3.1/../../../arm-none-eabi/lib/thumb/v6-m/libc.a(lib_a-impure.o)
                              /usr/lib/gcc/arm-none-eabi/7.3.1/../../../arm-none-eabi/lib/thumb/v6-m/libc.a(lib_a-calloc.o) (_impure_ptr)
/usr/lib/gcc/arm-none-eabi/7.3.1/../../../arm-none-eabi/lib/thumb/v6-m/libc.a(lib_a-init.o)
                              /usr/lib/gcc/arm-none-eabi/7.3.1/../../../arm-none-eabi/lib/thumb/v6-m/crt0.o (__libc_init_array)
/usr/lib/gcc/arm-none-eabi/7.3.1/../../../arm-none-eabi/lib/thumb/v6-m/libc.a(lib_a-malloc.o)
                              CMakeFiles/motor_controller.dir/pico-sdk/src/rp2_common/pico_malloc/pico_malloc.c.obj (malloc)
/usr/lib/gcc/arm-none-eabi/7.3.1/../../../arm-none-eabi/lib/thumb/v6-m/libc.a(lib_a-mallocr.o)
                              /usr/lib/gcc/arm-none-eabi/7.3.1/../../../arm-none-eabi/lib/thumb/v6-m/libc.a(lib_a-callocr.o) (_malloc_r)
/usr/lib/gcc/arm-none-eabi/7.3.1/../../../arm-none-eabi/lib/thumb/v6-m/libc.a(lib_a-mlock.o)
                              /usr/lib/gcc/arm-none-eabi/7.3.1/../../../arm-none-eabi/lib/thumb/v6-m/libc.a(lib_a-mallocr.o) (__malloc_lock)
/usr/lib/gcc/arm-none-eabi/7.3.1/../../../arm-none-eabi/lib/thumb/v6-m/libc.a(lib_a-realloc.o)
                              CMakeFiles/motor_controller.dir/pico-sdk/src/rp2_common/pico_malloc/pico_malloc.c.obj (realloc)
/usr/lib/gcc/arm-none-eabi/7.3.1/../../../arm-none-eabi/lib/thumb/v6-m/libc.a(lib_a-reallocr.o)
                              /usr/lib/gcc/arm-none-eabi/7.3.1/../../../arm-none-eabi/lib/thumb/v6-m/libc.a(lib_a-realloc.o) (_realloc_r)
/usr/lib/gcc/arm-none-eabi/7.3.1/../../../arm-none-eabi/lib/thumb/v6-m/libc.a(lib_a-sbrkr.o)
                              /usr/lib/gcc/arm-none-eabi/7.3.1/../../../arm-none-eabi/lib/thumb/v6-m/libc.a(lib_a-mallocr.o) (_sbrk_r)
/usr/lib/gcc/arm-none-eabi/7.3.1/../../../arm-none-eabi/lib/thumb/v6-m/libc.a(lib_a-scanf.o)
                              CMakeFiles/motor_controller.dir/motor_controller/motor_controller.c.obj (scanf)
/usr/lib/gcc/arm-none-eabi/7.3.1/../../../arm-none-eabi/lib/thumb/v6-m/libc.a(lib_a-strlen-stub.o)
                              CMakeFiles/motor_controller.dir/pico-sdk/src/rp2_common/pico_stdio/stdio.c.obj (strlen)
/usr/lib/gcc/arm-none-eabi/7.3.1/../../../arm-none-eabi/lib/thumb/v6-m/libc.a(lib_a-vfscanf.o)
                              /usr/lib/gcc/arm-none-eabi/7.3.1/../../../arm-none-eabi/lib/thumb/v6-m/libc.a(lib_a-scanf.o) (_vfscanf_r)
/usr/lib/gcc/arm-none-eabi/7.3.1/../../../arm-none-eabi/lib/thumb/v6-m/libc.a(lib_a-__atexit.o)
                              /usr/lib/gcc/arm-none-eabi/7.3.1/../../../arm-none-eabi/lib/thumb/v6-m/libc.a(lib_a-atexit.o) (__register_exitproc)
/usr/lib/gcc/arm-none-eabi/7.3.1/../../../arm-none-eabi/lib/thumb/v6-m/libc.a(lib_a-ctype_.o)
                              /usr/lib/gcc/arm-none-eabi/7.3.1/../../../arm-none-eabi/lib/thumb/v6-m/libc.a(lib_a-vfscanf.o) (_ctype_)
/usr/lib/gcc/arm-none-eabi/7.3.1/../../../arm-none-eabi/lib/thumb/v6-m/libc.a(lib_a-findfp.o)
                              /usr/lib/gcc/arm-none-eabi/7.3.1/../../../arm-none-eabi/lib/thumb/v6-m/libc.a(lib_a-vfscanf.o) (__sinit)
/usr/lib/gcc/arm-none-eabi/7.3.1/../../../arm-none-eabi/lib/thumb/v6-m/libc.a(lib_a-fread.o)
                              /usr/lib/gcc/arm-none-eabi/7.3.1/../../../arm-none-eabi/lib/thumb/v6-m/libc.a(lib_a-vfscanf.o) (_fread_r)
/usr/lib/gcc/arm-none-eabi/7.3.1/../../../arm-none-eabi/lib/thumb/v6-m/libc.a(lib_a-freer.o)
                              /usr/lib/gcc/arm-none-eabi/7.3.1/../../../arm-none-eabi/lib/thumb/v6-m/libc.a(lib_a-malloc.o) (_free_r)
/usr/lib/gcc/arm-none-eabi/7.3.1/../../../arm-none-eabi/lib/thumb/v6-m/libc.a(lib_a-fwalk.o)
                              /usr/lib/gcc/arm-none-eabi/7.3.1/../../../arm-none-eabi/lib/thumb/v6-m/libc.a(lib_a-findfp.o) (_fwalk)
[...]
Memory Configuration

Name             Origin             Length             Attributes
FLASH            0x10000000         0x00200000         xr
RAM              0x20000000         0x00040000         xrw
SCRATCH_X        0x20040000         0x00001000         xrw
SCRATCH_Y        0x20041000         0x00001000         xrw
*default*        0x00000000         0xffffffff

Linker script and memory map

LOAD /usr/lib/gcc/arm-none-eabi/7.3.1/thumb/v6-m/crti.o
LOAD /usr/lib/gcc/arm-none-eabi/7.3.1/thumb/v6-m/crtbegin.o
LOAD /usr/lib/gcc/arm-none-eabi/7.3.1/../../../arm-none-eabi/lib/thumb/v6-m/crt0.o

.flash_begin    0x10000000        0x0
                0x10000000                __flash_binary_start = .

.boot2          0x10000000      0x100
                0x10000000                __boot2_start__ = .
 *(.boot2)
 .boot2         0x10000000      0x100 /tmp/ccYIfymb.o
                0x10000100                __boot2_end__ = .
                0x00000001                ASSERT (((__boot2_end__ - __boot2_start__) == 0x100), ERROR: Pico second stage bootloader must be 256 bytes in size)

.text           0x10000100     0xe288
                0x10000100                __logical_binary_start = .
 *(.vectors)
 .vectors       0x10000100       0xd4 CMakeFiles/motor_controller.dir/pico-sdk/src/rp2_common/pico_standard_link/crt0.S.obj
                0x10000100                __vectors
                0x10000100                __VECTOR_TABLE
                0x100001c0                isr_invalid
                0x100001c0                __default_isrs_start
                0x100001c2                isr_nmi
                0x100001c4                isr_hardfault
                0x100001c6                isr_svcall
                0x100001c8                isr_pendsv
                0x100001ca                isr_systick
                0x100001cc                isr_irq30
                0x100001cc                __unhandled_user_irq
                0x100001cc                isr_irq13
                0x100001cc                isr_irq27
                0x100001cc                isr_irq31
                0x100001cc                isr_irq5
                0x100001cc                isr_irq11
                0x100001cc                isr_irq23
                0x100001cc                isr_irq18
                0x100001cc                isr_irq28
                0x100001cc                isr_irq19
                0x100001cc                isr_irq0
                0x100001cc                isr_irq6
                0x100001cc                isr_irq22
                0x100001cc                isr_irq17
                0x100001cc                isr_irq14
                0x100001cc                isr_irq2
                0x100001cc                isr_irq10
                0x100001cc                isr_irq8
                0x100001cc                isr_irq24
                0x100001cc                isr_irq1
                0x100001cc                isr_irq7
                0x100001cc                isr_irq21
                0x100001cc                isr_irq20
                0x100001cc                isr_irq15
                0x100001cc                isr_irq25
                0x100001cc                isr_irq4
                0x100001cc                isr_irq16
                0x100001cc                isr_irq29
                0x100001cc                isr_irq26
                0x100001cc                __default_isrs_end
                0x100001cc                isr_irq3
                0x100001cc                isr_irq12
                0x100001cc                isr_irq9
                0x100001d2                unhandled_user_irq_num_in_r0
 *(.binary_info_header)
 .binary_info_header
                0x100001d4       0x14 CMakeFiles/motor_controller.dir/pico-sdk/src/rp2_common/pico_standard_link/crt0.S.obj
                0x100001e8                __binary_info_header_end = .
 *(.reset)
 .reset         0x100001e8       0xa8 CMakeFiles/motor_controller.dir/pico-sdk/src/rp2_common/pico_standard_link/crt0.S.obj
                0x100001e8                _entry_point
                0x10000266                __get_current_exception
 .reset         0x10000290       0x30 CMakeFiles/motor_controller.dir/pico-sdk/src/rp2_common/pico_standard_link/binary_info.c.obj
 *(.init)
 .init          0x100002c0        0x4 /usr/lib/gcc/arm-none-eabi/7.3.1/thumb/v6-m/crti.o
                0x100002c0                _init
 *(EXCLUDE_FILE(*libm.a: *libc.a:*lib_a-mem*.o *libgcc.a:) .text*)
 .text          0x100002c4       0x98 /usr/lib/gcc/arm-none-eabi/7.3.1/thumb/v6-m/crtbegin.o
 .text.pico_init
                0x1000035c       0x5c CMakeFiles/motor_controller.dir/motor_controller/motor_controller.c.obj
                0x1000035c                pico_init
 .text.startup.main
                0x100003b8      0x1cc CMakeFiles/motor_controller.dir/motor_controller/motor_controller.c.obj
                0x100003b8                main
 .text.gpio_init
                0x10000584       0x3c CMakeFiles/motor_controller.dir/pico-sdk/src/rp2_common/hardware_gpio/gpio.c.obj
                0x10000584                gpio_init
 .text.hw_claim_or_assert
                0x100005c0       0x44 CMakeFiles/motor_controller.dir/pico-sdk/src/rp2_common/hardware_claim/claim.c.obj
                0x100005c0                hw_claim_or_assert
 .text.hw_claim_unused_from_range
                0x10000604       0x9c CMakeFiles/motor_controller.dir/pico-sdk/src/rp2_common/hardware_claim/claim.c.obj
                0x10000604                hw_claim_unused_from_range
 .text.running_on_fpga
                0x100006a0       0x10 CMakeFiles/motor_controller.dir/pico-sdk/src/rp2_common/pico_platform/platform.c.obj
                0x100006a0                running_on_fpga
 .text.spin_locks_reset
                0x100006b0       0x1c CMakeFiles/motor_controller.dir/pico-sdk/src/rp2_common/hardware_sync/sync.c.obj
                0x100006b0                spin_locks_reset
 .text.next_striped_spin_lock_num
                0x100006cc       0x18 CMakeFiles/motor_controller.dir/pico-sdk/src/rp2_common/hardware_sync/sync.c.obj
                0x100006cc                next_striped_spin_lock_num
 .text.spin_lock_claim_unused
                0x100006e4       0x20 CMakeFiles/motor_controller.dir/pico-sdk/src/rp2_common/hardware_sync/sync.c.obj
                0x100006e4                spin_lock_claim_unused
 .text.irq_set_enabled
                0x10000704       0x24 CMakeFiles/motor_controller.dir/pico-sdk/src/rp2_common/hardware_irq/irq.c.obj
                0x10000704                irq_set_enabled
 .text.irq_set_pending
                0x10000728       0x10 CMakeFiles/motor_controller.dir/pico-sdk/src/rp2_common/hardware_irq/irq.c.obj
                0x10000728                irq_set_pending
 .text.irq_has_shared_handler
                0x10000738       0x2c CMakeFiles/motor_controller.dir/pico-sdk/src/rp2_common/hardware_irq/irq.c.obj
                0x10000738                irq_has_shared_handler
 .text.irq_get_vtable_handler
                0x10000764       0x10 CMakeFiles/motor_controller.dir/pico-sdk/src/rp2_common/hardware_irq/irq.c.obj
                0x10000764                irq_get_vtable_handler
 .text.irq_set_exclusive_handler
                0x10000774       0x54 CMakeFiles/motor_controller.dir/pico-sdk/src/rp2_common/hardware_irq/irq.c.obj
                0x10000774                irq_set_exclusive_handler
 .text.irq_add_shared_handler
                0x100007c8      0x1c8 CMakeFiles/motor_controller.dir/pico-sdk/src/rp2_common/hardware_irq/irq.c.obj
                0x100007c8                irq_add_shared_handler
 .text.irq_remove_handler
                0x10000990      0x1b4 CMakeFiles/motor_controller.dir/pico-sdk/src/rp2_common/hardware_irq/irq.c.obj
                0x10000990                irq_remove_handler
 .text.irq_add_tail_to_free_list
                0x10000b44       0xb4 CMakeFiles/motor_controller.dir/pico-sdk/src/rp2_common/hardware_irq/irq.c.obj
                0x10000b44                irq_add_tail_to_free_list
 .text.irq_init_priorities
                0x10000bf8       0x24 CMakeFiles/motor_controller.dir/pico-sdk/src/rp2_common/hardware_irq/irq.c.obj
                0x10000bf8                irq_init_priorities
 .text.user_irq_claim_unused
                0x10000c1c       0x30 CMakeFiles/motor_controller.dir/pico-sdk/src/rp2_common/hardware_irq/irq.c.obj
                0x10000c1c                user_irq_claim_unused
 .text.lock_init
                0x10000c4c       0x10 CMakeFiles/motor_controller.dir/pico-sdk/src/common/pico_sync/lock_core.c.obj
                0x10000c4c                lock_init
 .text.timer_pool_entry_comparator
                0x10000c5c       0x34 CMakeFiles/motor_controller.dir/pico-sdk/src/common/pico_time/time.c.obj
                0x10000c5c                timer_pool_entry_comparator
 .text.sleep_until_callback
                0x10000c90       0x30 CMakeFiles/motor_controller.dir/pico-sdk/src/common/pico_time/time.c.obj
 .text.add_alarm_under_lock
                0x10000cc0      0x120 CMakeFiles/motor_controller.dir/pico-sdk/src/common/pico_time/time.c.obj
 .text.alarm_pool_alarm_callback
                0x10000de0      0x1dc CMakeFiles/motor_controller.dir/pico-sdk/src/common/pico_time/time.c.obj
 .text.alarm_pool_init_default
                0x10000fbc       0x64 CMakeFiles/motor_controller.dir/pico-sdk/src/common/pico_time/time.c.obj
                0x10000fbc                alarm_pool_init_default
 .text.alarm_pool_get_default
                0x10001020        0x8 CMakeFiles/motor_controller.dir/pico-sdk/src/common/pico_time/time.c.obj
                0x10001020                alarm_pool_get_default
 .text.alarm_pool_add_alarm_at
                0x10001028      0x1ac CMakeFiles/motor_controller.dir/pico-sdk/src/common/pico_time/time.c.obj
                0x10001028                alarm_pool_add_alarm_at
 .text.sleep_until
                0x100011d4      0x1ec CMakeFiles/motor_controller.dir/pico-sdk/src/common/pico_time/time.c.obj
                0x100011d4                sleep_until
 .text.sleep_ms
                0x100013c0       0x38 CMakeFiles/motor_controller.dir/pico-sdk/src/common/pico_time/time.c.obj
                0x100013c0                sleep_ms
 .text.best_effort_wfe_or_timeout
                0x100013f8      0x1b4 CMakeFiles/motor_controller.dir/pico-sdk/src/common/pico_time/time.c.obj
                0x100013f8                best_effort_wfe_or_timeout
 .text.hardware_alarm_irq_handler
                0x100015ac       0xb0 CMakeFiles/motor_controller.dir/pico-sdk/src/rp2_common/hardware_timer/timer.c.obj
 .text.hardware_alarm_claim
                0x1000165c       0x18 CMakeFiles/motor_controller.dir/pico-sdk/src/rp2_common/hardware_timer/timer.c.obj
                0x1000165c                hardware_alarm_claim
 .text.time_us_64
                0x10001674       0x18 CMakeFiles/motor_controller.dir/pico-sdk/src/rp2_common/hardware_timer/timer.c.obj
                0x10001674                time_us_64
 .text.busy_wait_us
                0x1000168c       0x60 CMakeFiles/motor_controller.dir/pico-sdk/src/rp2_common/hardware_timer/timer.c.obj
                0x1000168c                busy_wait_us
 .text.busy_wait_until
                0x100016ec       0x20 CMakeFiles/motor_controller.dir/pico-sdk/src/rp2_common/hardware_timer/timer.c.obj
                0x100016ec                busy_wait_until
 .text.hardware_alarm_set_callback
                0x1000170c       0x8c CMakeFiles/motor_controller.dir/pico-sdk/src/rp2_common/hardware_timer/timer.c.obj
                0x1000170c                hardware_alarm_set_callback
 .text.hardware_alarm_set_target
                0x10001798       0xd8 CMakeFiles/motor_controller.dir/pico-sdk/src/rp2_common/hardware_timer/timer.c.obj
                0x10001798                hardware_alarm_set_target
 .text.hardware_alarm_cancel
                0x10001870       0x40 CMakeFiles/motor_controller.dir/pico-sdk/src/rp2_common/hardware_timer/timer.c.obj
                0x10001870                hardware_alarm_cancel
 .text.ph_merge_two_pass.part.3
                0x100018b0       0xcc CMakeFiles/motor_controller.dir/pico-sdk/src/common/pico_util/pheap.c.obj
 .text.ph_post_alloc_init
                0x1000197c       0x3c CMakeFiles/motor_controller.dir/pico-sdk/src/common/pico_util/pheap.c.obj
                0x1000197c                ph_post_alloc_init
 .text.ph_remove_head
                0x100019b8      0x158 CMakeFiles/motor_controller.dir/pico-sdk/src/common/pico_util/pheap.c.obj
                0x100019b8                ph_remove_head
 .text.ph_remove_and_free_node
                0x10001b10      0x340 CMakeFiles/motor_controller.dir/pico-sdk/src/common/pico_util/pheap.c.obj
                0x10001b10                ph_remove_and_free_node
 .text.mutex_init
                0x10001e50       0x1c CMakeFiles/motor_controller.dir/pico-sdk/src/common/pico_sync/mutex.c.obj
                0x10001e50                mutex_init
 .text.recursive_mutex_init
                0x10001e6c       0x1c CMakeFiles/motor_controller.dir/pico-sdk/src/common/pico_sync/mutex.c.obj
                0x10001e6c                recursive_mutex_init
 .text.critical_section_init
                0x10001e88       0x20 CMakeFiles/motor_controller.dir/pico-sdk/src/common/pico_sync/critical_section.c.obj
                0x10001e88                critical_section_init
 .text.runtime_init
                0x10001ea8       0xf4 CMakeFiles/motor_controller.dir/pico-sdk/src/rp2_common/pico_runtime/runtime.c.obj
                0x10001ea8                runtime_init
 .text._sbrk    0x10001f9c       0x34 CMakeFiles/motor_controller.dir/pico-sdk/src/rp2_common/pico_runtime/runtime.c.obj
                0x10001f9c                _sbrk
 .text.exit     0x10001fd0        0x4 CMakeFiles/motor_controller.dir/pico-sdk/src/rp2_common/pico_runtime/runtime.c.obj
                0x10001fd0                exit
 .text.panic    0x10001fd4       0x30 CMakeFiles/motor_controller.dir/pico-sdk/src/rp2_common/pico_runtime/runtime.c.obj
                0x10001fd4                panic
 .text.hard_assertion_failure
                0x10002004        0xc CMakeFiles/motor_controller.dir/pico-sdk/src/rp2_common/pico_runtime/runtime.c.obj
                0x10002004                hard_assertion_failure
 .text.clocks_init
                0x10002010      0x2c8 CMakeFiles/motor_controller.dir/pico-sdk/src/rp2_common/hardware_clocks/clocks.c.obj
                0x10002010                clocks_init
 .text.pll_init
                0x100022d8       0xa8 CMakeFiles/motor_controller.dir/pico-sdk/src/rp2_common/hardware_pll/pll.c.obj
                0x100022d8                pll_init
 .text.watchdog_start_tick
                0x10002380       0x10 CMakeFiles/motor_controller.dir/pico-sdk/src/rp2_common/hardware_watchdog/watchdog.c.obj
                0x10002380                watchdog_start_tick
 .text.watchdog_reboot
                0x10002390       0x98 CMakeFiles/motor_controller.dir/pico-sdk/src/rp2_common/hardware_watchdog/watchdog.c.obj
                0x10002390                watchdog_reboot
 .text.xosc_init
                0x10002428       0x28 CMakeFiles/motor_controller.dir/pico-sdk/src/rp2_common/hardware_xosc/xosc.c.obj
                0x10002428                xosc_init
 .text._out_buffer
                0x10002450        0x8 CMakeFiles/motor_controller.dir/pico-sdk/src/rp2_common/pico_printf/printf.c.obj
 .text._out_null
                0x10002458        0x4 CMakeFiles/motor_controller.dir/pico-sdk/src/rp2_common/pico_printf/printf.c.obj
 .text._out_fct
                0x1000245c       0x10 CMakeFiles/motor_controller.dir/pico-sdk/src/rp2_common/pico_printf/printf.c.obj
 .text._out_char
                0x1000246c        0xc CMakeFiles/motor_controller.dir/pico-sdk/src/rp2_common/pico_printf/printf.c.obj
 .text._ntoa_format
                0x10002478      0x270 CMakeFiles/motor_controller.dir/pico-sdk/src/rp2_common/pico_printf/printf.c.obj
 .text._etoa.part.0
                0x100026e8      0x56c CMakeFiles/motor_controller.dir/pico-sdk/src/rp2_common/pico_printf/printf.c.obj
 .text._ftoa    0x10002c54      0x6f8 CMakeFiles/motor_controller.dir/pico-sdk/src/rp2_common/pico_printf/printf.c.obj
 .text._ftoa.part.1
                0x1000334c      0x54c CMakeFiles/motor_controller.dir/pico-sdk/src/rp2_common/pico_printf/printf.c.obj
 .text._vsnprintf
                0x10003898     0x11e0 CMakeFiles/motor_controller.dir/pico-sdk/src/rp2_common/pico_printf/printf.c.obj
 .text.__wrap_sprintf
                0x10004a78       0x28 CMakeFiles/motor_controller.dir/pico-sdk/src/rp2_common/pico_printf/printf.c.obj
                0x10004a78                __wrap_sprintf
 .text.vfctprintf
                0x10004aa0       0x20 CMakeFiles/motor_controller.dir/pico-sdk/src/rp2_common/pico_printf/printf.c.obj
                0x10004aa0                vfctprintf
 .text.weak_raw_vprintf
                0x10004ac0       0x30 CMakeFiles/motor_controller.dir/pico-sdk/src/rp2_common/pico_printf/printf.c.obj
                0x10004ac0                weak_raw_vprintf
 .text          0x10004af0       0x10 CMakeFiles/motor_controller.dir/pico-sdk/src/rp2_common/pico_bit_ops/bit_ops_aeabi.S.obj
 .text.rom_func_lookup
                0x10004b00       0x10 CMakeFiles/motor_controller.dir/pico-sdk/src/rp2_common/pico_bootrom/bootrom.c.obj
                0x10004b00                rom_func_lookup
 .text.rom_data_lookup
                0x10004b10       0x10 CMakeFiles/motor_controller.dir/pico-sdk/src/rp2_common/pico_bootrom/bootrom.c.obj
                0x10004b10                rom_data_lookup
 .text.rom_funcs_lookup
                0x10004b20       0x3c CMakeFiles/motor_controller.dir/pico-sdk/src/rp2_common/pico_bootrom/bootrom.c.obj
                0x10004b20                rom_funcs_lookup
 .text.__wrap___aeabi_idiv
                0x10004b5c       0x50 CMakeFiles/motor_controller.dir/pico-sdk/src/rp2_common/pico_divider/divider.S.obj
                0x10004b5c                __wrap___aeabi_idivmod
                0x10004b5c                divmod_s32s32
                0x10004b5c                div_s32s32
                0x10004b5c                __wrap___aeabi_idiv
                0x10004b64                divmod_s32s32_unsafe
                0x10004b90                divmod_s32s32_savestate
 .text.__wrap___aeabi_uidiv
                0x10004bac       0x4c CMakeFiles/motor_controller.dir/pico-sdk/src/rp2_common/pico_divider/divider.S.obj
                0x10004bac                __wrap___aeabi_uidiv
                0x10004bac                __wrap___aeabi_uidivmod
                0x10004bac                div_u32u32
                0x10004bac                divmod_u32u32
                0x10004bb4                divmod_u32u32_unsafe
                0x10004bdc                divmod_u32u32_savestate
 .text.__wrap___aeabi_ldiv
                0x10004bf8      0x434 CMakeFiles/motor_controller.dir/pico-sdk/src/rp2_common/pico_divider/divider.S.obj
                0x10004bf8                div_s64s64
                0x10004bf8                divmod_s64s64
                0x10004bf8                __wrap___aeabi_ldivmod
                0x10004c30                div_u64u64
                0x10004c30                divmod_u64u64
                0x10004c30                __wrap___aeabi_uldivmod
                0x10004c40                divmod_u64u64_savestate
                0x10004c68                divmod_s64s64_unsafe
                0x10004cf0                divmod_u64u64_unsafe
 .text.__wrap___aeabi_darithmetic
                0x1000502c       0x60 CMakeFiles/motor_controller.dir/pico-sdk/src/rp2_common/pico_double/double_aeabi.S.obj
                0x1000502c                __wrap___aeabi_drsub
                0x10005032                __wrap___aeabi_dsub
                0x1000503c                __wrap___aeabi_dadd
                0x10005046                __wrap___aeabi_ddiv
                0x1000507a                __wrap___aeabi_dmul
 .text.__wrap___aeabi_cdcmple
                0x1000508c       0x6c CMakeFiles/motor_controller.dir/pico-sdk/src/rp2_common/pico_double/double_aeabi.S.obj
                0x1000508c                __wrap___aeabi_cdrcmple
                0x1000509c                __wrap___aeabi_cdcmple
                0x1000509c                __wrap___aeabi_cdcmpeq
 .text.__wrap___aeabi_dcmpeq
                0x100050f8       0x10 CMakeFiles/motor_controller.dir/pico-sdk/src/rp2_common/pico_double/double_aeabi.S.obj
                0x100050f8                __wrap___aeabi_dcmpeq
 .text.__wrap___aeabi_dcmplt
                0x10005108        0xc CMakeFiles/motor_controller.dir/pico-sdk/src/rp2_common/pico_double/double_aeabi.S.obj
                0x10005108                __wrap___aeabi_dcmplt
 .text.__wrap___aeabi_dcmple
                0x10005114       0x10 CMakeFiles/motor_controller.dir/pico-sdk/src/rp2_common/pico_double/double_aeabi.S.obj
                0x10005114                __wrap___aeabi_dcmple
 .text.__wrap___aeabi_dcmpge
                0x10005124       0x10 CMakeFiles/motor_controller.dir/pico-sdk/src/rp2_common/pico_double/double_aeabi.S.obj
                0x10005124                __wrap___aeabi_dcmpge
 .text.__wrap___aeabi_dcmpgt
                0x10005134        0xa CMakeFiles/motor_controller.dir/pico-sdk/src/rp2_common/pico_double/double_aeabi.S.obj
                0x10005134                __wrap___aeabi_dcmpgt
 .text.__wrap___aeabi_dcmpun
                0x1000513e       0x1c CMakeFiles/motor_controller.dir/pico-sdk/src/rp2_common/pico_double/double_aeabi.S.obj
                0x1000513e                __wrap___aeabi_dcmpun
 *fill*         0x1000515a        0x2 
 .text.__wrap___aeabi_i2d
                0x1000515c       0x38 CMakeFiles/motor_controller.dir/pico-sdk/src/rp2_common/pico_double/double_aeabi.S.obj
                0x1000515c                __wrap___aeabi_ui2d
                0x10005164                __wrap___aeabi_i2d
 .text.__wrap___aeabi_d2iz
                0x10005194       0x48 CMakeFiles/motor_controller.dir/pico-sdk/src/rp2_common/pico_double/double_aeabi.S.obj
                0x10005194                __wrap___aeabi_d2iz
                0x10005194                double2int_z
 .text.__wrap___aeabi_d2uiz
                0x100051dc       0x10 CMakeFiles/motor_controller.dir/pico-sdk/src/rp2_common/pico_double/double_aeabi.S.obj
                0x100051dc                double2uint
                0x100051dc                __wrap___aeabi_d2uiz
 .text.__wrap___aeabi_l2d
                0x100051ec       0x10 CMakeFiles/motor_controller.dir/pico-sdk/src/rp2_common/pico_double/double_aeabi.S.obj
                0x100051ec                __wrap___aeabi_l2d
 .text.__wrap___aeabi_d2lz
                0x100051fc       0x26 CMakeFiles/motor_controller.dir/pico-sdk/src/rp2_common/pico_double/double_aeabi.S.obj
                0x100051fc                __wrap___aeabi_d2lz
                0x100051fc                double2int64_z
 *fill*         0x10005222        0x2 
 .text.double2int64
                0x10005224       0x10 CMakeFiles/motor_controller.dir/pico-sdk/src/rp2_common/pico_double/double_aeabi.S.obj
                0x10005224                double2int64
 .text.double2ufix64
                0x10005234       0x10 CMakeFiles/motor_controller.dir/pico-sdk/src/rp2_common/pico_double/double_aeabi.S.obj
                0x10005234                double2ufix64
 .text.__wrap___aeabi_d2f
                0x10005244       0x10 CMakeFiles/motor_controller.dir/pico-sdk/src/rp2_common/pico_double/double_aeabi.S.obj
                0x10005244                __wrap___aeabi_d2f
 .text.__wrap_exp
                0x10005254       0x10 CMakeFiles/motor_controller.dir/pico-sdk/src/rp2_common/pico_double/double_aeabi.S.obj
                0x10005254                __wrap_exp
 .text.__wrap_log
                0x10005264       0x10 CMakeFiles/motor_controller.dir/pico-sdk/src/rp2_common/pico_double/double_aeabi.S.obj
                0x10005264                __wrap_log
 .text.missing_double_func_shim
                0x10005274        0xc CMakeFiles/motor_controller.dir/pico-sdk/src/rp2_common/pico_double/double_init_rom.c.obj
 .text.__aeabi_double_init
                0x10005280       0x64 CMakeFiles/motor_controller.dir/pico-sdk/src/rp2_common/pico_double/double_init_rom.c.obj
                0x10005280                __aeabi_double_init
 .text.dpow_1   0x100052e4      0x27c CMakeFiles/motor_controller.dir/pico-sdk/src/rp2_common/pico_double/double_math.c.obj
 .text.dpow_int2
                0x10005560       0x64 CMakeFiles/motor_controller.dir/pico-sdk/src/rp2_common/pico_double/double_math.c.obj
 .text.dpow_0   0x100055c4      0x260 CMakeFiles/motor_controller.dir/pico-sdk/src/rp2_common/pico_double/double_math.c.obj
 .text.__wrap_ldexp
                0x10005824       0x4c CMakeFiles/motor_controller.dir/pico-sdk/src/rp2_common/pico_double/double_math.c.obj
                0x10005824                __wrap_ldexp
 .text.__wrap_round
                0x10005870       0xa0 CMakeFiles/motor_controller.dir/pico-sdk/src/rp2_common/pico_double/double_math.c.obj
                0x10005870                __wrap_round
 .text.__wrap_exp2
                0x10005910       0xbc CMakeFiles/motor_controller.dir/pico-sdk/src/rp2_common/pico_double/double_math.c.obj
                0x10005910                __wrap_exp2
 .text.__wrap_pow
                0x100059cc      0x2f0 CMakeFiles/motor_controller.dir/pico-sdk/src/rp2_common/pico_double/double_math.c.obj
                0x100059cc                __wrap_pow
 .text.double_table_shim_on_use_helper
                0x10005cbc       0x2c CMakeFiles/motor_controller.dir/pico-sdk/src/rp2_common/pico_double/double_v1_rom_shim.S.obj
                0x10005cbc                double_table_shim_on_use_helper
 .text.__aeabi_lmul
                0x10005ce8       0x32 CMakeFiles/motor_controller.dir/pico-sdk/src/rp2_common/pico_int64_ops/pico_int64_ops_aeabi.S.obj
                0x10005ce8                __wrap___aeabi_lmul
 *fill*         0x10005d1a        0x2 
 .text.__wrap___aeabi_cfcmple
                0x10005d1c       0x50 CMakeFiles/motor_controller.dir/pico-sdk/src/rp2_common/pico_float/float_aeabi.S.obj
                0x10005d1c                __wrap___aeabi_cfrcmple
                0x10005d28                __wrap___aeabi_cfcmpeq
                0x10005d28                __wrap___aeabi_cfcmple
 .text.__wrap___aeabi_fcmple
                0x10005d6c       0x10 CMakeFiles/motor_controller.dir/pico-sdk/src/rp2_common/pico_float/float_aeabi.S.obj
                0x10005d6c                __wrap___aeabi_fcmple
 .text.__wrap___aeabi_fcmpun
                0x10005d7c       0x18 CMakeFiles/motor_controller.dir/pico-sdk/src/rp2_common/pico_float/float_aeabi.S.obj
                0x10005d7c                __wrap___aeabi_fcmpun
 .text.missing_float_func_shim
                0x10005d94        0xc CMakeFiles/motor_controller.dir/pico-sdk/src/rp2_common/pico_float/float_init_rom.c.obj
 .text.__aeabi_float_init
                0x10005da0       0x60 CMakeFiles/motor_controller.dir/pico-sdk/src/rp2_common/pico_float/float_init_rom.c.obj
                0x10005da0                __aeabi_float_init
 .text          0x10005e00       0x10 CMakeFiles/motor_controller.dir/pico-sdk/src/rp2_common/pico_mem_ops/mem_ops_aeabi.S.obj
                0x10005e00                __aeabi_mem_init
 .text.memset   0x10005e10        0xc CMakeFiles/motor_controller.dir/pico-sdk/src/rp2_common/pico_mem_ops/mem_ops_aeabi.S.obj
                0x10005e10                __wrap_memset
 .text.memcpy   0x10005e1c        0xc CMakeFiles/motor_controller.dir/pico-sdk/src/rp2_common/pico_mem_ops/mem_ops_aeabi.S.obj
                0x10005e1c                __wrap___aeabi_memcpy
                0x10005e1c                __wrap_memcpy
 .text.stdio_out_chars_crlf
                0x10005e28       0x9c CMakeFiles/motor_controller.dir/pico-sdk/src/rp2_common/pico_stdio/stdio.c.obj
 .text.stdio_stack_buffer_flush.part.1
                0x10005ec4       0xdc CMakeFiles/motor_controller.dir/pico-sdk/src/rp2_common/pico_stdio/stdio.c.obj
 .text.stdio_buffered_printer
                0x10005fa0       0x20 CMakeFiles/motor_controller.dir/pico-sdk/src/rp2_common/pico_stdio/stdio.c.obj
 .text.__wrap_putchar
                0x10005fc0       0xa0 CMakeFiles/motor_controller.dir/pico-sdk/src/rp2_common/pico_stdio/stdio.c.obj
                0x10005fc0                __wrap_putchar
 .text.__wrap_puts
                0x10006060       0xe8 CMakeFiles/motor_controller.dir/pico-sdk/src/rp2_common/pico_stdio/stdio.c.obj
                0x10006060                __wrap_puts
 .text._read    0x10006148       0x94 CMakeFiles/motor_controller.dir/pico-sdk/src/rp2_common/pico_stdio/stdio.c.obj
                0x10006148                _read
 .text._write   0x100061dc       0xb0 CMakeFiles/motor_controller.dir/pico-sdk/src/rp2_common/pico_stdio/stdio.c.obj
                0x100061dc                _write
 .text.stdio_set_driver_enabled
                0x1000628c       0x30 CMakeFiles/motor_controller.dir/pico-sdk/src/rp2_common/pico_stdio/stdio.c.obj
                0x1000628c                stdio_set_driver_enabled
 .text.__wrap_vprintf
                0x100062bc       0x94 CMakeFiles/motor_controller.dir/pico-sdk/src/rp2_common/pico_stdio/stdio.c.obj
                0x100062bc                __wrap_vprintf
 .text.__wrap_printf
                0x10006350       0x18 CMakeFiles/motor_controller.dir/pico-sdk/src/rp2_common/pico_stdio/stdio.c.obj
                0x10006350                __wrap_printf
 .text.stdio_init_all
                0x10006368        0x8 CMakeFiles/motor_controller.dir/pico-sdk/src/rp2_common/pico_stdio/stdio.c.obj
                0x10006368                stdio_init_all
 .text.resetd_init
                0x10006370        0x4 CMakeFiles/motor_controller.dir/pico-sdk/src/rp2_common/pico_stdio_usb/reset_interface.c.obj
 .text.resetd_reset
                0x10006374        0xc CMakeFiles/motor_controller.dir/pico-sdk/src/rp2_common/pico_stdio_usb/reset_interface.c.obj
 .text.resetd_xfer_cb
                0x10006380        0x4 CMakeFiles/motor_controller.dir/pico-sdk/src/rp2_common/pico_stdio_usb/reset_interface.c.obj
 .text.resetd_open
                0x10006384       0x28 CMakeFiles/motor_controller.dir/pico-sdk/src/rp2_common/pico_stdio_usb/reset_interface.c.obj
 .text.resetd_control_xfer_cb
                0x100063ac       0x64 CMakeFiles/motor_controller.dir/pico-sdk/src/rp2_common/pico_stdio_usb/reset_interface.c.obj
 .text.usbd_app_driver_get_cb
                0x10006410        0xc CMakeFiles/motor_controller.dir/pico-sdk/src/rp2_common/pico_stdio_usb/reset_interface.c.obj
                0x10006410                usbd_app_driver_get_cb
 .text.tud_cdc_line_coding_cb
                0x1000641c       0x34 CMakeFiles/motor_controller.dir/pico-sdk/src/rp2_common/pico_stdio_usb/reset_interface.c.obj
                0x1000641c                tud_cdc_line_coding_cb
 .text.stdio_usb_in_chars
                0x10006450       0x68 CMakeFiles/motor_controller.dir/pico-sdk/src/rp2_common/pico_stdio_usb/stdio_usb.c.obj
                0x10006450                stdio_usb_in_chars
 .text.timer_task
                0x100064b8       0x18 CMakeFiles/motor_controller.dir/pico-sdk/src/rp2_common/pico_stdio_usb/stdio_usb.c.obj
 .text.usb_irq  0x100064d0       0x10 CMakeFiles/motor_controller.dir/pico-sdk/src/rp2_common/pico_stdio_usb/stdio_usb.c.obj
 .text.low_priority_worker_irq
                0x100064e0       0x20 CMakeFiles/motor_controller.dir/pico-sdk/src/rp2_common/pico_stdio_usb/stdio_usb.c.obj
 .text.stdio_usb_out_chars
                0x10006500       0xf0 CMakeFiles/motor_controller.dir/pico-sdk/src/rp2_common/pico_stdio_usb/stdio_usb.c.obj
 .text.stdio_usb_init
                0x100065f0       0xb0 CMakeFiles/motor_controller.dir/pico-sdk/src/rp2_common/pico_stdio_usb/stdio_usb.c.obj
                0x100065f0                stdio_usb_init
 .text.tud_descriptor_device_cb
                0x100066a0        0x8 CMakeFiles/motor_controller.dir/pico-sdk/src/rp2_common/pico_stdio_usb/stdio_usb_descriptors.c.obj
                0x100066a0                tud_descriptor_device_cb
 .text.tud_descriptor_configuration_cb
                0x100066a8        0x8 CMakeFiles/motor_controller.dir/pico-sdk/src/rp2_common/pico_stdio_usb/stdio_usb_descriptors.c.obj
                0x100066a8                tud_descriptor_configuration_cb
 .text.tud_descriptor_string_cb
                0x100066b0       0x70 CMakeFiles/motor_controller.dir/pico-sdk/src/rp2_common/pico_stdio_usb/stdio_usb_descriptors.c.obj
                0x100066b0                tud_descriptor_string_cb
 .text.dcd_rp2040_irq
                0x10006720      0x21c CMakeFiles/motor_controller.dir/pico-sdk/lib/tinyusb/src/portable/raspberrypi/rp2040/dcd_rp2040.c.obj
 .text.dcd_int_enable
                0x1000693c        0xc CMakeFiles/motor_controller.dir/pico-sdk/lib/tinyusb/src/portable/raspberrypi/rp2040/dcd_rp2040.c.obj
                0x1000693c                dcd_int_enable
 .text.dcd_set_address
                0x10006948       0x14 CMakeFiles/motor_controller.dir/pico-sdk/lib/tinyusb/src/portable/raspberrypi/rp2040/dcd_rp2040.c.obj
                0x10006948                dcd_set_address
 .text.dcd_connect
                0x1000695c       0x10 CMakeFiles/motor_controller.dir/pico-sdk/lib/tinyusb/src/portable/raspberrypi/rp2040/dcd_rp2040.c.obj
                0x1000695c                dcd_connect
 .text.dcd_init
                0x1000696c      0x144 CMakeFiles/motor_controller.dir/pico-sdk/lib/tinyusb/src/portable/raspberrypi/rp2040/dcd_rp2040.c.obj
                0x1000696c                dcd_init
 .text.dcd_edpt0_status_complete
                0x10006ab0       0x1c CMakeFiles/motor_controller.dir/pico-sdk/lib/tinyusb/src/portable/raspberrypi/rp2040/dcd_rp2040.c.obj
                0x10006ab0                dcd_edpt0_status_complete
 .text.dcd_edpt_open
                0x10006acc       0xf0 CMakeFiles/motor_controller.dir/pico-sdk/lib/tinyusb/src/portable/raspberrypi/rp2040/dcd_rp2040.c.obj
                0x10006acc                dcd_edpt_open
 .text.dcd_edpt_close_all
                0x10006bbc       0xbc CMakeFiles/motor_controller.dir/pico-sdk/lib/tinyusb/src/portable/raspberrypi/rp2040/dcd_rp2040.c.obj
                0x10006bbc                dcd_edpt_close_all
 .text.dcd_edpt_xfer
                0x10006c78       0x24 CMakeFiles/motor_controller.dir/pico-sdk/lib/tinyusb/src/portable/raspberrypi/rp2040/dcd_rp2040.c.obj
                0x10006c78                dcd_edpt_xfer
 .text.dcd_edpt_stall
                0x10006c9c       0x34 CMakeFiles/motor_controller.dir/pico-sdk/lib/tinyusb/src/portable/raspberrypi/rp2040/dcd_rp2040.c.obj
                0x10006c9c                dcd_edpt_stall
 .text.dcd_edpt_clear_stall
                0x10006cd0       0x2c CMakeFiles/motor_controller.dir/pico-sdk/lib/tinyusb/src/portable/raspberrypi/rp2040/dcd_rp2040.c.obj
                0x10006cd0                dcd_edpt_clear_stall
 .text.rp2040_usb_init
                0x10006cfc       0x4c CMakeFiles/motor_controller.dir/pico-sdk/lib/tinyusb/src/portable/raspberrypi/rp2040/rp2040_usb.c.obj
                0x10006cfc                rp2040_usb_init
 .text.hw_endpoint_reset_transfer
                0x10006d48        0xc CMakeFiles/motor_controller.dir/pico-sdk/lib/tinyusb/src/portable/raspberrypi/rp2040/rp2040_usb.c.obj
                0x10006d48                hw_endpoint_reset_transfer
 .text._hw_endpoint_buffer_control_update32
                0x10006d54       0x58 CMakeFiles/motor_controller.dir/pico-sdk/lib/tinyusb/src/portable/raspberrypi/rp2040/rp2040_usb.c.obj
                0x10006d54                _hw_endpoint_buffer_control_update32
 .text.hw_endpoint_xfer_start
                0x10006dac      0x14c CMakeFiles/motor_controller.dir/pico-sdk/lib/tinyusb/src/portable/raspberrypi/rp2040/rp2040_usb.c.obj
                0x10006dac                hw_endpoint_xfer_start
 .text.hw_endpoint_xfer_continue
                0x10006ef8      0x200 CMakeFiles/motor_controller.dir/pico-sdk/lib/tinyusb/src/portable/raspberrypi/rp2040/rp2040_usb.c.obj
                0x10006ef8                hw_endpoint_xfer_continue
 .text.tud_mounted
                0x100070f8       0x10 CMakeFiles/motor_controller.dir/pico-sdk/lib/tinyusb/src/device/usbd.c.obj
                0x100070f8                tud_mounted
 .text.tud_suspended
                0x10007108       0x10 CMakeFiles/motor_controller.dir/pico-sdk/lib/tinyusb/src/device/usbd.c.obj
                0x10007108                tud_suspended
 .text.tud_inited
                0x10007118        0xc CMakeFiles/motor_controller.dir/pico-sdk/lib/tinyusb/src/device/usbd.c.obj
                0x10007118                tud_inited
 .text.tud_init
                0x10007124       0xdc CMakeFiles/motor_controller.dir/pico-sdk/lib/tinyusb/src/device/usbd.c.obj
                0x10007124                tud_init
 .text.tud_task
                0x10007200      0x938 CMakeFiles/motor_controller.dir/pico-sdk/lib/tinyusb/src/device/usbd.c.obj
                0x10007200                tud_task
 .text.dcd_event_bus_signal
                0x10007b38      0x124 CMakeFiles/motor_controller.dir/pico-sdk/lib/tinyusb/src/device/usbd.c.obj
                0x10007b38                dcd_event_bus_signal
 .text.dcd_event_bus_reset
                0x10007c5c       0x58 CMakeFiles/motor_controller.dir/pico-sdk/lib/tinyusb/src/device/usbd.c.obj
                0x10007c5c                dcd_event_bus_reset
 .text.dcd_event_setup_received
                0x10007cb4       0x50 CMakeFiles/motor_controller.dir/pico-sdk/lib/tinyusb/src/device/usbd.c.obj
                0x10007cb4                dcd_event_setup_received
 .text.dcd_event_xfer_complete
                0x10007d04       0x68 CMakeFiles/motor_controller.dir/pico-sdk/lib/tinyusb/src/device/usbd.c.obj
                0x10007d04                dcd_event_xfer_complete
 .text.usbd_open_edpt_pair
                0x10007d6c       0xa4 CMakeFiles/motor_controller.dir/pico-sdk/lib/tinyusb/src/device/usbd.c.obj
                0x10007d6c                usbd_open_edpt_pair
 .text.usbd_edpt_open
                0x10007e10       0x30 CMakeFiles/motor_controller.dir/pico-sdk/lib/tinyusb/src/device/usbd.c.obj
                0x10007e10                usbd_edpt_open
 .text.usbd_edpt_claim
                0x10007e40       0x5c CMakeFiles/motor_controller.dir/pico-sdk/lib/tinyusb/src/device/usbd.c.obj
                0x10007e40                usbd_edpt_claim
 .text.usbd_edpt_release
                0x10007e9c       0x4c CMakeFiles/motor_controller.dir/pico-sdk/lib/tinyusb/src/device/usbd.c.obj
                0x10007e9c                usbd_edpt_release
 .text.usbd_edpt_xfer
                0x10007ee8       0x48 CMakeFiles/motor_controller.dir/pico-sdk/lib/tinyusb/src/device/usbd.c.obj
                0x10007ee8                usbd_edpt_xfer
 .text.tud_control_status
                0x10007f30       0x30 CMakeFiles/motor_controller.dir/pico-sdk/lib/tinyusb/src/device/usbd_control.c.obj
                0x10007f30                tud_control_status
 .text.tud_control_xfer
                0x10007f60       0xb4 CMakeFiles/motor_controller.dir/pico-sdk/lib/tinyusb/src/device/usbd_control.c.obj
                0x10007f60                tud_control_xfer
 .text.usbd_control_reset
                0x10008014       0x14 CMakeFiles/motor_controller.dir/pico-sdk/lib/tinyusb/src/device/usbd_control.c.obj
                0x10008014                usbd_control_reset
 .text.usbd_control_set_complete_callback
                0x10008028        0xc CMakeFiles/motor_controller.dir/pico-sdk/lib/tinyusb/src/device/usbd_control.c.obj
                0x10008028                usbd_control_set_complete_callback
 .text.usbd_control_set_request
                0x10008034       0x1c CMakeFiles/motor_controller.dir/pico-sdk/lib/tinyusb/src/device/usbd_control.c.obj
                0x10008034                usbd_control_set_request
 .text.usbd_control_xfer_cb
                0x10008050       0xfc CMakeFiles/motor_controller.dir/pico-sdk/lib/tinyusb/src/device/usbd_control.c.obj
                0x10008050                usbd_control_xfer_cb
 .text.tud_cdc_n_connected
                0x1000814c       0x30 CMakeFiles/motor_controller.dir/pico-sdk/lib/tinyusb/src/class/cdc/cdc_device.c.obj
                0x1000814c                tud_cdc_n_connected
 .text.tud_cdc_n_available
                0x1000817c       0x1c CMakeFiles/motor_controller.dir/pico-sdk/lib/tinyusb/src/class/cdc/cdc_device.c.obj
                0x1000817c                tud_cdc_n_available
 .text.tud_cdc_n_read
                0x10008198       0x70 CMakeFiles/motor_controller.dir/pico-sdk/lib/tinyusb/src/class/cdc/cdc_device.c.obj
                0x10008198                tud_cdc_n_read
 .text.tud_cdc_n_write
                0x10008208       0x90 CMakeFiles/motor_controller.dir/pico-sdk/lib/tinyusb/src/class/cdc/cdc_device.c.obj
                0x10008208                tud_cdc_n_write
 .text.tud_cdc_n_write_flush
                0x10008298       0x78 CMakeFiles/motor_controller.dir/pico-sdk/lib/tinyusb/src/class/cdc/cdc_device.c.obj
                0x10008298                tud_cdc_n_write_flush
 .text.tud_cdc_n_write_available
                0x10008310       0x1c CMakeFiles/motor_controller.dir/pico-sdk/lib/tinyusb/src/class/cdc/cdc_device.c.obj
                0x10008310                tud_cdc_n_write_available
 .text.cdcd_init
                0x1000832c       0x7c CMakeFiles/motor_controller.dir/pico-sdk/lib/tinyusb/src/class/cdc/cdc_device.c.obj
                0x1000832c                cdcd_init
 .text.cdcd_reset
                0x100083a8       0x2c CMakeFiles/motor_controller.dir/pico-sdk/lib/tinyusb/src/class/cdc/cdc_device.c.obj
                0x100083a8                cdcd_reset
 .text.cdcd_open
                0x100083d4       0xe4 CMakeFiles/motor_controller.dir/pico-sdk/lib/tinyusb/src/class/cdc/cdc_device.c.obj
                0x100083d4                cdcd_open
 .text.cdcd_control_xfer_cb
                0x100084b8       0xe4 CMakeFiles/motor_controller.dir/pico-sdk/lib/tinyusb/src/class/cdc/cdc_device.c.obj
                0x100084b8                cdcd_control_xfer_cb
 .text.cdcd_xfer_cb
                0x1000859c      0x198 CMakeFiles/motor_controller.dir/pico-sdk/lib/tinyusb/src/class/cdc/cdc_device.c.obj
                0x1000859c                cdcd_xfer_cb
 .text.tusb_init
                0x10008734        0xc CMakeFiles/motor_controller.dir/pico-sdk/lib/tinyusb/src/tusb.c.obj
                0x10008734                tusb_init
 .text.tusb_inited
                0x10008740        0x8 CMakeFiles/motor_controller.dir/pico-sdk/lib/tinyusb/src/tusb.c.obj
                0x10008740                tusb_inited
 .text.tu_edpt_validate
                0x10008748       0x78 CMakeFiles/motor_controller.dir/pico-sdk/lib/tinyusb/src/tusb.c.obj
                0x10008748                tu_edpt_validate
 .text.tu_edpt_bind_driver
                0x100087c0       0x2c CMakeFiles/motor_controller.dir/pico-sdk/lib/tinyusb/src/tusb.c.obj
                0x100087c0                tu_edpt_bind_driver
 .text.tu_fifo_config
                0x100087ec       0x78 CMakeFiles/motor_controller.dir/pico-sdk/lib/tinyusb/src/common/tusb_fifo.c.obj
                0x100087ec                tu_fifo_config
 .text.tu_fifo_count
                0x10008864       0x24 CMakeFiles/motor_controller.dir/pico-sdk/lib/tinyusb/src/common/tusb_fifo.c.obj
                0x10008864                tu_fifo_count
 .text.tu_fifo_empty
                0x10008888       0x10 CMakeFiles/motor_controller.dir/pico-sdk/lib/tinyusb/src/common/tusb_fifo.c.obj
                0x10008888                tu_fifo_empty
 .text.tu_fifo_remaining
                0x10008898       0x20 CMakeFiles/motor_controller.dir/pico-sdk/lib/tinyusb/src/common/tusb_fifo.c.obj
                0x10008898                tu_fifo_remaining
 .text.tu_fifo_read
                0x100088b8       0x9c CMakeFiles/motor_controller.dir/pico-sdk/lib/tinyusb/src/common/tusb_fifo.c.obj
                0x100088b8                tu_fifo_read
 .text.tu_fifo_read_n
                0x10008954       0xf0 CMakeFiles/motor_controller.dir/pico-sdk/lib/tinyusb/src/common/tusb_fifo.c.obj
                0x10008954                tu_fifo_read_n
 .text.tu_fifo_write
                0x10008a44       0x80 CMakeFiles/motor_controller.dir/pico-sdk/lib/tinyusb/src/common/tusb_fifo.c.obj
                0x10008a44                tu_fifo_write
 .text.tu_fifo_write_n
                0x10008ac4       0xe8 CMakeFiles/motor_controller.dir/pico-sdk/lib/tinyusb/src/common/tusb_fifo.c.obj
                0x10008ac4                tu_fifo_write_n
 .text.tu_fifo_clear
                0x10008bac       0x4c CMakeFiles/motor_controller.dir/pico-sdk/lib/tinyusb/src/common/tusb_fifo.c.obj
                0x10008bac                tu_fifo_clear
 .text.tu_fifo_set_overwritable
                0x10008bf8       0x3c CMakeFiles/motor_controller.dir/pico-sdk/lib/tinyusb/src/common/tusb_fifo.c.obj
                0x10008bf8                tu_fifo_set_overwritable
 .text.startup._retrieve_unique_id_on_boot
                0x10008c34       0x10 CMakeFiles/motor_controller.dir/pico-sdk/src/rp2_common/pico_unique_id/unique_id.c.obj
 .text.pico_get_unique_board_id_string
                0x10008c44      0x1cc CMakeFiles/motor_controller.dir/pico-sdk/src/rp2_common/pico_unique_id/unique_id.c.obj
                0x10008c44                pico_get_unique_board_id_string
 .text.flash_get_unique_id
                0x10008e10       0x3c CMakeFiles/motor_controller.dir/pico-sdk/src/rp2_common/hardware_flash/flash.c.obj
                0x10008e10                flash_get_unique_id
 .text          0x10008e4c       0x58 /usr/lib/gcc/arm-none-eabi/7.3.1/../../../arm-none-eabi/lib/thumb/v6-m/libc.a(lib_a-callocr.o)
                0x10008e4c                _calloc_r
 .text          0x10008ea4      0x570 /usr/lib/gcc/arm-none-eabi/7.3.1/../../../arm-none-eabi/lib/thumb/v6-m/libc.a(lib_a-mallocr.o)
                0x10008ea4                _malloc_r
 .text          0x10009414        0x8 /usr/lib/gcc/arm-none-eabi/7.3.1/../../../arm-none-eabi/lib/thumb/v6-m/libc.a(lib_a-mlock.o)
                0x10009414                __malloc_lock
                0x10009418                __malloc_unlock
 .text          0x1000941c      0x3b0 /usr/lib/gcc/arm-none-eabi/7.3.1/../../../arm-none-eabi/lib/thumb/v6-m/libc.a(lib_a-reallocr.o)
                0x1000941c                _realloc_r
 .text          0x100097cc       0x24 /usr/lib/gcc/arm-none-eabi/7.3.1/../../../arm-none-eabi/lib/thumb/v6-m/libc.a(lib_a-sbrkr.o)
                0x100097cc                _sbrk_r
 .text          0x100097f0       0x40 /usr/lib/gcc/arm-none-eabi/7.3.1/../../../arm-none-eabi/lib/thumb/v6-m/libc.a(lib_a-scanf.o)
                0x100097f0                scanf
                0x10009814                _scanf_r
 .text          0x10009830       0x64 /usr/lib/gcc/arm-none-eabi/7.3.1/../../../arm-none-eabi/lib/thumb/v6-m/libc.a(lib_a-strlen-stub.o)
                0x10009830                strlen
 .text          0x10009894     0x1020 /usr/lib/gcc/arm-none-eabi/7.3.1/../../../arm-none-eabi/lib/thumb/v6-m/libc.a(lib_a-vfscanf.o)
                0x10009894                __svfscanf_r
                0x1000a844                vfscanf
                0x1000a874                __svfscanf
                0x1000a88c                _vfscanf_r
 .text          0x1000a8b4      0x224 /usr/lib/gcc/arm-none-eabi/7.3.1/../../../arm-none-eabi/lib/thumb/v6-m/libc.a(lib_a-findfp.o)
                0x1000a8b8                _cleanup_r
                0x1000a9b4                __sfmoreglue
                0x1000a9e4                __sfp
                0x1000aa70                _cleanup
                0x1000aa88                __sinit
                0x1000aa98                __sfp_lock_acquire
                0x1000aa9c                __sfp_lock_release
                0x1000aaa0                __sinit_lock_acquire
                0x1000aaa4                __sinit_lock_release
                0x1000aaa8                __fp_lock_all
                0x1000aac0                __fp_unlock_all
 .text          0x1000aad8      0x1ac /usr/lib/gcc/arm-none-eabi/7.3.1/../../../arm-none-eabi/lib/thumb/v6-m/libc.a(lib_a-fread.o)
                0x1000aad8                _fread_r
                0x1000ac64                fread
 .text          0x1000ac84      0x274 /usr/lib/gcc/arm-none-eabi/7.3.1/../../../arm-none-eabi/lib/thumb/v6-m/libc.a(lib_a-freer.o)
                0x1000ac84                _malloc_trim_r
                0x1000ad24                _free_r
 .text          0x1000aef8       0x90 /usr/lib/gcc/arm-none-eabi/7.3.1/../../../arm-none-eabi/lib/thumb/v6-m/libc.a(lib_a-fwalk.o)
                0x1000aef8                _fwalk
                0x1000af3c                _fwalk_reent
 .text          0x1000af88        0xc /usr/lib/gcc/arm-none-eabi/7.3.1/../../../arm-none-eabi/lib/thumb/v6-m/libc.a(lib_a-iswspace.o)
                0x1000af88                iswspace
 .text          0x1000af94       0x18 /usr/lib/gcc/arm-none-eabi/7.3.1/../../../arm-none-eabi/lib/thumb/v6-m/libc.a(lib_a-iswspace_l.o)
                0x1000af94                iswspace_l
 .text          0x1000afac       0x6c /usr/lib/gcc/arm-none-eabi/7.3.1/../../../arm-none-eabi/lib/thumb/v6-m/libc.a(lib_a-locale.o)
                0x1000afac                _setlocale_r
                0x1000aff0                __locale_mb_cur_max
                0x1000b000                setlocale
 .text          0x1000b018       0x14 /usr/lib/gcc/arm-none-eabi/7.3.1/../../../arm-none-eabi/lib/thumb/v6-m/libc.a(lib_a-localeconv.o)
                0x1000b018                __localeconv_l
                0x1000b01c                _localeconv_r
                0x1000b024                localeconv
 .text          0x1000b02c       0x94 /usr/lib/gcc/arm-none-eabi/7.3.1/../../../arm-none-eabi/lib/thumb/v6-m/libc.a(lib_a-mbrtowc.o)
                0x1000b02c                _mbrtowc_r
                0x1000b074                mbrtowc
 .text          0x1000b0c0       0x44 /usr/lib/gcc/arm-none-eabi/7.3.1/../../../arm-none-eabi/lib/thumb/v6-m/libc.a(lib_a-mbtowc_r.o)
                0x1000b0c0                _mbtowc_r
                0x1000b0d8                __ascii_mbtowc
 .text          0x1000b104      0x140 /usr/lib/gcc/arm-none-eabi/7.3.1/../../../arm-none-eabi/lib/thumb/v6-m/libc.a(lib_a-refill.o)
                0x1000b120                __srefill_r
 .text          0x1000b244       0x6c /usr/lib/gcc/arm-none-eabi/7.3.1/../../../arm-none-eabi/lib/thumb/v6-m/libc.a(lib_a-sccl.o)
                0x1000b244                __sccl
 .text          0x1000b2b0        0x8 /usr/lib/gcc/arm-none-eabi/7.3.1/../../../arm-none-eabi/lib/thumb/v6-m/libc.a(lib_a-sf_nan.o)
                0x1000b2b0                nanf
 .text          0x1000b2b8       0xa0 /usr/lib/gcc/arm-none-eabi/7.3.1/../../../arm-none-eabi/lib/thumb/v6-m/libc.a(lib_a-stdio.o)
                0x1000b2b8                __sread
                0x1000b2e0                __seofread
                0x1000b2e4                __swrite
                0x1000b320                __sseek
                0x1000b34c                __sclose
 .text          0x1000b358       0x88 /usr/lib/gcc/arm-none-eabi/7.3.1/../../../arm-none-eabi/lib/thumb/v6-m/libc.a(lib_a-strcmp.o)
                0x1000b358                strcmp
 .text          0x1000b3e0     0x1034 /usr/lib/gcc/arm-none-eabi/7.3.1/../../../arm-none-eabi/lib/thumb/v6-m/libc.a(lib_a-strtod.o)
                0x1000b3e0                _strtod_l
                0x1000c26c                _strtod_r
                0x1000c27c                strtod_l
                0x1000c294                strtod
                0x1000c2b0                strtof_l
                0x1000c360                strtof
 .text.unlikely
                0x1000c414       0x30 /usr/lib/gcc/arm-none-eabi/7.3.1/../../../arm-none-eabi/lib/thumb/v6-m/libc.a(lib_a-strtod.o)
 .text          0x1000c444      0x170 /usr/lib/gcc/arm-none-eabi/7.3.1/../../../arm-none-eabi/lib/thumb/v6-m/libc.a(lib_a-strtol.o)
                0x1000c57c                _strtol_r
                0x1000c584                strtol_l
                0x1000c59c                strtol
 .text          0x1000c5b4      0x1e4 /usr/lib/gcc/arm-none-eabi/7.3.1/../../../arm-none-eabi/lib/thumb/v6-m/libc.a(lib_a-strtoll.o)
                0x1000c760                _strtoll_r
                0x1000c768                strtoll_l
                0x1000c780                strtoll
 .text          0x1000c798      0x180 /usr/lib/gcc/arm-none-eabi/7.3.1/../../../arm-none-eabi/lib/thumb/v6-m/libc.a(lib_a-strtoul.o)
                0x1000c8e0                _strtoul_r
                0x1000c8e8                strtoul_l
                0x1000c900                strtoul
 .text          0x1000c918      0x204 /usr/lib/gcc/arm-none-eabi/7.3.1/../../../arm-none-eabi/lib/thumb/v6-m/libc.a(lib_a-strtoull.o)
                0x1000cae4                _strtoull_r
                0x1000caec                strtoull_l
                0x1000cb04                strtoull
 .text          0x1000cb1c      0x184 /usr/lib/gcc/arm-none-eabi/7.3.1/../../../arm-none-eabi/lib/thumb/v6-m/libc.a(lib_a-ungetc.o)
                0x1000cb1c                __submore
                0x1000cba0                _ungetc_r
                0x1000cc88                ungetc
 .text          0x1000cca0       0x2c /usr/lib/gcc/arm-none-eabi/7.3.1/../../../arm-none-eabi/lib/thumb/v6-m/libc.a(lib_a-wctomb_r.o)
                0x1000cca0                _wctomb_r
                0x1000ccb0                __ascii_wctomb
 .text          0x1000cccc       0x28 /usr/lib/gcc/arm-none-eabi/7.3.1/../../../arm-none-eabi/lib/thumb/v6-m/libc.a(lib_a-writer.o)
                0x1000cccc                _write_r
 .text          0x1000ccf4       0x24 /usr/lib/gcc/arm-none-eabi/7.3.1/../../../arm-none-eabi/lib/thumb/v6-m/libc.a(lib_a-closer.o)
                0x1000ccf4                _close_r
 .text          0x1000cd18       0xa8 /usr/lib/gcc/arm-none-eabi/7.3.1/../../../arm-none-eabi/lib/thumb/v6-m/libc.a(lib_a-fclose.o)
                0x1000cd18                _fclose_r
                0x1000cdac                fclose
 .text          0x1000cdc0      0x1a4 /usr/lib/gcc/arm-none-eabi/7.3.1/../../../arm-none-eabi/lib/thumb/v6-m/libc.a(lib_a-fflush.o)
                0x1000cdc0                __sflush_r
                0x1000cf10                _fflush_r
                0x1000cf3c                fflush
 .text          0x1000cf64      0x5ec /usr/lib/gcc/arm-none-eabi/7.3.1/../../../arm-none-eabi/lib/thumb/v6-m/libc.a(lib_a-gdtoa-gethex.o)
                0x1000d00c                __gethex
 .text          0x1000d550      0x1cc /usr/lib/gcc/arm-none-eabi/7.3.1/../../../arm-none-eabi/lib/thumb/v6-m/libc.a(lib_a-gdtoa-hexnan.o)
                0x1000d550                __match
                0x1000d57c                __hexnan
 .text          0x1000d71c       0x28 /usr/lib/gcc/arm-none-eabi/7.3.1/../../../arm-none-eabi/lib/thumb/v6-m/libc.a(lib_a-lseekr.o)
                0x1000d71c                _lseek_r
 .text          0x1000d744       0xf0 /usr/lib/gcc/arm-none-eabi/7.3.1/../../../arm-none-eabi/lib/thumb/v6-m/libc.a(lib_a-makebuf.o)
                0x1000d744                __swhatbuf_r
                0x1000d7a4                __smakebuf_r
 .text          0x1000d834      0x984 /usr/lib/gcc/arm-none-eabi/7.3.1/../../../arm-none-eabi/lib/thumb/v6-m/libc.a(lib_a-mprec.o)
                0x1000d834                _Balloc
                0x1000d884                _Bfree
                0x1000d898                __multadd
                0x1000d924                __s2b
                0x1000d9b4                __hi0bits
                0x1000d9ec                __lo0bits
                0x1000da48                __i2b
                0x1000da5c                __multiply
                0x1000dbd4                __pow5mult
                0x1000dc94                __lshift
                0x1000dd5c                __mcmp
                0x1000dd90                __mdiff
                0x1000deb4                __ulp
                0x1000df00                __b2d
                0x1000dfbc                __d2b
                0x1000e078                __ratio
                0x1000e0ec                _mprec_log10
                0x1000e120                __copybits
                0x1000e160                __any_on
 .text          0x1000e1b8       0x28 /usr/lib/gcc/arm-none-eabi/7.3.1/../../../arm-none-eabi/lib/thumb/v6-m/libc.a(lib_a-readr.o)
                0x1000e1b8                _read_r
 .text          0x1000e1e0        0xc /usr/lib/gcc/arm-none-eabi/7.3.1/../../../arm-none-eabi/lib/thumb/v6-m/libc.a(lib_a-s_nan.o)
                0x1000e1e0                nan
 .text          0x1000e1ec       0x8c /usr/lib/gcc/arm-none-eabi/7.3.1/../../../arm-none-eabi/lib/thumb/v6-m/libc.a(lib_a-strncmp.o)
                0x1000e1ec                strncmp
 .text          0x1000e278       0x28 /usr/lib/gcc/arm-none-eabi/7.3.1/../../../arm-none-eabi/lib/thumb/v6-m/libc.a(lib_a-fstatr.o)
                0x1000e278                _fstat_r
 .text          0x1000e2a0       0x24 /usr/lib/gcc/arm-none-eabi/7.3.1/../../../arm-none-eabi/lib/thumb/v6-m/libc.a(lib_a-isattyr.o)
                0x1000e2a0                _isatty_r
 .text          0x1000e2c4       0x10 /usr/lib/gcc/arm-none-eabi/7.3.1/../../../arm-none-eabi/lib/thumb/v6-m/libnosys.a(close.o)
                0x1000e2c4                _close
 .text          0x1000e2d4       0x10 /usr/lib/gcc/arm-none-eabi/7.3.1/../../../arm-none-eabi/lib/thumb/v6-m/libnosys.a(fstat.o)
                0x1000e2d4                _fstat
 .text          0x1000e2e4       0x10 /usr/lib/gcc/arm-none-eabi/7.3.1/../../../arm-none-eabi/lib/thumb/v6-m/libnosys.a(isatty.o)
                0x1000e2e4                _isatty
 .text          0x1000e2f4       0x10 /usr/lib/gcc/arm-none-eabi/7.3.1/../../../arm-none-eabi/lib/thumb/v6-m/libnosys.a(lseek.o)
                0x1000e2f4                _lseek
 *(.fini)
 .fini          0x1000e304        0x4 /usr/lib/gcc/arm-none-eabi/7.3.1/thumb/v6-m/crti.o
                0x1000e304                _fini
 .fini.__stub   0x1000e308       0x80 linker stubs
 *crtbegin.o(.ctors)
 *crtbegin?.o(.ctors)
 *(EXCLUDE_FILE(*crtend.o *crtend?.o) .ctors)
 *(SORT_BY_NAME(.ctors.*))
 *(.ctors)
 *crtbegin.o(.dtors)
 *crtbegin?.o(.dtors)
 *(EXCLUDE_FILE(*crtend.o *crtend?.o) .dtors)
 *(SORT_BY_NAME(.dtors.*))
 *(.dtors)
 *(.eh_frame*)
 .eh_frame      0x1000e388        0x0 /usr/lib/gcc/arm-none-eabi/7.3.1/thumb/v6-m/crtbegin.o
                0x1000e388                . = ALIGN (0x4)

.glue_7         0x1000e388        0x0
 .glue_7        0x1000e388        0x0 linker stubs

.glue_7t        0x1000e388        0x0
 .glue_7t       0x1000e388        0x0 linker stubs

.vfp11_veneer   0x1000e388        0x0
 .vfp11_veneer  0x1000e388        0x0 linker stubs

.v4_bx          0x1000e388        0x0
 .v4_bx         0x1000e388        0x0 linker stubs

.iplt           0x1000e388        0x0
 .iplt          0x1000e388        0x0 /usr/lib/gcc/arm-none-eabi/7.3.1/thumb/v6-m/crtbegin.o

.rodata         0x1000e388      0xdd0
 *(EXCLUDE_FILE(*libm.a: *libc.a:*lib_a-mem*.o *libgcc.a:) .rodata*)
 .rodata.read_stream.str1.4
                0x1000e388       0x17 CMakeFiles/motor_controller.dir/motor_controller/motor_controller.c.obj
 *fill*         0x1000e39f        0x1 
 .rodata.spin_lock_claim_unused.str1.4
                0x1000e3a0       0x1b CMakeFiles/motor_controller.dir/pico-sdk/src/rp2_common/hardware_sync/sync.c.obj
 *fill*         0x1000e3bb        0x1 
 .rodata.user_irq_claim_unused.str1.4
                0x1000e3bc       0x1b CMakeFiles/motor_controller.dir/pico-sdk/src/rp2_common/hardware_irq/irq.c.obj
 *fill*         0x1000e3d7        0x1 
 .rodata.at_the_end_of_time
                0x1000e3d8        0x8 CMakeFiles/motor_controller.dir/pico-sdk/src/common/pico_time/time.c.obj
                0x1000e3d8                at_the_end_of_time
 .rodata.hardware_alarm_claim.str1.4
                0x1000e3e0       0x22 CMakeFiles/motor_controller.dir/pico-sdk/src/rp2_common/hardware_timer/timer.c.obj
 *fill*         0x1000e402        0x2 
 .rodata.hard_assertion_failure.str1.4
                0x1000e404        0xc CMakeFiles/motor_controller.dir/pico-sdk/src/rp2_common/pico_runtime/runtime.c.obj
 .rodata.panic.str1.4
                0x1000e410       0x12 CMakeFiles/motor_controller.dir/pico-sdk/src/rp2_common/pico_runtime/runtime.c.obj
 *fill*         0x1000e422        0x2 
 .rodata._vsnprintf
                0x1000e424      0x1e0 CMakeFiles/motor_controller.dir/pico-sdk/src/rp2_common/pico_printf/printf.c.obj
 .rodata._etoa.part.0.str1.4
                0x1000e604        0x9 CMakeFiles/motor_controller.dir/pico-sdk/src/rp2_common/pico_printf/printf.c.obj
 *fill*         0x1000e60d        0x3 
 .rodata._ftoa.str1.4
                0x1000e610        0xc CMakeFiles/motor_controller.dir/pico-sdk/src/rp2_common/pico_printf/printf.c.obj
 *fill*         0x1000e61c        0x4 
 .rodata.pow10.5391
                0x1000e620       0x50 CMakeFiles/motor_controller.dir/pico-sdk/src/rp2_common/pico_printf/printf.c.obj
 .rodata.missing_double_func_shim.str1.4
                0x1000e670       0x18 CMakeFiles/motor_controller.dir/pico-sdk/src/rp2_common/pico_double/double_init_rom.c.obj
 .rodata.missing_float_func_shim.str1.4
                0x1000e688       0x18 CMakeFiles/motor_controller.dir/pico-sdk/src/rp2_common/pico_float/float_init_rom.c.obj
                                  0x1 (size before relaxing)
 .rodata.__bi_44
                0x1000e688        0xc CMakeFiles/motor_controller.dir/pico-sdk/src/rp2_common/pico_standard_link/binary_info.c.obj
 .rodata.__bi_75
                0x1000e694        0xc CMakeFiles/motor_controller.dir/pico-sdk/src/rp2_common/pico_standard_link/binary_info.c.obj
 .rodata.__bi_81
                0x1000e6a0        0xc CMakeFiles/motor_controller.dir/pico-sdk/src/rp2_common/pico_standard_link/binary_info.c.obj
 .rodata.str1.4
                0x1000e6ac       0x48 CMakeFiles/motor_controller.dir/pico-sdk/src/rp2_common/pico_standard_link/binary_info.c.obj
 .rodata.crlf_str.5860
                0x1000e6f4        0x2 CMakeFiles/motor_controller.dir/pico-sdk/src/rp2_common/pico_stdio/stdio.c.obj
 *fill*         0x1000e6f6        0x2 
 .rodata._resetd_driver
                0x1000e6f8       0x18 CMakeFiles/motor_controller.dir/pico-sdk/src/rp2_common/pico_stdio_usb/reset_interface.c.obj
 .rodata.__bi_118.7154
                0x1000e710        0xc CMakeFiles/motor_controller.dir/pico-sdk/src/rp2_common/pico_stdio_usb/stdio_usb.c.obj
 .rodata.str1.4
                0x1000e71c       0x13 CMakeFiles/motor_controller.dir/pico-sdk/src/rp2_common/pico_stdio_usb/stdio_usb.c.obj
 *fill*         0x1000e72f        0x1 
 .rodata.str1.4
                0x1000e730       0x2a CMakeFiles/motor_controller.dir/pico-sdk/src/rp2_common/pico_stdio_usb/stdio_usb_descriptors.c.obj
 *fill*         0x1000e75a        0x2 
 .rodata.usbd_desc_cfg
                0x1000e75c       0x54 CMakeFiles/motor_controller.dir/pico-sdk/src/rp2_common/pico_stdio_usb/stdio_usb_descriptors.c.obj
 .rodata.usbd_desc_device
                0x1000e7b0       0x12 CMakeFiles/motor_controller.dir/pico-sdk/src/rp2_common/pico_stdio_usb/stdio_usb_descriptors.c.obj
 *fill*         0x1000e7c2        0x2 
 .rodata.usbd_desc_str
                0x1000e7c4       0x18 CMakeFiles/motor_controller.dir/pico-sdk/src/rp2_common/pico_stdio_usb/stdio_usb_descriptors.c.obj
 .rodata.dcd_rp2040_irq.str1.4
                0x1000e7dc       0x14 CMakeFiles/motor_controller.dir/pico-sdk/lib/tinyusb/src/portable/raspberrypi/rp2040/dcd_rp2040.c.obj
 .rodata._hw_endpoint_buffer_control_update32.str1.4
                0x1000e7f0       0x1f CMakeFiles/motor_controller.dir/pico-sdk/lib/tinyusb/src/portable/raspberrypi/rp2040/rp2040_usb.c.obj
 *fill*         0x1000e80f        0x1 
 .rodata.hw_endpoint_xfer_continue.str1.4
                0x1000e810       0x29 CMakeFiles/motor_controller.dir/pico-sdk/lib/tinyusb/src/portable/raspberrypi/rp2040/rp2040_usb.c.obj
 *fill*         0x1000e839        0x3 
 .rodata.str1.4
                0x1000e83c        0x7 CMakeFiles/motor_controller.dir/pico-sdk/lib/tinyusb/src/portable/raspberrypi/rp2040/rp2040_usb.c.obj
 *fill*         0x1000e843        0x1 
 .rodata.tud_task
                0x1000e844       0x8c CMakeFiles/motor_controller.dir/pico-sdk/lib/tinyusb/src/device/usbd.c.obj
 .rodata._usbd_driver
                0x1000e8d0       0x18 CMakeFiles/motor_controller.dir/pico-sdk/lib/tinyusb/src/device/usbd.c.obj
 .rodata        0x1000e8e8        0x4 /usr/lib/gcc/arm-none-eabi/7.3.1/../../../arm-none-eabi/lib/thumb/v6-m/libc.a(lib_a-impure.o)
                0x1000e8e8                _global_impure_ptr
 .rodata        0x1000e8ec      0x3e6 /usr/lib/gcc/arm-none-eabi/7.3.1/../../../arm-none-eabi/lib/thumb/v6-m/libc.a(lib_a-vfscanf.o)
 *fill*         0x1000ecd2        0x2 
 .rodata.str1.4
                0x1000ecd4        0x5 /usr/lib/gcc/arm-none-eabi/7.3.1/../../../arm-none-eabi/lib/thumb/v6-m/libc.a(lib_a-vfscanf.o)
                                  0x9 (size before relaxing)
 *fill*         0x1000ecd9        0x3 
 .rodata        0x1000ecdc      0x101 /usr/lib/gcc/arm-none-eabi/7.3.1/../../../arm-none-eabi/lib/thumb/v6-m/libc.a(lib_a-ctype_.o)
                0x1000ecdc                _ctype_
 *fill*         0x1000eddd        0x3 
 .rodata.str1.4
                0x1000ede0        0xa /usr/lib/gcc/arm-none-eabi/7.3.1/../../../arm-none-eabi/lib/thumb/v6-m/libc.a(lib_a-locale.o)
                                 0x12 (size before relaxing)
 .rodata.str1.4
                0x1000edea        0x1 /usr/lib/gcc/arm-none-eabi/7.3.1/../../../arm-none-eabi/lib/thumb/v6-m/libc.a(lib_a-mbrtowc.o)
 *fill*         0x1000edea        0x6 
 .rodata        0x1000edf0      0x120 /usr/lib/gcc/arm-none-eabi/7.3.1/../../../arm-none-eabi/lib/thumb/v6-m/libc.a(lib_a-strtod.o)
 .rodata.str1.4
                0x1000ef10       0x10 /usr/lib/gcc/arm-none-eabi/7.3.1/../../../arm-none-eabi/lib/thumb/v6-m/libc.a(lib_a-strtod.o)
                                 0x11 (size before relaxing)
 .rodata        0x1000ef20      0x100 /usr/lib/gcc/arm-none-eabi/7.3.1/../../../arm-none-eabi/lib/thumb/v6-m/libc.a(lib_a-gdtoa-gethex.o)
                0x1000ef20                __hexdig
 .rodata        0x1000f020        0xc /usr/lib/gcc/arm-none-eabi/7.3.1/../../../arm-none-eabi/lib/thumb/v6-m/libc.a(lib_a-lnumeric.o)
                0x1000f020                _C_numeric_locale
 .rodata.str1.4
                0x1000f02c        0x5 /usr/lib/gcc/arm-none-eabi/7.3.1/../../../arm-none-eabi/lib/thumb/v6-m/libc.a(lib_a-lnumeric.o)
 *fill*         0x1000f02c        0x4 
 .rodata        0x1000f030      0x128 /usr/lib/gcc/arm-none-eabi/7.3.1/../../../arm-none-eabi/lib/thumb/v6-m/libc.a(lib_a-mprec.o)
                0x1000f040                __mprec_tinytens
                0x1000f068                __mprec_bigtens
                0x1000f090                __mprec_tens
                0x1000f158                . = ALIGN (0x4)
 *(SORT_BY_ALIGNMENT(SORT_BY_NAME(.flashdata*)))
                0x1000f158                . = ALIGN (0x4)

.rel.dyn        0x1000f158        0x0
 .rel.iplt      0x1000f158        0x0 /usr/lib/gcc/arm-none-eabi/7.3.1/thumb/v6-m/crtbegin.o

.ARM.extab
 *(.ARM.extab* .gnu.linkonce.armextab.*)
                0x1000f158                __exidx_start = .

.ARM.exidx
 *(.ARM.exidx* .gnu.linkonce.armexidx.*)
                0x1000f158                __exidx_end = .
                0x1000f158                . = ALIGN (0x4)
                0x1000f158                __binary_info_start = .

.binary_info    0x1000f158       0x20
 *(.binary_info.keep.*)
 .binary_info.keep.__bi_ptr22
                0x1000f158        0x4 CMakeFiles/motor_controller.dir/pico-sdk/src/rp2_common/pico_standard_link/binary_info.c.obj
 .binary_info.keep.__bi_ptr30
                0x1000f15c        0x4 CMakeFiles/motor_controller.dir/pico-sdk/src/rp2_common/pico_standard_link/binary_info.c.obj
 .binary_info.keep.__bi_ptr38
                0x1000f160        0x4 CMakeFiles/motor_controller.dir/pico-sdk/src/rp2_common/pico_standard_link/binary_info.c.obj
 .binary_info.keep.__bi_ptr44
                0x1000f164        0x4 CMakeFiles/motor_controller.dir/pico-sdk/src/rp2_common/pico_standard_link/binary_info.c.obj
 .binary_info.keep.__bi_ptr50
                0x1000f168        0x4 CMakeFiles/motor_controller.dir/pico-sdk/src/rp2_common/pico_standard_link/binary_info.c.obj
 .binary_info.keep.__bi_ptr75
                0x1000f16c        0x4 CMakeFiles/motor_controller.dir/pico-sdk/src/rp2_common/pico_standard_link/binary_info.c.obj
 .binary_info.keep.__bi_ptr81
                0x1000f170        0x4 CMakeFiles/motor_controller.dir/pico-sdk/src/rp2_common/pico_standard_link/binary_info.c.obj
 *(.binary_info.*)
 .binary_info.__bi_ptr118
                0x1000f174        0x4 CMakeFiles/motor_controller.dir/pico-sdk/src/rp2_common/pico_stdio_usb/stdio_usb.c.obj
                0x1000f178                __binary_info_end = .
                0x1000f178                . = ALIGN (0x4)
                0x1000f178                __etext = .

.ram_vector_table
                0x20000000       0xc0
 *(.ram_vector_table)
 .ram_vector_table
                0x20000000       0xc0 CMakeFiles/motor_controller.dir/pico-sdk/src/rp2_common/pico_runtime/runtime.c.obj
                0x20000000                ram_vector_table

.data           0x200000c0      0xdf0 load address 0x1000f178
                0x200000c0                __data_start__ = .
 *(vtable)
 *(.time_critical*)
 .time_critical.mutex_enter_blocking
                0x200000c0       0x48 CMakeFiles/motor_controller.dir/pico-sdk/src/common/pico_sync/mutex.c.obj
                0x200000c0                mutex_enter_blocking
 .time_critical.mutex_try_enter
                0x20000108       0x48 CMakeFiles/motor_controller.dir/pico-sdk/src/common/pico_sync/mutex.c.obj
                0x20000108                mutex_try_enter
 .time_critical.mutex_enter_timeout_ms
                0x20000150       0x98 CMakeFiles/motor_controller.dir/pico-sdk/src/common/pico_sync/mutex.c.obj
                0x20000150                mutex_enter_timeout_ms
 .time_critical.mutex_exit
                0x200001e8       0x28 CMakeFiles/motor_controller.dir/pico-sdk/src/common/pico_sync/mutex.c.obj
                0x200001e8                mutex_exit
 .time_critical.flash_init_boot2_copyout
                0x20000210       0x34 CMakeFiles/motor_controller.dir/pico-sdk/src/rp2_common/hardware_flash/flash.c.obj
 .time_critical.flash_enable_xip_via_boot2
                0x20000244       0x10 CMakeFiles/motor_controller.dir/pico-sdk/src/rp2_common/hardware_flash/flash.c.obj
 .time_critical.flash_cs_force
                0x20000254       0x38 CMakeFiles/motor_controller.dir/pico-sdk/src/rp2_common/hardware_flash/flash.c.obj
 .time_critical.flash_do_cmd
                0x2000028c       0xac CMakeFiles/motor_controller.dir/pico-sdk/src/rp2_common/hardware_flash/flash.c.obj
                0x2000028c                flash_do_cmd
 *(.text*)
 .text          0x20000338        0x4 /usr/lib/gcc/arm-none-eabi/7.3.1/thumb/v6-m/libgcc.a(_dvmd_tls.o)
                0x20000338                __aeabi_ldiv0
                0x20000338                __aeabi_idiv0
 .text          0x2000033c       0x9c /usr/lib/gcc/arm-none-eabi/7.3.1/../../../arm-none-eabi/lib/thumb/v6-m/libc.a(lib_a-memmove.o)
                0x2000033c                memmove
 .text.__stub   0x200003d8       0x30 linker stubs
                0x20000408                . = ALIGN (0x4)
 *(.rodata*)
                0x20000408                . = ALIGN (0x4)
 *(.data*)
 .data.striped_spin_lock_num
                0x20000408        0x1 CMakeFiles/motor_controller.dir/pico-sdk/src/rp2_common/hardware_sync/sync.c.obj
 *fill*         0x20000409        0x3 
 .data          0x2000040c       0x48 CMakeFiles/motor_controller.dir/pico-sdk/src/rp2_common/hardware_irq/irq_handler_chain.S.obj
                0x2000040c                irq_handler_chain_slots
                0x2000043c                irq_handler_chain_first_slot
                0x20000446                irq_handler_chain_remove_tail
 .data.default_alarm_pool
                0x20000454       0x18 CMakeFiles/motor_controller.dir/pico-sdk/src/common/pico_time/time.c.obj
 .data.default_alarm_pool_heap
                0x2000046c       0x10 CMakeFiles/motor_controller.dir/pico-sdk/src/common/pico_time/time.c.obj
 *fill*         0x2000047c        0x4 
 .data.aeabi_bits_funcs
                0x20000480       0x10 CMakeFiles/motor_controller.dir/pico-sdk/src/rp2_common/pico_bit_ops/bit_ops_aeabi.S.obj
                0x20000480                aeabi_bits_funcs
                0x20000490                aeabi_bits_funcs_end
 .data.aeabi_mem_funcs
                0x20000490       0x10 CMakeFiles/motor_controller.dir/pico-sdk/src/rp2_common/pico_mem_ops/mem_ops_aeabi.S.obj
                0x20000490                aeabi_mem_funcs
                0x200004a0                aeabi_mem_funcs_end
 .data.stdio_usb
                0x200004a0       0x14 CMakeFiles/motor_controller.dir/pico-sdk/src/rp2_common/pico_stdio_usb/stdio_usb.c.obj
                0x200004a0                stdio_usb
 .data.ep_dir_string
                0x200004b4        0x8 CMakeFiles/motor_controller.dir/pico-sdk/lib/tinyusb/src/portable/raspberrypi/rp2040/rp2040_usb.c.obj
                0x200004b4                ep_dir_string
 .data._usbd_qdef
                0x200004bc       0x24 CMakeFiles/motor_controller.dir/pico-sdk/lib/tinyusb/src/device/usbd.c.obj
                0x200004bc                _usbd_qdef
 .data          0x200004e0      0x430 /usr/lib/gcc/arm-none-eabi/7.3.1/../../../arm-none-eabi/lib/thumb/v6-m/libc.a(lib_a-impure.o)
                0x200004e0                _impure_ptr
 .data          0x20000910      0x410 /usr/lib/gcc/arm-none-eabi/7.3.1/../../../arm-none-eabi/lib/thumb/v6-m/libc.a(lib_a-mallocr.o)
                0x20000910                __malloc_sbrk_base
                0x20000914                __malloc_trim_threshold
                0x20000918                __malloc_av_
 .data          0x20000d20      0x16c /usr/lib/gcc/arm-none-eabi/7.3.1/../../../arm-none-eabi/lib/thumb/v6-m/libc.a(lib_a-locale.o)
                0x20000d20                __global_locale
 .data          0x20000e8c        0x2 /usr/lib/gcc/arm-none-eabi/7.3.1/../../../arm-none-eabi/lib/thumb/v6-m/libc.a(lib_a-lnumeric.o)
                0x20000e90                . = ALIGN (0x4)
 *fill*         0x20000e8e        0x2 
 *(.after_data.*)
                0x20000e90                . = ALIGN (0x4)
                0x20000e90                PROVIDE (__mutex_array_start = .)
 *(SORT_BY_NAME(.mutex_array.*))
 *(.mutex_array)
 .mutex_array   0x20000e90        0x8 CMakeFiles/motor_controller.dir/pico-sdk/src/rp2_common/pico_stdio/stdio.c.obj
                0x20000e98                PROVIDE (__mutex_array_end = .)
                0x20000e98                . = ALIGN (0x4)
                0x20000e98                PROVIDE (__preinit_array_start = .)
 *(SORT_BY_NAME(.preinit_array.*))
 .preinit_array.00001
                0x20000e98        0x4 CMakeFiles/motor_controller.dir/pico-sdk/src/rp2_common/pico_mem_ops/mem_ops_aeabi.S.obj
 .preinit_array.00010
                0x20000e9c        0x4 CMakeFiles/motor_controller.dir/pico-sdk/src/rp2_common/pico_bit_ops/bit_ops_aeabi.S.obj
 .preinit_array.00020
                0x20000ea0        0x4 CMakeFiles/motor_controller.dir/pico-sdk/src/rp2_common/pico_double/double_aeabi.S.obj
 .preinit_array.00020
                0x20000ea4        0x4 CMakeFiles/motor_controller.dir/pico-sdk/src/rp2_common/pico_float/float_aeabi.S.obj
 *(.preinit_array)
                0x20000ea8                PROVIDE (__preinit_array_end = .)
                0x20000ea8                . = ALIGN (0x4)
                0x20000ea8                PROVIDE (__init_array_start = .)
 *(SORT_BY_NAME(.init_array.*))
 *(.init_array)
 .init_array    0x20000ea8        0x4 /usr/lib/gcc/arm-none-eabi/7.3.1/thumb/v6-m/crtbegin.o
 .init_array    0x20000eac        0x4 CMakeFiles/motor_controller.dir/pico-sdk/src/rp2_common/pico_unique_id/unique_id.c.obj
                0x20000eb0                PROVIDE (__init_array_end = .)
                0x20000eb0                . = ALIGN (0x4)
                0x20000eb0                PROVIDE (__fini_array_start = .)
 *(SORT_BY_NAME(.fini_array.*))
 *(.fini_array)
                0x20000eb0                PROVIDE (__fini_array_end = .)
 *(.jcr)
                0x20000eb0                . = ALIGN (0x4)
                0x20000eb0                __data_end__ = .

.tm_clone_table
                0x20000eb0        0x0 load address 0x1000ff68
 .tm_clone_table
                0x20000eb0        0x0 /usr/lib/gcc/arm-none-eabi/7.3.1/thumb/v6-m/crtbegin.o
 .tm_clone_table
                0x20000eb0        0x0 /usr/lib/gcc/arm-none-eabi/7.3.1/thumb/v6-m/crtend.o

.igot.plt       0x20000eb0        0x0 load address 0x1000ff68
 .igot.plt      0x20000eb0        0x0 /usr/lib/gcc/arm-none-eabi/7.3.1/thumb/v6-m/crtbegin.o

.uninitialized_data
                0x20000eb0        0x0 load address 0x1000ff68
                0x20000eb0                . = ALIGN (0x4)
 *(.uninitialized_data*)

.scratch_x      0x20040000        0x0 load address 0x1000ff68
                0x20040000                __scratch_x_start__ = .
 *(.scratch_x.*)
                0x20040000                . = ALIGN (0x4)
                0x20040000                __scratch_x_end__ = .
                0x1000ff68                __scratch_x_source__ = LOADADDR (.scratch_x)

.scratch_y      0x20041000        0x0 load address 0x1000ff68
                0x20041000                __scratch_y_start__ = .
 *(.scratch_y.*)
                0x20041000                . = ALIGN (0x4)
                0x20041000                __scratch_y_end__ = .
                0x1000ff68                __scratch_y_source__ = LOADADDR (.scratch_y)

.bss            0x20000eb0      0xdc8
                0x20000eb0                . = ALIGN (0x4)
                0x20000eb0                __bss_start__ = .
 *(SORT_BY_ALIGNMENT(SORT_BY_NAME(.bss*)))
 .bss.default_alarm_pool_entries
                0x20000eb0      0x100 CMakeFiles/motor_controller.dir/pico-sdk/src/common/pico_time/time.c.obj
 .bss.last_avail_time.7133
                0x20000fb0        0x8 CMakeFiles/motor_controller.dir/pico-sdk/src/rp2_common/pico_stdio_usb/stdio_usb.c.obj
 .bss           0x20000fb8       0x1c /usr/lib/gcc/arm-none-eabi/7.3.1/thumb/v6-m/crtbegin.o
 .bss           0x20000fd4       0x34 /usr/lib/gcc/arm-none-eabi/7.3.1/../../../arm-none-eabi/lib/thumb/v6-m/libc.a(lib_a-mallocr.o)
                0x20000fd4                __malloc_top_pad
                0x20000fd8                __malloc_current_mallinfo
                0x20001000                __malloc_max_sbrked_mem
                0x20001004                __malloc_max_total_mem
 .bss.INSTRUCTIONS
                0x20001008        0x3 CMakeFiles/motor_controller.dir/motor_controller/motor_controller.c.obj
                0x20001008                INSTRUCTIONS
 *fill*         0x2000100b        0x1 
 .bss._app_driver
                0x2000100c        0x4 CMakeFiles/motor_controller.dir/pico-sdk/lib/tinyusb/src/device/usbd.c.obj
 .bss._cdcd_itf
                0x20001010      0x2d8 CMakeFiles/motor_controller.dir/pico-sdk/lib/tinyusb/src/class/cdc/cdc_device.c.obj
 .bss._ctrl_xfer
                0x200012e8       0x14 CMakeFiles/motor_controller.dir/pico-sdk/lib/tinyusb/src/device/usbd_control.c.obj
 .bss._ubsd_mutexdef
                0x200012fc        0x8 CMakeFiles/motor_controller.dir/pico-sdk/lib/tinyusb/src/device/usbd.c.obj
 .bss._usbd_ctrl_buf
                0x20001304       0x40 CMakeFiles/motor_controller.dir/pico-sdk/lib/tinyusb/src/device/usbd_control.c.obj
 .bss._usbd_dev
                0x20001344       0x53 CMakeFiles/motor_controller.dir/pico-sdk/lib/tinyusb/src/device/usbd.c.obj
 *fill*         0x20001397        0x1 
 .bss._usbd_mutex
                0x20001398        0x4 CMakeFiles/motor_controller.dir/pico-sdk/lib/tinyusb/src/device/usbd.c.obj
 .bss._usbd_q   0x2000139c        0x4 CMakeFiles/motor_controller.dir/pico-sdk/lib/tinyusb/src/device/usbd.c.obj
 .bss.alarm_callbacks
                0x200013a0       0x10 CMakeFiles/motor_controller.dir/pico-sdk/src/rp2_common/hardware_timer/timer.c.obj
 .bss.boot2_copyout
                0x200013b0      0x100 CMakeFiles/motor_controller.dir/pico-sdk/src/rp2_common/hardware_flash/flash.c.obj
 .bss.claimed   0x200014b0        0x4 CMakeFiles/motor_controller.dir/pico-sdk/src/rp2_common/hardware_sync/sync.c.obj
 .bss.configured_freq
                0x200014b4       0x28 CMakeFiles/motor_controller.dir/pico-sdk/src/rp2_common/hardware_clocks/clocks.c.obj
 .bss.default_alarm_pool_entry_ids_high
                0x200014dc       0x10 CMakeFiles/motor_controller.dir/pico-sdk/src/common/pico_time/time.c.obj
 .bss.default_alarm_pool_heap_nodes
                0x200014ec       0x30 CMakeFiles/motor_controller.dir/pico-sdk/src/common/pico_time/time.c.obj
 .bss.desc_str.7018
                0x2000151c       0x28 CMakeFiles/motor_controller.dir/pico-sdk/src/rp2_common/pico_stdio_usb/stdio_usb_descriptors.c.obj
 .bss.drivers   0x20001544        0x4 CMakeFiles/motor_controller.dir/pico-sdk/src/rp2_common/pico_stdio/stdio.c.obj
 .bss.filter    0x20001548        0x4 CMakeFiles/motor_controller.dir/pico-sdk/src/rp2_common/pico_stdio/stdio.c.obj
 .bss.heap_end.5812
                0x2000154c        0x4 CMakeFiles/motor_controller.dir/pico-sdk/src/rp2_common/pico_runtime/runtime.c.obj
 .bss.hw_endpoints
                0x20001550      0x400 CMakeFiles/motor_controller.dir/pico-sdk/lib/tinyusb/src/portable/raspberrypi/rp2040/dcd_rp2040.c.obj
 .bss.lazy_vsnprintf
                0x20001950        0x4 CMakeFiles/motor_controller.dir/pico-sdk/src/rp2_common/pico_printf/printf.c.obj
 .bss.load_value
                0x20001954        0x4 CMakeFiles/motor_controller.dir/pico-sdk/src/rp2_common/hardware_watchdog/watchdog.c.obj
 .bss.next_buffer_ptr
                0x20001958        0x4 CMakeFiles/motor_controller.dir/pico-sdk/lib/tinyusb/src/portable/raspberrypi/rp2040/dcd_rp2040.c.obj
 .bss.pools     0x2000195c       0x10 CMakeFiles/motor_controller.dir/pico-sdk/src/common/pico_time/time.c.obj
 .bss.retrieved_id
                0x2000196c        0x8 CMakeFiles/motor_controller.dir/pico-sdk/src/rp2_common/pico_unique_id/unique_id.c.obj
 .bss.sf_clz_func
                0x20001974        0x4 CMakeFiles/motor_controller.dir/pico-sdk/src/rp2_common/pico_double/double_init_rom.c.obj
                0x20001974                sf_clz_func
 .bss.sleep_notifier
                0x20001978        0x4 CMakeFiles/motor_controller.dir/pico-sdk/src/common/pico_time/time.c.obj
 .bss.stdio_usb_mutex
                0x2000197c        0x8 CMakeFiles/motor_controller.dir/pico-sdk/src/rp2_common/pico_stdio_usb/stdio_usb.c.obj
 .bss.target_hi
                0x20001984       0x10 CMakeFiles/motor_controller.dir/pico-sdk/src/rp2_common/hardware_timer/timer.c.obj
 .bss.usbd_serial_str
                0x20001994       0x11 CMakeFiles/motor_controller.dir/pico-sdk/src/rp2_common/pico_stdio_usb/stdio_usb_descriptors.c.obj
 *fill*         0x200019a5        0x3 
 .bss.user_irq_claimed
                0x200019a8        0x2 CMakeFiles/motor_controller.dir/pico-sdk/src/rp2_common/hardware_irq/irq.c.obj
 .bss._app_driver_count
                0x200019aa        0x1 CMakeFiles/motor_controller.dir/pico-sdk/lib/tinyusb/src/device/usbd.c.obj
 .bss._usbd_initialized
                0x200019ab        0x1 CMakeFiles/motor_controller.dir/pico-sdk/lib/tinyusb/src/device/usbd.c.obj
 .bss.boot2_copyout_valid
                0x200019ac        0x1 CMakeFiles/motor_controller.dir/pico-sdk/src/rp2_common/hardware_flash/flash.c.obj
 .bss.claimed   0x200019ad        0x1 CMakeFiles/motor_controller.dir/pico-sdk/src/rp2_common/hardware_timer/timer.c.obj
 .bss.irq_hander_chain_free_slot_head
                0x200019ae        0x1 CMakeFiles/motor_controller.dir/pico-sdk/src/rp2_common/hardware_irq/irq.c.obj
 .bss.itf_num   0x200019af        0x1 CMakeFiles/motor_controller.dir/pico-sdk/src/rp2_common/pico_stdio_usb/reset_interface.c.obj
 .bss.low_priority_irq_num
                0x200019b0        0x1 CMakeFiles/motor_controller.dir/pico-sdk/src/rp2_common/pico_stdio_usb/stdio_usb.c.obj
 .bss.timer_callbacks_pending
                0x200019b1        0x1 CMakeFiles/motor_controller.dir/pico-sdk/src/rp2_common/hardware_timer/timer.c.obj
 *(COMMON)
 *fill*         0x200019b2        0x2 
 COMMON         0x200019b4      0x100 CMakeFiles/motor_controller.dir/pico-sdk/src/rp2_common/pico_double/double_init_rom.c.obj
                0x200019b4                sd_table
 COMMON         0x20001ab4      0x100 CMakeFiles/motor_controller.dir/pico-sdk/src/rp2_common/pico_float/float_init_rom.c.obj
                0x20001ab4                sf_table
 COMMON         0x20001bb4       0xc0 CMakeFiles/motor_controller.dir/pico-sdk/lib/tinyusb/src/device/usbd.c.obj
                0x20001bb4                _usbd_qdef_buf
 COMMON         0x20001c74        0x4 /usr/lib/gcc/arm-none-eabi/7.3.1/../../../arm-none-eabi/lib/thumb/v6-m/libc.a(lib_a-reent.o)
                0x20001c74                errno
                0x20001c78                . = ALIGN (0x4)
                0x20001c78                __bss_end__ = .

.heap           0x20001c78      0x800
                0x20001c78                __end__ = .
                0x20001c78                end = __end__
 *(.heap*)
 .heap          0x20001c78      0x800 CMakeFiles/motor_controller.dir/pico-sdk/src/rp2_common/pico_standard_link/crt0.S.obj
                0x20002478                __HeapLimit = .

.stack1_dummy   0x20040000        0x0
 *(.stack1*)

.stack_dummy    0x20041000      0x800
 *(.stack*)
 .stack         0x20041000      0x800 CMakeFiles/motor_controller.dir/pico-sdk/src/rp2_common/pico_standard_link/crt0.S.obj

.flash_end      0x1000ff68        0x0
                0x1000ff68                __flash_binary_end = .
                0x20040000                __StackLimit = (ORIGIN (RAM) + LENGTH (RAM))
                0x20041000                __StackOneTop = (ORIGIN (SCRATCH_X) + LENGTH (SCRATCH_X))
                0x20042000                __StackTop = (ORIGIN (SCRATCH_Y) + LENGTH (SCRATCH_Y))
                0x20041000                __StackOneBottom = (__StackOneTop - SIZEOF (.stack1_dummy))
                0x20041800                __StackBottom = (__StackTop - SIZEOF (.stack_dummy))
                0x20042000                PROVIDE (__stack = __StackTop)
                0x00000001                ASSERT ((__StackLimit >= __HeapLimit), region RAM overflowed)
                0x00000001                ASSERT (((__binary_info_header_end - __logical_binary_start) <= 0x100), Binary info must be in first 256 bytes of the binary)
LOAD CMakeFiles/motor_controller.dir/motor_controller/motor_controller.c.obj
LOAD CMakeFiles/motor_controller.dir/pico-sdk/src/rp2_common/pico_stdlib/stdlib.c.obj
LOAD CMakeFiles/motor_controller.dir/pico-sdk/src/rp2_common/hardware_gpio/gpio.c.obj
LOAD CMakeFiles/motor_controller.dir/pico-sdk/src/rp2_common/hardware_claim/claim.c.obj
LOAD CMakeFiles/motor_controller.dir/pico-sdk/src/rp2_common/pico_platform/platform.c.obj
LOAD CMakeFiles/motor_controller.dir/pico-sdk/src/rp2_common/hardware_sync/sync.c.obj
LOAD CMakeFiles/motor_controller.dir/pico-sdk/src/rp2_common/hardware_irq/irq.c.obj
LOAD CMakeFiles/motor_controller.dir/pico-sdk/src/rp2_common/hardware_irq/irq_handler_chain.S.obj
LOAD CMakeFiles/motor_controller.dir/pico-sdk/src/common/pico_sync/sem.c.obj
LOAD CMakeFiles/motor_controller.dir/pico-sdk/src/common/pico_sync/lock_core.c.obj
LOAD CMakeFiles/motor_controller.dir/pico-sdk/src/common/pico_time/time.c.obj
LOAD CMakeFiles/motor_controller.dir/pico-sdk/src/common/pico_time/timeout_helper.c.obj
LOAD CMakeFiles/motor_controller.dir/pico-sdk/src/rp2_common/hardware_timer/timer.c.obj
LOAD CMakeFiles/motor_controller.dir/pico-sdk/src/common/pico_util/datetime.c.obj
LOAD CMakeFiles/motor_controller.dir/pico-sdk/src/common/pico_util/pheap.c.obj
LOAD CMakeFiles/motor_controller.dir/pico-sdk/src/common/pico_util/queue.c.obj
LOAD CMakeFiles/motor_controller.dir/pico-sdk/src/common/pico_sync/mutex.c.obj
LOAD CMakeFiles/motor_controller.dir/pico-sdk/src/common/pico_sync/critical_section.c.obj
LOAD CMakeFiles/motor_controller.dir/pico-sdk/src/rp2_common/hardware_uart/uart.c.obj
LOAD CMakeFiles/motor_controller.dir/pico-sdk/src/rp2_common/hardware_divider/divider.S.obj
LOAD CMakeFiles/motor_controller.dir/pico-sdk/src/rp2_common/pico_runtime/runtime.c.obj
LOAD CMakeFiles/motor_controller.dir/pico-sdk/src/rp2_common/hardware_clocks/clocks.c.obj
LOAD CMakeFiles/motor_controller.dir/pico-sdk/src/rp2_common/hardware_pll/pll.c.obj
LOAD CMakeFiles/motor_controller.dir/pico-sdk/src/rp2_common/hardware_vreg/vreg.c.obj
LOAD CMakeFiles/motor_controller.dir/pico-sdk/src/rp2_common/hardware_watchdog/watchdog.c.obj
LOAD CMakeFiles/motor_controller.dir/pico-sdk/src/rp2_common/hardware_xosc/xosc.c.obj
LOAD CMakeFiles/motor_controller.dir/pico-sdk/src/rp2_common/pico_printf/printf.c.obj
LOAD CMakeFiles/motor_controller.dir/pico-sdk/src/rp2_common/pico_bit_ops/bit_ops_aeabi.S.obj
LOAD CMakeFiles/motor_controller.dir/pico-sdk/src/rp2_common/pico_bootrom/bootrom.c.obj
LOAD CMakeFiles/motor_controller.dir/pico-sdk/src/rp2_common/pico_divider/divider.S.obj
LOAD CMakeFiles/motor_controller.dir/pico-sdk/src/rp2_common/pico_double/double_aeabi.S.obj
LOAD CMakeFiles/motor_controller.dir/pico-sdk/src/rp2_common/pico_double/double_init_rom.c.obj
LOAD CMakeFiles/motor_controller.dir/pico-sdk/src/rp2_common/pico_double/double_math.c.obj
LOAD CMakeFiles/motor_controller.dir/pico-sdk/src/rp2_common/pico_double/double_v1_rom_shim.S.obj
LOAD CMakeFiles/motor_controller.dir/pico-sdk/src/rp2_common/pico_int64_ops/pico_int64_ops_aeabi.S.obj
LOAD CMakeFiles/motor_controller.dir/pico-sdk/src/rp2_common/pico_float/float_aeabi.S.obj
LOAD CMakeFiles/motor_controller.dir/pico-sdk/src/rp2_common/pico_float/float_init_rom.c.obj
LOAD CMakeFiles/motor_controller.dir/pico-sdk/src/rp2_common/pico_float/float_math.c.obj
LOAD CMakeFiles/motor_controller.dir/pico-sdk/src/rp2_common/pico_float/float_v1_rom_shim.S.obj
LOAD CMakeFiles/motor_controller.dir/pico-sdk/src/rp2_common/pico_malloc/pico_malloc.c.obj
LOAD CMakeFiles/motor_controller.dir/pico-sdk/src/rp2_common/pico_mem_ops/mem_ops_aeabi.S.obj
LOAD CMakeFiles/motor_controller.dir/pico-sdk/src/rp2_common/pico_standard_link/crt0.S.obj
LOAD CMakeFiles/motor_controller.dir/pico-sdk/src/rp2_common/pico_standard_link/new_delete.cpp.obj
LOAD CMakeFiles/motor_controller.dir/pico-sdk/src/rp2_common/pico_standard_link/binary_info.c.obj
LOAD CMakeFiles/motor_controller.dir/pico-sdk/src/rp2_common/pico_stdio/stdio.c.obj
LOAD CMakeFiles/motor_controller.dir/pico-sdk/src/rp2_common/pico_stdio_usb/reset_interface.c.obj
LOAD CMakeFiles/motor_controller.dir/pico-sdk/src/rp2_common/pico_stdio_usb/stdio_usb.c.obj
LOAD CMakeFiles/motor_controller.dir/pico-sdk/src/rp2_common/pico_stdio_usb/stdio_usb_descriptors.c.obj
LOAD CMakeFiles/motor_controller.dir/pico-sdk/lib/tinyusb/src/portable/raspberrypi/rp2040/dcd_rp2040.c.obj
LOAD CMakeFiles/motor_controller.dir/pico-sdk/lib/tinyusb/src/portable/raspberrypi/rp2040/rp2040_usb.c.obj
LOAD CMakeFiles/motor_controller.dir/pico-sdk/lib/tinyusb/src/device/usbd.c.obj
LOAD CMakeFiles/motor_controller.dir/pico-sdk/lib/tinyusb/src/device/usbd_control.c.obj
LOAD CMakeFiles/motor_controller.dir/pico-sdk/lib/tinyusb/src/class/audio/audio_device.c.obj
LOAD CMakeFiles/motor_controller.dir/pico-sdk/lib/tinyusb/src/class/cdc/cdc_device.c.obj
LOAD CMakeFiles/motor_controller.dir/pico-sdk/lib/tinyusb/src/class/dfu/dfu_device.c.obj
LOAD CMakeFiles/motor_controller.dir/pico-sdk/lib/tinyusb/src/class/dfu/dfu_rt_device.c.obj
LOAD CMakeFiles/motor_controller.dir/pico-sdk/lib/tinyusb/src/class/hid/hid_device.c.obj
LOAD CMakeFiles/motor_controller.dir/pico-sdk/lib/tinyusb/src/class/midi/midi_device.c.obj
LOAD CMakeFiles/motor_controller.dir/pico-sdk/lib/tinyusb/src/class/msc/msc_device.c.obj
LOAD CMakeFiles/motor_controller.dir/pico-sdk/lib/tinyusb/src/class/net/ecm_rndis_device.c.obj
LOAD CMakeFiles/motor_controller.dir/pico-sdk/lib/tinyusb/src/class/net/ncm_device.c.obj
LOAD CMakeFiles/motor_controller.dir/pico-sdk/lib/tinyusb/src/class/usbtmc/usbtmc_device.c.obj
LOAD CMakeFiles/motor_controller.dir/pico-sdk/lib/tinyusb/src/class/vendor/vendor_device.c.obj
LOAD CMakeFiles/motor_controller.dir/pico-sdk/lib/tinyusb/src/class/video/video_device.c.obj
LOAD CMakeFiles/motor_controller.dir/pico-sdk/lib/tinyusb/src/tusb.c.obj
LOAD CMakeFiles/motor_controller.dir/pico-sdk/lib/tinyusb/src/common/tusb_fifo.c.obj
LOAD CMakeFiles/motor_controller.dir/pico-sdk/src/rp2_common/pico_fix/rp2040_usb_device_enumeration/rp2040_usb_device_enumeration.c.obj
LOAD CMakeFiles/motor_controller.dir/pico-sdk/src/rp2_common/pico_unique_id/unique_id.c.obj
LOAD CMakeFiles/motor_controller.dir/pico-sdk/src/rp2_common/hardware_flash/flash.c.obj
LOAD /tmp/ccYIfymb.o
LOAD /usr/lib/gcc/arm-none-eabi/7.3.1/../../../arm-none-eabi/lib/thumb/v6-m/libstdc++.a
LOAD /usr/lib/gcc/arm-none-eabi/7.3.1/../../../arm-none-eabi/lib/thumb/v6-m/libm.a
START GROUP
LOAD /usr/lib/gcc/arm-none-eabi/7.3.1/thumb/v6-m/libgcc.a
LOAD /usr/lib/gcc/arm-none-eabi/7.3.1/../../../arm-none-eabi/lib/thumb/v6-m/libc.a
END GROUP
START GROUP
LOAD /usr/lib/gcc/arm-none-eabi/7.3.1/thumb/v6-m/libgcc.a
LOAD /usr/lib/gcc/arm-none-eabi/7.3.1/../../../arm-none-eabi/lib/thumb/v6-m/libc.a
LOAD /usr/lib/gcc/arm-none-eabi/7.3.1/../../../arm-none-eabi/lib/thumb/v6-m/libnosys.a
END GROUP
LOAD /usr/lib/gcc/arm-none-eabi/7.3.1/thumb/v6-m/crtend.o
LOAD /usr/lib/gcc/arm-none-eabi/7.3.1/thumb/v6-m/crtn.o
OUTPUT(motor_controller.elf elf32-littlearm)

.ARM.attributes
                0x00000000       0x28
 .ARM.attributes
                0x00000000       0x1e /usr/lib/gcc/arm-none-eabi/7.3.1/thumb/v6-m/crti.o
 .ARM.attributes
                0x0000001e       0x2c /usr/lib/gcc/arm-none-eabi/7.3.1/thumb/v6-m/crtbegin.o
 .ARM.attributes