Archive member included to satisfy reference by file (symbol)

/usr/lib/gcc/arm-none-eabi/7.3.1/thumb/v6-m/libgcc.a(_dvmd_tls.o)
                              CMakeFiles/rotary_encoder.dir/pico-sdk/src/rp2_common/pico_divider/divider.S.obj (__aeabi_idiv0)
/usr/lib/gcc/arm-none-eabi/7.3.1/../../../arm-none-eabi/lib/thumb/v6-m/libc.a(lib_a-atexit.o)
                              /usr/lib/gcc/arm-none-eabi/7.3.1/../../../arm-none-eabi/lib/thumb/v6-m/crt0.o (atexit)
/usr/lib/gcc/arm-none-eabi/7.3.1/../../../arm-none-eabi/lib/thumb/v6-m/libc.a(lib_a-calloc.o)
                              CMakeFiles/rotary_encoder.dir/pico-sdk/src/rp2_common/pico_malloc/pico_malloc.c.obj (calloc)
/usr/lib/gcc/arm-none-eabi/7.3.1/../../../arm-none-eabi/lib/thumb/v6-m/libc.a(lib_a-callocr.o)
                              /usr/lib/gcc/arm-none-eabi/7.3.1/../../../arm-none-eabi/lib/thumb/v6-m/libc.a(lib_a-calloc.o) (_calloc_r)
/usr/lib/gcc/arm-none-eabi/7.3.1/../../../arm-none-eabi/lib/thumb/v6-m/libc.a(lib_a-fini.o)
                              /usr/lib/gcc/arm-none-eabi/7.3.1/../../../arm-none-eabi/lib/thumb/v6-m/crt0.o (__libc_fini_array)
/usr/lib/gcc/arm-none-eabi/7.3.1/../../../arm-none-eabi/lib/thumb/v6-m/libc.a(lib_a-impure.o)
                              /usr/lib/gcc/arm-none-eabi/7.3.1/../../../arm-none-eabi/lib/thumb/v6-m/libc.a(lib_a-calloc.o) (_impure_ptr)
/usr/lib/gcc/arm-none-eabi/7.3.1/../../../arm-none-eabi/lib/thumb/v6-m/libc.a(lib_a-init.o)
                              /usr/lib/gcc/arm-none-eabi/7.3.1/../../../arm-none-eabi/lib/thumb/v6-m/crt0.o (__libc_init_array)
/usr/lib/gcc/arm-none-eabi/7.3.1/../../../arm-none-eabi/lib/thumb/v6-m/libc.a(lib_a-malloc.o)
                              CMakeFiles/rotary_encoder.dir/pico-sdk/src/rp2_common/pico_malloc/pico_malloc.c.obj (malloc)
/usr/lib/gcc/arm-none-eabi/7.3.1/../../../arm-none-eabi/lib/thumb/v6-m/libc.a(lib_a-mallocr.o)
                              /usr/lib/gcc/arm-none-eabi/7.3.1/../../../arm-none-eabi/lib/thumb/v6-m/libc.a(lib_a-callocr.o) (_malloc_r)
/usr/lib/gcc/arm-none-eabi/7.3.1/../../../arm-none-eabi/lib/thumb/v6-m/libc.a(lib_a-mlock.o)
                              /usr/lib/gcc/arm-none-eabi/7.3.1/../../../arm-none-eabi/lib/thumb/v6-m/libc.a(lib_a-mallocr.o) (__malloc_lock)
/usr/lib/gcc/arm-none-eabi/7.3.1/../../../arm-none-eabi/lib/thumb/v6-m/libc.a(lib_a-realloc.o)
                              CMakeFiles/rotary_encoder.dir/pico-sdk/src/rp2_common/pico_malloc/pico_malloc.c.obj (realloc)
/usr/lib/gcc/arm-none-eabi/7.3.1/../../../arm-none-eabi/lib/thumb/v6-m/libc.a(lib_a-reallocr.o)
                              /usr/lib/gcc/arm-none-eabi/7.3.1/../../../arm-none-eabi/lib/thumb/v6-m/libc.a(lib_a-realloc.o) (_realloc_r)
/usr/lib/gcc/arm-none-eabi/7.3.1/../../../arm-none-eabi/lib/thumb/v6-m/libc.a(lib_a-sbrkr.o)
                              /usr/lib/gcc/arm-none-eabi/7.3.1/../../../arm-none-eabi/lib/thumb/v6-m/libc.a(lib_a-mallocr.o) (_sbrk_r)
/usr/lib/gcc/arm-none-eabi/7.3.1/../../../arm-none-eabi/lib/thumb/v6-m/libc.a(lib_a-strlen-stub.o)
                              CMakeFiles/rotary_encoder.dir/pico-sdk/src/rp2_common/pico_stdio/stdio.c.obj (strlen)
/usr/lib/gcc/arm-none-eabi/7.3.1/../../../arm-none-eabi/lib/thumb/v6-m/libc.a(lib_a-__atexit.o)
                              /usr/lib/gcc/arm-none-eabi/7.3.1/../../../arm-none-eabi/lib/thumb/v6-m/libc.a(lib_a-atexit.o) (__register_exitproc)
/usr/lib/gcc/arm-none-eabi/7.3.1/../../../arm-none-eabi/lib/thumb/v6-m/libc.a(lib_a-freer.o)
                              /usr/lib/gcc/arm-none-eabi/7.3.1/../../../arm-none-eabi/lib/thumb/v6-m/libc.a(lib_a-malloc.o) (_free_r)
/usr/lib/gcc/arm-none-eabi/7.3.1/../../../arm-none-eabi/lib/thumb/v6-m/libc.a(lib_a-memmove.o)
                              /usr/lib/gcc/arm-none-eabi/7.3.1/../../../arm-none-eabi/lib/thumb/v6-m/libc.a(lib_a-reallocr.o) (memmove)
/usr/lib/gcc/arm-none-eabi/7.3.1/../../../arm-none-eabi/lib/thumb/v6-m/libc.a(lib_a-reent.o)
                              /usr/lib/gcc/arm-none-eabi/7.3.1/../../../arm-none-eabi/lib/thumb/v6-m/libc.a(lib_a-sbrkr.o) (errno)

Allocating common symbols
Common symbol       size              file

sf_table            0x100             CMakeFiles/rotary_encoder.dir/pico-sdk/src/rp2_common/pico_float/float_init_rom.c.obj
errno               0x4               /usr/lib/gcc/arm-none-eabi/7.3.1/../../../arm-none-eabi/lib/thumb/v6-m/libc.a(lib_a-reent.o)
_usbd_qdef_buf      0xc0              CMakeFiles/rotary_encoder.dir/pico-sdk/lib/tinyusb/src/device/usbd.c.obj
sd_table            0x100             CMakeFiles/rotary_encoder.dir/pico-sdk/src/rp2_common/pico_double/double_init_rom.c.obj
uart_char_to_line_feed
                    0x4               CMakeFiles/rotary_encoder.dir/pico-sdk/src/rp2_common/hardware_uart/uart.c.obj

Discarded input sections

 .text          0x00000000        0x0 /usr/lib/gcc/arm-none-eabi/7.3.1/thumb/v6-m/crti.o
 .data          0x00000000        0x0 /usr/lib/gcc/arm-none-eabi/7.3.1/thumb/v6-m/crti.o
[...]
Memory Configuration

Name             Origin             Length             Attributes
FLASH            0x10000000         0x00200000         xr
RAM              0x20000000         0x00040000         xrw
SCRATCH_X        0x20040000         0x00001000         xrw
SCRATCH_Y        0x20041000         0x00001000         xrw
*default*        0x00000000         0xffffffff

Linker script and memory map

LOAD /usr/lib/gcc/arm-none-eabi/7.3.1/thumb/v6-m/crti.o
LOAD /usr/lib/gcc/arm-none-eabi/7.3.1/thumb/v6-m/crtbegin.o
LOAD /usr/lib/gcc/arm-none-eabi/7.3.1/../../../arm-none-eabi/lib/thumb/v6-m/crt0.o

.flash_begin    0x10000000        0x0
                0x10000000                __flash_binary_start = .

.boot2          0x10000000      0x100
                0x10000000                __boot2_start__ = .
 *(.boot2)
 .boot2         0x10000000      0x100 /tmp/ccu7KkG7.o
                0x10000100                __boot2_end__ = .
                0x00000001                ASSERT (((__boot2_end__ - __boot2_start__) == 0x100), ERROR: Pico second stage bootloader must be 256 bytes in size)

.text           0x10000100     0x88e0
                0x10000100                __logical_binary_start = .
 *(.vectors)
 .vectors       0x10000100       0xd4 CMakeFiles/rotary_encoder.dir/pico-sdk/src/rp2_common/pico_standard_link/crt0.S.obj
                0x10000100                __vectors
                0x10000100                __VECTOR_TABLE
                0x100001c0                isr_invalid
                0x100001c0                __default_isrs_start
                0x100001c2                isr_nmi
                0x100001c4                isr_hardfault
                0x100001c6                isr_svcall
                0x100001c8                isr_pendsv
                0x100001ca                isr_systick
                0x100001cc                isr_irq30
                0x100001cc                __unhandled_user_irq
                0x100001cc                isr_irq13
                0x100001cc                isr_irq27
                0x100001cc                isr_irq31
                0x100001cc                isr_irq5
                0x100001cc                isr_irq11
                0x100001cc                isr_irq23
                0x100001cc                isr_irq18
                0x100001cc                isr_irq28
                0x100001cc                isr_irq19
                0x100001cc                isr_irq0
                0x100001cc                isr_irq6
                0x100001cc                isr_irq22
                0x100001cc                isr_irq17
                0x100001cc                isr_irq14
                0x100001cc                isr_irq2
                0x100001cc                isr_irq10
                0x100001cc                isr_irq8
                0x100001cc                isr_irq24
                0x100001cc                isr_irq1
                0x100001cc                isr_irq7
                0x100001cc                isr_irq21
                0x100001cc                isr_irq20
                0x100001cc                isr_irq15
                0x100001cc                isr_irq25
                0x100001cc                isr_irq4
                0x100001cc                isr_irq16
                0x100001cc                isr_irq29
                0x100001cc                isr_irq26
                0x100001cc                __default_isrs_end
                0x100001cc                isr_irq3
                0x100001cc                isr_irq12
                0x100001cc                isr_irq9
                0x100001d2                unhandled_user_irq_num_in_r0
 *(.binary_info_header)
 .binary_info_header
                0x100001d4       0x14 CMakeFiles/rotary_encoder.dir/pico-sdk/src/rp2_common/pico_standard_link/crt0.S.obj
                0x100001e8                __binary_info_header_end = .
 *(.reset)
 .reset         0x100001e8       0xa8 CMakeFiles/rotary_encoder.dir/pico-sdk/src/rp2_common/pico_standard_link/crt0.S.obj
                0x100001e8                _entry_point
                0x10000266                __get_current_exception
 .reset         0x10000290       0x30 CMakeFiles/rotary_encoder.dir/pico-sdk/src/rp2_common/pico_standard_link/binary_info.c.obj
 *(.init)
 .init          0x100002c0        0x4 /usr/lib/gcc/arm-none-eabi/7.3.1/thumb/v6-m/crti.o
                0x100002c0                _init
 *(EXCLUDE_FILE(*libm.a: *libc.a:*lib_a-mem*.o *libgcc.a:) .text*)
 .text          0x100002c4       0x98 /usr/lib/gcc/arm-none-eabi/7.3.1/thumb/v6-m/crtbegin.o
 .text.encoder_isr_A
                0x1000035c       0x38 CMakeFiles/rotary_encoder.dir/rotary_ecoder_usb_comm/rotary_encoder.c.obj
                0x1000035c                encoder_isr_A
 .text.encoder_isr_A_RIGHT
                0x10000394       0x38 CMakeFiles/rotary_encoder.dir/rotary_ecoder_usb_comm/rotary_encoder.c.obj
                0x10000394                encoder_isr_A_RIGHT
 .text.startup.main
                0x100003cc       0xd8 CMakeFiles/rotary_encoder.dir/rotary_ecoder_usb_comm/rotary_encoder.c.obj
                0x100003cc                main
 .text.gpio_default_irq_handler
                0x100004a4      0x24c CMakeFiles/rotary_encoder.dir/pico-sdk/src/rp2_common/hardware_gpio/gpio.c.obj
 .text.gpio_set_pulls
                0x100006f0       0x34 CMakeFiles/rotary_encoder.dir/pico-sdk/src/rp2_common/hardware_gpio/gpio.c.obj
                0x100006f0                gpio_set_pulls
 .text.gpio_set_irq_enabled_with_callback
                0x10000724       0xa8 CMakeFiles/rotary_encoder.dir/pico-sdk/src/rp2_common/hardware_gpio/gpio.c.obj
                0x10000724                gpio_set_irq_enabled_with_callback
 .text.gpio_init
                0x100007cc       0x3c CMakeFiles/rotary_encoder.dir/pico-sdk/src/rp2_common/hardware_gpio/gpio.c.obj
                0x100007cc                gpio_init
 .text.hw_claim_or_assert
                0x10000808       0x44 CMakeFiles/rotary_encoder.dir/pico-sdk/src/rp2_common/hardware_claim/claim.c.obj
                0x10000808                hw_claim_or_assert
 .text.hw_claim_unused_from_range
                0x1000084c       0x9c CMakeFiles/rotary_encoder.dir/pico-sdk/src/rp2_common/hardware_claim/claim.c.obj
                0x1000084c                hw_claim_unused_from_range
 .text.running_on_fpga
                0x100008e8       0x10 CMakeFiles/rotary_encoder.dir/pico-sdk/src/rp2_common/pico_platform/platform.c.obj
                0x100008e8                running_on_fpga
 .text.spin_locks_reset
                0x100008f8       0x1c CMakeFiles/rotary_encoder.dir/pico-sdk/src/rp2_common/hardware_sync/sync.c.obj
                0x100008f8                spin_locks_reset
 .text.next_striped_spin_lock_num
                0x10000914       0x18 CMakeFiles/rotary_encoder.dir/pico-sdk/src/rp2_common/hardware_sync/sync.c.obj
                0x10000914                next_striped_spin_lock_num
 .text.spin_lock_claim_unused
                0x1000092c       0x20 CMakeFiles/rotary_encoder.dir/pico-sdk/src/rp2_common/hardware_sync/sync.c.obj
                0x1000092c                spin_lock_claim_unused
 .text.irq_set_enabled
                0x1000094c       0x24 CMakeFiles/rotary_encoder.dir/pico-sdk/src/rp2_common/hardware_irq/irq.c.obj
                0x1000094c                irq_set_enabled
 .text.irq_set_pending
                0x10000970       0x10 CMakeFiles/rotary_encoder.dir/pico-sdk/src/rp2_common/hardware_irq/irq.c.obj
                0x10000970                irq_set_pending
 .text.irq_has_shared_handler
                0x10000980       0x2c CMakeFiles/rotary_encoder.dir/pico-sdk/src/rp2_common/hardware_irq/irq.c.obj
                0x10000980                irq_has_shared_handler
 .text.irq_get_vtable_handler
                0x100009ac       0x10 CMakeFiles/rotary_encoder.dir/pico-sdk/src/rp2_common/hardware_irq/irq.c.obj
                0x100009ac                irq_get_vtable_handler
 .text.irq_set_exclusive_handler
                0x100009bc       0x54 CMakeFiles/rotary_encoder.dir/pico-sdk/src/rp2_common/hardware_irq/irq.c.obj
                0x100009bc                irq_set_exclusive_handler
 .text.irq_add_shared_handler
                0x10000a10      0x1c8 CMakeFiles/rotary_encoder.dir/pico-sdk/src/rp2_common/hardware_irq/irq.c.obj
                0x10000a10                irq_add_shared_handler
 .text.irq_remove_handler
                0x10000bd8      0x1b4 CMakeFiles/rotary_encoder.dir/pico-sdk/src/rp2_common/hardware_irq/irq.c.obj
                0x10000bd8                irq_remove_handler
 .text.irq_add_tail_to_free_list
                0x10000d8c       0xb4 CMakeFiles/rotary_encoder.dir/pico-sdk/src/rp2_common/hardware_irq/irq.c.obj
                0x10000d8c                irq_add_tail_to_free_list
 .text.irq_init_priorities
                0x10000e40       0x24 CMakeFiles/rotary_encoder.dir/pico-sdk/src/rp2_common/hardware_irq/irq.c.obj
                0x10000e40                irq_init_priorities
 .text.user_irq_claim_unused
                0x10000e64       0x30 CMakeFiles/rotary_encoder.dir/pico-sdk/src/rp2_common/hardware_irq/irq.c.obj
                0x10000e64                user_irq_claim_unused
 .text.lock_init
                0x10000e94       0x10 CMakeFiles/rotary_encoder.dir/pico-sdk/src/common/pico_sync/lock_core.c.obj
                0x10000e94                lock_init
 .text.timer_pool_entry_comparator
                0x10000ea4       0x34 CMakeFiles/rotary_encoder.dir/pico-sdk/src/common/pico_time/time.c.obj
                0x10000ea4                timer_pool_entry_comparator
 .text.sleep_until_callback
                0x10000ed8       0x30 CMakeFiles/rotary_encoder.dir/pico-sdk/src/common/pico_time/time.c.obj
 .text.add_alarm_under_lock
                0x10000f08      0x120 CMakeFiles/rotary_encoder.dir/pico-sdk/src/common/pico_time/time.c.obj
 .text.alarm_pool_alarm_callback
                0x10001028      0x1dc CMakeFiles/rotary_encoder.dir/pico-sdk/src/common/pico_time/time.c.obj
 .text.alarm_pool_init_default
                0x10001204       0x64 CMakeFiles/rotary_encoder.dir/pico-sdk/src/common/pico_time/time.c.obj
                0x10001204                alarm_pool_init_default
 .text.alarm_pool_get_default
                0x10001268        0x8 CMakeFiles/rotary_encoder.dir/pico-sdk/src/common/pico_time/time.c.obj
                0x10001268                alarm_pool_get_default
 .text.alarm_pool_add_alarm_at
                0x10001270      0x1ac CMakeFiles/rotary_encoder.dir/pico-sdk/src/common/pico_time/time.c.obj
                0x10001270                alarm_pool_add_alarm_at
 .text.sleep_until
                0x1000141c      0x1ec CMakeFiles/rotary_encoder.dir/pico-sdk/src/common/pico_time/time.c.obj
                0x1000141c                sleep_until
 .text.sleep_ms
                0x10001608       0x38 CMakeFiles/rotary_encoder.dir/pico-sdk/src/common/pico_time/time.c.obj
                0x10001608                sleep_ms
 .text.best_effort_wfe_or_timeout
                0x10001640      0x1b4 CMakeFiles/rotary_encoder.dir/pico-sdk/src/common/pico_time/time.c.obj
                0x10001640                best_effort_wfe_or_timeout
 .text.hardware_alarm_irq_handler
                0x100017f4       0xb0 CMakeFiles/rotary_encoder.dir/pico-sdk/src/rp2_common/hardware_timer/timer.c.obj
 .text.hardware_alarm_claim
                0x100018a4       0x18 CMakeFiles/rotary_encoder.dir/pico-sdk/src/rp2_common/hardware_timer/timer.c.obj
                0x100018a4                hardware_alarm_claim
 .text.time_us_64
                0x100018bc       0x18 CMakeFiles/rotary_encoder.dir/pico-sdk/src/rp2_common/hardware_timer/timer.c.obj
                0x100018bc                time_us_64
 .text.busy_wait_until
                0x100018d4       0x20 CMakeFiles/rotary_encoder.dir/pico-sdk/src/rp2_common/hardware_timer/timer.c.obj
                0x100018d4                busy_wait_until
 .text.hardware_alarm_set_callback
                0x100018f4       0x8c CMakeFiles/rotary_encoder.dir/pico-sdk/src/rp2_common/hardware_timer/timer.c.obj
                0x100018f4                hardware_alarm_set_callback
 .text.hardware_alarm_set_target
                0x10001980       0xd8 CMakeFiles/rotary_encoder.dir/pico-sdk/src/rp2_common/hardware_timer/timer.c.obj
                0x10001980                hardware_alarm_set_target
 .text.hardware_alarm_cancel
                0x10001a58       0x40 CMakeFiles/rotary_encoder.dir/pico-sdk/src/rp2_common/hardware_timer/timer.c.obj
                0x10001a58                hardware_alarm_cancel
 .text.ph_merge_two_pass.part.3
                0x10001a98       0xcc CMakeFiles/rotary_encoder.dir/pico-sdk/src/common/pico_util/pheap.c.obj
 .text.ph_post_alloc_init
                0x10001b64       0x3c CMakeFiles/rotary_encoder.dir/pico-sdk/src/common/pico_util/pheap.c.obj
                0x10001b64                ph_post_alloc_init
 .text.ph_remove_head
                0x10001ba0      0x158 CMakeFiles/rotary_encoder.dir/pico-sdk/src/common/pico_util/pheap.c.obj
                0x10001ba0                ph_remove_head
 .text.ph_remove_and_free_node
                0x10001cf8      0x340 CMakeFiles/rotary_encoder.dir/pico-sdk/src/common/pico_util/pheap.c.obj
                0x10001cf8                ph_remove_and_free_node
 .text.mutex_init
                0x10002038       0x1c CMakeFiles/rotary_encoder.dir/pico-sdk/src/common/pico_sync/mutex.c.obj
                0x10002038                mutex_init
 .text.recursive_mutex_init
                0x10002054       0x1c CMakeFiles/rotary_encoder.dir/pico-sdk/src/common/pico_sync/mutex.c.obj
                0x10002054                recursive_mutex_init
 .text.critical_section_init
                0x10002070       0x20 CMakeFiles/rotary_encoder.dir/pico-sdk/src/common/pico_sync/critical_section.c.obj
                0x10002070                critical_section_init
 .text.runtime_init
                0x10002090       0xf4 CMakeFiles/rotary_encoder.dir/pico-sdk/src/rp2_common/pico_runtime/runtime.c.obj
                0x10002090                runtime_init
 .text.exit     0x10002184        0x4 CMakeFiles/rotary_encoder.dir/pico-sdk/src/rp2_common/pico_runtime/runtime.c.obj
                0x10002184                exit
 .text.panic    0x10002188       0x30 CMakeFiles/rotary_encoder.dir/pico-sdk/src/rp2_common/pico_runtime/runtime.c.obj
                0x10002188                panic
 .text.hard_assertion_failure
                0x100021b8        0xc CMakeFiles/rotary_encoder.dir/pico-sdk/src/rp2_common/pico_runtime/runtime.c.obj
                0x100021b8                hard_assertion_failure
 .text.clocks_init
                0x100021c4      0x2c8 CMakeFiles/rotary_encoder.dir/pico-sdk/src/rp2_common/hardware_clocks/clocks.c.obj
                0x100021c4                clocks_init
 .text.pll_init
                0x1000248c       0xa8 CMakeFiles/rotary_encoder.dir/pico-sdk/src/rp2_common/hardware_pll/pll.c.obj
                0x1000248c                pll_init
 .text.watchdog_start_tick
                0x10002534       0x10 CMakeFiles/rotary_encoder.dir/pico-sdk/src/rp2_common/hardware_watchdog/watchdog.c.obj
                0x10002534                watchdog_start_tick
 .text.watchdog_reboot
                0x10002544       0x98 CMakeFiles/rotary_encoder.dir/pico-sdk/src/rp2_common/hardware_watchdog/watchdog.c.obj
                0x10002544                watchdog_reboot
 .text.xosc_init
                0x100025dc       0x28 CMakeFiles/rotary_encoder.dir/pico-sdk/src/rp2_common/hardware_xosc/xosc.c.obj
                0x100025dc                xosc_init
 .text._out_null
                0x10002604        0x4 CMakeFiles/rotary_encoder.dir/pico-sdk/src/rp2_common/pico_printf/printf.c.obj
 .text._out_fct
                0x10002608       0x10 CMakeFiles/rotary_encoder.dir/pico-sdk/src/rp2_common/pico_printf/printf.c.obj
 .text._out_char
                0x10002618        0xc CMakeFiles/rotary_encoder.dir/pico-sdk/src/rp2_common/pico_printf/printf.c.obj
 .text._ntoa_format
                0x10002624      0x270 CMakeFiles/rotary_encoder.dir/pico-sdk/src/rp2_common/pico_printf/printf.c.obj
 .text._etoa.part.0
                0x10002894      0x56c CMakeFiles/rotary_encoder.dir/pico-sdk/src/rp2_common/pico_printf/printf.c.obj
 .text._ftoa    0x10002e00      0x6f8 CMakeFiles/rotary_encoder.dir/pico-sdk/src/rp2_common/pico_printf/printf.c.obj
 .text._ftoa.part.1
                0x100034f8      0x54c CMakeFiles/rotary_encoder.dir/pico-sdk/src/rp2_common/pico_printf/printf.c.obj
 .text._vsnprintf
                0x10003a44     0x11e0 CMakeFiles/rotary_encoder.dir/pico-sdk/src/rp2_common/pico_printf/printf.c.obj
 .text.vfctprintf
                0x10004c24       0x20 CMakeFiles/rotary_encoder.dir/pico-sdk/src/rp2_common/pico_printf/printf.c.obj
                0x10004c24                vfctprintf
 .text.weak_raw_vprintf
                0x10004c44       0x30 CMakeFiles/rotary_encoder.dir/pico-sdk/src/rp2_common/pico_printf/printf.c.obj
                0x10004c44                weak_raw_vprintf
 .text          0x10004c74       0x10 CMakeFiles/rotary_encoder.dir/pico-sdk/src/rp2_common/pico_bit_ops/bit_ops_aeabi.S.obj
 .text.rom_func_lookup
                0x10004c84       0x10 CMakeFiles/rotary_encoder.dir/pico-sdk/src/rp2_common/pico_bootrom/bootrom.c.obj
                0x10004c84                rom_func_lookup
 .text.rom_data_lookup
                0x10004c94       0x10 CMakeFiles/rotary_encoder.dir/pico-sdk/src/rp2_common/pico_bootrom/bootrom.c.obj
                0x10004c94                rom_data_lookup
 .text.rom_funcs_lookup
                0x10004ca4       0x3c CMakeFiles/rotary_encoder.dir/pico-sdk/src/rp2_common/pico_bootrom/bootrom.c.obj
                0x10004ca4                rom_funcs_lookup
 .text.__wrap___aeabi_idiv
                0x10004ce0       0x50 CMakeFiles/rotary_encoder.dir/pico-sdk/src/rp2_common/pico_divider/divider.S.obj
                0x10004ce0                __wrap___aeabi_idivmod
                0x10004ce0                divmod_s32s32
                0x10004ce0                div_s32s32
                0x10004ce0                __wrap___aeabi_idiv
                0x10004ce8                divmod_s32s32_unsafe
                0x10004d14                divmod_s32s32_savestate
 .text.__wrap___aeabi_uidiv
                0x10004d30       0x4c CMakeFiles/rotary_encoder.dir/pico-sdk/src/rp2_common/pico_divider/divider.S.obj
                0x10004d30                __wrap___aeabi_uidiv
                0x10004d30                __wrap___aeabi_uidivmod
                0x10004d30                div_u32u32
                0x10004d30                divmod_u32u32
                0x10004d38                divmod_u32u32_unsafe
                0x10004d60                divmod_u32u32_savestate
 .text.__wrap___aeabi_ldiv
                0x10004d7c      0x434 CMakeFiles/rotary_encoder.dir/pico-sdk/src/rp2_common/pico_divider/divider.S.obj
                0x10004d7c                div_s64s64
                0x10004d7c                divmod_s64s64
                0x10004d7c                __wrap___aeabi_ldivmod
                0x10004db4                div_u64u64
                0x10004db4                divmod_u64u64
                0x10004db4                __wrap___aeabi_uldivmod
                0x10004dc4                divmod_u64u64_savestate
                0x10004dec                divmod_s64s64_unsafe
                0x10004e74                divmod_u64u64_unsafe
 .text.__wrap___aeabi_darithmetic
                0x100051b0       0x80 CMakeFiles/rotary_encoder.dir/pico-sdk/src/rp2_common/pico_double/double_aeabi.S.obj
                0x100051b0                __wrap___aeabi_drsub
                0x100051b6                __wrap___aeabi_dsub
                0x100051c8                __wrap___aeabi_dadd
                0x100051da                __wrap___aeabi_ddiv
                0x10005216                __wrap___aeabi_dmul
 .text.__wrap___aeabi_cdcmple
                0x10005230       0x6c CMakeFiles/rotary_encoder.dir/pico-sdk/src/rp2_common/pico_double/double_aeabi.S.obj
                0x10005230                __wrap___aeabi_cdrcmple
                0x10005240                __wrap___aeabi_cdcmple
                0x10005240                __wrap___aeabi_cdcmpeq
 .text.__wrap___aeabi_dcmplt
                0x1000529c        0xc CMakeFiles/rotary_encoder.dir/pico-sdk/src/rp2_common/pico_double/double_aeabi.S.obj
                0x1000529c                __wrap___aeabi_dcmplt
 .text.__wrap___aeabi_dcmpge
                0x100052a8       0x10 CMakeFiles/rotary_encoder.dir/pico-sdk/src/rp2_common/pico_double/double_aeabi.S.obj
                0x100052a8                __wrap___aeabi_dcmpge
 .text.__wrap___aeabi_dcmpgt
                0x100052b8        0xa CMakeFiles/rotary_encoder.dir/pico-sdk/src/rp2_common/pico_double/double_aeabi.S.obj
                0x100052b8                __wrap___aeabi_dcmpgt
 .text.__wrap___aeabi_dcmpun
                0x100052c2       0x1c CMakeFiles/rotary_encoder.dir/pico-sdk/src/rp2_common/pico_double/double_aeabi.S.obj
                0x100052c2                __wrap___aeabi_dcmpun
 *fill*         0x100052de        0x2 
 .text.__wrap___aeabi_i2d
                0x100052e0       0x38 CMakeFiles/rotary_encoder.dir/pico-sdk/src/rp2_common/pico_double/double_aeabi.S.obj
                0x100052e0                __wrap___aeabi_ui2d
                0x100052e8                __wrap___aeabi_i2d
 .text.__wrap___aeabi_d2iz
                0x10005318       0x48 CMakeFiles/rotary_encoder.dir/pico-sdk/src/rp2_common/pico_double/double_aeabi.S.obj
                0x10005318                __wrap___aeabi_d2iz
                0x10005318                double2int_z
 .text.__wrap___aeabi_d2uiz
                0x10005360       0x18 CMakeFiles/rotary_encoder.dir/pico-sdk/src/rp2_common/pico_double/double_aeabi.S.obj
                0x10005360                double2uint
                0x10005360                __wrap___aeabi_d2uiz
 .text.__aeabi_double_init
                0x10005378       0x60 CMakeFiles/rotary_encoder.dir/pico-sdk/src/rp2_common/pico_double/double_init_rom.c.obj
                0x10005378                __aeabi_double_init
 .text.double_table_shim_on_use_helper
                0x100053d8       0x2c CMakeFiles/rotary_encoder.dir/pico-sdk/src/rp2_common/pico_double/double_v1_rom_shim.S.obj
                0x100053d8                double_table_shim_on_use_helper
 .text.__wrap___aeabi_dsub
                0x10005404       0x10 CMakeFiles/rotary_encoder.dir/pico-sdk/src/rp2_common/pico_double/double_v1_rom_shim.S.obj
                0x10005404                drsub_shim
                0x1000540a                dsub_shim
 .text.dadd_shim
                0x10005414      0x15c CMakeFiles/rotary_encoder.dir/pico-sdk/src/rp2_common/pico_double/double_v1_rom_shim.S.obj
                0x10005414                dadd_shim
 .text.dmul_shim
                0x10005570      0x15c CMakeFiles/rotary_encoder.dir/pico-sdk/src/rp2_common/pico_double/double_v1_rom_shim.S.obj
                0x10005570                dmul_shim
 .text.ddiv_shim
                0x100056cc      0x1b0 CMakeFiles/rotary_encoder.dir/pico-sdk/src/rp2_common/pico_double/double_v1_rom_shim.S.obj
                0x100056cc                ddiv_shim
 .text.double2uint_shim
                0x1000587c        0xe CMakeFiles/rotary_encoder.dir/pico-sdk/src/rp2_common/pico_double/double_v1_rom_shim.S.obj
                0x1000587c                double2uint_shim
                0x1000587e                double2ufix_shim
 *fill*         0x1000588a        0x2 
 .text.double2uint64_shim
                0x1000588c       0x70 CMakeFiles/rotary_encoder.dir/pico-sdk/src/rp2_common/pico_double/double_v1_rom_shim.S.obj
                0x1000588c                double2uint64_shim
                0x1000588e                double2ufix64_shim
                0x100058ae                d2fix_a
 .text.dunpacks
                0x100058fc       0x3c CMakeFiles/rotary_encoder.dir/pico-sdk/src/rp2_common/pico_double/double_v1_rom_shim.S.obj
                0x100058fc                dunpacks
 .text.__aeabi_lmul
                0x10005938       0x32 CMakeFiles/rotary_encoder.dir/pico-sdk/src/rp2_common/pico_int64_ops/pico_int64_ops_aeabi.S.obj
                0x10005938                __wrap___aeabi_lmul
 *fill*         0x1000596a        0x2 
 .text.__aeabi_float_init
                0x1000596c       0x68 CMakeFiles/rotary_encoder.dir/pico-sdk/src/rp2_common/pico_float/float_init_rom.c.obj
                0x1000596c                __aeabi_float_init
 .text.float_table_shim_on_use_helper
                0x100059d4       0x2c CMakeFiles/rotary_encoder.dir/pico-sdk/src/rp2_common/pico_float/float_v1_rom_shim.S.obj
                0x100059d4                float_table_shim_on_use_helper
 .text          0x10005a00       0x10 CMakeFiles/rotary_encoder.dir/pico-sdk/src/rp2_common/pico_mem_ops/mem_ops_aeabi.S.obj
                0x10005a00                __aeabi_mem_init
 .text.memset   0x10005a10        0xc CMakeFiles/rotary_encoder.dir/pico-sdk/src/rp2_common/pico_mem_ops/mem_ops_aeabi.S.obj
                0x10005a10                __wrap_memset
 .text.memcpy   0x10005a1c        0xc CMakeFiles/rotary_encoder.dir/pico-sdk/src/rp2_common/pico_mem_ops/mem_ops_aeabi.S.obj
                0x10005a1c                __wrap___aeabi_memcpy
                0x10005a1c                __wrap_memcpy
 .text.stdio_out_chars_crlf
                0x10005a28       0x9c CMakeFiles/rotary_encoder.dir/pico-sdk/src/rp2_common/pico_stdio/stdio.c.obj
 .text.stdio_stack_buffer_flush.part.1
                0x10005ac4       0xdc CMakeFiles/rotary_encoder.dir/pico-sdk/src/rp2_common/pico_stdio/stdio.c.obj
 .text.stdio_buffered_printer
                0x10005ba0       0x20 CMakeFiles/rotary_encoder.dir/pico-sdk/src/rp2_common/pico_stdio/stdio.c.obj
 .text.__wrap_putchar
                0x10005bc0       0xa0 CMakeFiles/rotary_encoder.dir/pico-sdk/src/rp2_common/pico_stdio/stdio.c.obj
                0x10005bc0                __wrap_putchar
 .text.__wrap_puts
                0x10005c60       0xe8 CMakeFiles/rotary_encoder.dir/pico-sdk/src/rp2_common/pico_stdio/stdio.c.obj
                0x10005c60                __wrap_puts
 .text.stdio_set_driver_enabled
                0x10005d48       0x30 CMakeFiles/rotary_encoder.dir/pico-sdk/src/rp2_common/pico_stdio/stdio.c.obj
                0x10005d48                stdio_set_driver_enabled
 .text.__wrap_vprintf
                0x10005d78       0x94 CMakeFiles/rotary_encoder.dir/pico-sdk/src/rp2_common/pico_stdio/stdio.c.obj
                0x10005d78                __wrap_vprintf
 .text.__wrap_printf
                0x10005e0c       0x18 CMakeFiles/rotary_encoder.dir/pico-sdk/src/rp2_common/pico_stdio/stdio.c.obj
                0x10005e0c                __wrap_printf
 .text.stdio_init_all
                0x10005e24        0x8 CMakeFiles/rotary_encoder.dir/pico-sdk/src/rp2_common/pico_stdio/stdio.c.obj
                0x10005e24                stdio_init_all
 .text.resetd_init
                0x10005e2c        0x4 CMakeFiles/rotary_encoder.dir/pico-sdk/src/rp2_common/pico_stdio_usb/reset_interface.c.obj
 .text.resetd_reset
                0x10005e30        0xc CMakeFiles/rotary_encoder.dir/pico-sdk/src/rp2_common/pico_stdio_usb/reset_interface.c.obj
 .text.resetd_xfer_cb
                0x10005e3c        0x4 CMakeFiles/rotary_encoder.dir/pico-sdk/src/rp2_common/pico_stdio_usb/reset_interface.c.obj
 .text.resetd_open
                0x10005e40       0x28 CMakeFiles/rotary_encoder.dir/pico-sdk/src/rp2_common/pico_stdio_usb/reset_interface.c.obj
 .text.resetd_control_xfer_cb
                0x10005e68       0x64 CMakeFiles/rotary_encoder.dir/pico-sdk/src/rp2_common/pico_stdio_usb/reset_interface.c.obj
 .text.usbd_app_driver_get_cb
                0x10005ecc        0xc CMakeFiles/rotary_encoder.dir/pico-sdk/src/rp2_common/pico_stdio_usb/reset_interface.c.obj
                0x10005ecc                usbd_app_driver_get_cb
 .text.tud_cdc_line_coding_cb
                0x10005ed8       0x34 CMakeFiles/rotary_encoder.dir/pico-sdk/src/rp2_common/pico_stdio_usb/reset_interface.c.obj
                0x10005ed8                tud_cdc_line_coding_cb
 .text.stdio_usb_in_chars
                0x10005f0c       0x68 CMakeFiles/rotary_encoder.dir/pico-sdk/src/rp2_common/pico_stdio_usb/stdio_usb.c.obj
                0x10005f0c                stdio_usb_in_chars
 .text.timer_task
                0x10005f74       0x18 CMakeFiles/rotary_encoder.dir/pico-sdk/src/rp2_common/pico_stdio_usb/stdio_usb.c.obj
 .text.usb_irq  0x10005f8c       0x10 CMakeFiles/rotary_encoder.dir/pico-sdk/src/rp2_common/pico_stdio_usb/stdio_usb.c.obj
 .text.low_priority_worker_irq
                0x10005f9c       0x20 CMakeFiles/rotary_encoder.dir/pico-sdk/src/rp2_common/pico_stdio_usb/stdio_usb.c.obj
 .text.stdio_usb_out_chars
                0x10005fbc       0xf0 CMakeFiles/rotary_encoder.dir/pico-sdk/src/rp2_common/pico_stdio_usb/stdio_usb.c.obj
 .text.stdio_usb_init
                0x100060ac       0xb0 CMakeFiles/rotary_encoder.dir/pico-sdk/src/rp2_common/pico_stdio_usb/stdio_usb.c.obj
                0x100060ac                stdio_usb_init
 .text.tud_descriptor_device_cb
                0x1000615c        0x8 CMakeFiles/rotary_encoder.dir/pico-sdk/src/rp2_common/pico_stdio_usb/stdio_usb_descriptors.c.obj
                0x1000615c                tud_descriptor_device_cb
 .text.tud_descriptor_configuration_cb
                0x10006164        0x8 CMakeFiles/rotary_encoder.dir/pico-sdk/src/rp2_common/pico_stdio_usb/stdio_usb_descriptors.c.obj
                0x10006164                tud_descriptor_configuration_cb
 .text.tud_descriptor_string_cb
                0x1000616c       0x70 CMakeFiles/rotary_encoder.dir/pico-sdk/src/rp2_common/pico_stdio_usb/stdio_usb_descriptors.c.obj
                0x1000616c                tud_descriptor_string_cb
 .text.dcd_rp2040_irq
                0x100061dc      0x21c CMakeFiles/rotary_encoder.dir/pico-sdk/lib/tinyusb/src/portable/raspberrypi/rp2040/dcd_rp2040.c.obj
 .text.dcd_int_enable
                0x100063f8        0xc CMakeFiles/rotary_encoder.dir/pico-sdk/lib/tinyusb/src/portable/raspberrypi/rp2040/dcd_rp2040.c.obj
                0x100063f8                dcd_int_enable
 .text.dcd_set_address
                0x10006404       0x14 CMakeFiles/rotary_encoder.dir/pico-sdk/lib/tinyusb/src/portable/raspberrypi/rp2040/dcd_rp2040.c.obj
                0x10006404                dcd_set_address
 .text.dcd_connect
                0x10006418       0x10 CMakeFiles/rotary_encoder.dir/pico-sdk/lib/tinyusb/src/portable/raspberrypi/rp2040/dcd_rp2040.c.obj
                0x10006418                dcd_connect
 .text.dcd_init
                0x10006428      0x144 CMakeFiles/rotary_encoder.dir/pico-sdk/lib/tinyusb/src/portable/raspberrypi/rp2040/dcd_rp2040.c.obj
                0x10006428                dcd_init
 .text.dcd_edpt0_status_complete
                0x1000656c       0x1c CMakeFiles/rotary_encoder.dir/pico-sdk/lib/tinyusb/src/portable/raspberrypi/rp2040/dcd_rp2040.c.obj
                0x1000656c                dcd_edpt0_status_complete
 .text.dcd_edpt_open
                0x10006588       0xf0 CMakeFiles/rotary_encoder.dir/pico-sdk/lib/tinyusb/src/portable/raspberrypi/rp2040/dcd_rp2040.c.obj
                0x10006588                dcd_edpt_open
 .text.dcd_edpt_close_all
                0x10006678       0xbc CMakeFiles/rotary_encoder.dir/pico-sdk/lib/tinyusb/src/portable/raspberrypi/rp2040/dcd_rp2040.c.obj
                0x10006678                dcd_edpt_close_all
 .text.dcd_edpt_xfer
                0x10006734       0x24 CMakeFiles/rotary_encoder.dir/pico-sdk/lib/tinyusb/src/portable/raspberrypi/rp2040/dcd_rp2040.c.obj
                0x10006734                dcd_edpt_xfer
 .text.dcd_edpt_stall
                0x10006758       0x34 CMakeFiles/rotary_encoder.dir/pico-sdk/lib/tinyusb/src/portable/raspberrypi/rp2040/dcd_rp2040.c.obj
                0x10006758                dcd_edpt_stall
 .text.dcd_edpt_clear_stall
                0x1000678c       0x2c CMakeFiles/rotary_encoder.dir/pico-sdk/lib/tinyusb/src/portable/raspberrypi/rp2040/dcd_rp2040.c.obj
                0x1000678c                dcd_edpt_clear_stall
 .text.rp2040_usb_init
                0x100067b8       0x4c CMakeFiles/rotary_encoder.dir/pico-sdk/lib/tinyusb/src/portable/raspberrypi/rp2040/rp2040_usb.c.obj
                0x100067b8                rp2040_usb_init
 .text.hw_endpoint_reset_transfer
                0x10006804        0xc CMakeFiles/rotary_encoder.dir/pico-sdk/lib/tinyusb/src/portable/raspberrypi/rp2040/rp2040_usb.c.obj
                0x10006804                hw_endpoint_reset_transfer
 .text._hw_endpoint_buffer_control_update32
                0x10006810       0x58 CMakeFiles/rotary_encoder.dir/pico-sdk/lib/tinyusb/src/portable/raspberrypi/rp2040/rp2040_usb.c.obj
                0x10006810                _hw_endpoint_buffer_control_update32
 .text.hw_endpoint_xfer_start
                0x10006868      0x14c CMakeFiles/rotary_encoder.dir/pico-sdk/lib/tinyusb/src/portable/raspberrypi/rp2040/rp2040_usb.c.obj
                0x10006868                hw_endpoint_xfer_start
 .text.hw_endpoint_xfer_continue
                0x100069b4      0x200 CMakeFiles/rotary_encoder.dir/pico-sdk/lib/tinyusb/src/portable/raspberrypi/rp2040/rp2040_usb.c.obj
                0x100069b4                hw_endpoint_xfer_continue
 .text.tud_mounted
                0x10006bb4       0x10 CMakeFiles/rotary_encoder.dir/pico-sdk/lib/tinyusb/src/device/usbd.c.obj
                0x10006bb4                tud_mounted
 .text.tud_suspended
                0x10006bc4       0x10 CMakeFiles/rotary_encoder.dir/pico-sdk/lib/tinyusb/src/device/usbd.c.obj
                0x10006bc4                tud_suspended
 .text.tud_inited
                0x10006bd4        0xc CMakeFiles/rotary_encoder.dir/pico-sdk/lib/tinyusb/src/device/usbd.c.obj
                0x10006bd4                tud_inited
 .text.tud_init
                0x10006be0       0xdc CMakeFiles/rotary_encoder.dir/pico-sdk/lib/tinyusb/src/device/usbd.c.obj
                0x10006be0                tud_init
 .text.tud_task
                0x10006cbc      0x938 CMakeFiles/rotary_encoder.dir/pico-sdk/lib/tinyusb/src/device/usbd.c.obj
                0x10006cbc                tud_task
 .text.dcd_event_bus_signal
                0x100075f4      0x124 CMakeFiles/rotary_encoder.dir/pico-sdk/lib/tinyusb/src/device/usbd.c.obj
                0x100075f4                dcd_event_bus_signal
 .text.dcd_event_bus_reset
                0x10007718       0x58 CMakeFiles/rotary_encoder.dir/pico-sdk/lib/tinyusb/src/device/usbd.c.obj
                0x10007718                dcd_event_bus_reset
 .text.dcd_event_setup_received
                0x10007770       0x50 CMakeFiles/rotary_encoder.dir/pico-sdk/lib/tinyusb/src/device/usbd.c.obj
                0x10007770                dcd_event_setup_received
 .text.dcd_event_xfer_complete
                0x100077c0       0x68 CMakeFiles/rotary_encoder.dir/pico-sdk/lib/tinyusb/src/device/usbd.c.obj
                0x100077c0                dcd_event_xfer_complete
 .text.usbd_open_edpt_pair
                0x10007828       0xa4 CMakeFiles/rotary_encoder.dir/pico-sdk/lib/tinyusb/src/device/usbd.c.obj
                0x10007828                usbd_open_edpt_pair
 .text.usbd_edpt_open
                0x100078cc       0x30 CMakeFiles/rotary_encoder.dir/pico-sdk/lib/tinyusb/src/device/usbd.c.obj
                0x100078cc                usbd_edpt_open
 .text.usbd_edpt_claim
                0x100078fc       0x5c CMakeFiles/rotary_encoder.dir/pico-sdk/lib/tinyusb/src/device/usbd.c.obj
                0x100078fc                usbd_edpt_claim
 .text.usbd_edpt_release
                0x10007958       0x4c CMakeFiles/rotary_encoder.dir/pico-sdk/lib/tinyusb/src/device/usbd.c.obj
                0x10007958                usbd_edpt_release
 .text.usbd_edpt_xfer
                0x100079a4       0x48 CMakeFiles/rotary_encoder.dir/pico-sdk/lib/tinyusb/src/device/usbd.c.obj
                0x100079a4                usbd_edpt_xfer
 .text.tud_control_status
                0x100079ec       0x30 CMakeFiles/rotary_encoder.dir/pico-sdk/lib/tinyusb/src/device/usbd_control.c.obj
                0x100079ec                tud_control_status
 .text.tud_control_xfer
                0x10007a1c       0xb4 CMakeFiles/rotary_encoder.dir/pico-sdk/lib/tinyusb/src/device/usbd_control.c.obj
                0x10007a1c                tud_control_xfer
 .text.usbd_control_reset
                0x10007ad0       0x14 CMakeFiles/rotary_encoder.dir/pico-sdk/lib/tinyusb/src/device/usbd_control.c.obj
                0x10007ad0                usbd_control_reset
 .text.usbd_control_set_complete_callback
                0x10007ae4        0xc CMakeFiles/rotary_encoder.dir/pico-sdk/lib/tinyusb/src/device/usbd_control.c.obj
                0x10007ae4                usbd_control_set_complete_callback
 .text.usbd_control_set_request
                0x10007af0       0x1c CMakeFiles/rotary_encoder.dir/pico-sdk/lib/tinyusb/src/device/usbd_control.c.obj
                0x10007af0                usbd_control_set_request
 .text.usbd_control_xfer_cb
                0x10007b0c       0xfc CMakeFiles/rotary_encoder.dir/pico-sdk/lib/tinyusb/src/device/usbd_control.c.obj
                0x10007b0c                usbd_control_xfer_cb
 .text.tud_cdc_n_connected
                0x10007c08       0x30 CMakeFiles/rotary_encoder.dir/pico-sdk/lib/tinyusb/src/class/cdc/cdc_device.c.obj
                0x10007c08                tud_cdc_n_connected
 .text.tud_cdc_n_available
                0x10007c38       0x1c CMakeFiles/rotary_encoder.dir/pico-sdk/lib/tinyusb/src/class/cdc/cdc_device.c.obj
                0x10007c38                tud_cdc_n_available
 .text.tud_cdc_n_read
                0x10007c54       0x70 CMakeFiles/rotary_encoder.dir/pico-sdk/lib/tinyusb/src/class/cdc/cdc_device.c.obj
                0x10007c54                tud_cdc_n_read
 .text.tud_cdc_n_write
                0x10007cc4       0x90 CMakeFiles/rotary_encoder.dir/pico-sdk/lib/tinyusb/src/class/cdc/cdc_device.c.obj
                0x10007cc4                tud_cdc_n_write
 .text.tud_cdc_n_write_flush
                0x10007d54       0x78 CMakeFiles/rotary_encoder.dir/pico-sdk/lib/tinyusb/src/class/cdc/cdc_device.c.obj
                0x10007d54                tud_cdc_n_write_flush
 .text.tud_cdc_n_write_available
                0x10007dcc       0x1c CMakeFiles/rotary_encoder.dir/pico-sdk/lib/tinyusb/src/class/cdc/cdc_device.c.obj
                0x10007dcc                tud_cdc_n_write_available
 .text.cdcd_init
                0x10007de8       0x7c CMakeFiles/rotary_encoder.dir/pico-sdk/lib/tinyusb/src/class/cdc/cdc_device.c.obj
                0x10007de8                cdcd_init
 .text.cdcd_reset
                0x10007e64       0x2c CMakeFiles/rotary_encoder.dir/pico-sdk/lib/tinyusb/src/class/cdc/cdc_device.c.obj
                0x10007e64                cdcd_reset
 .text.cdcd_open
                0x10007e90       0xe4 CMakeFiles/rotary_encoder.dir/pico-sdk/lib/tinyusb/src/class/cdc/cdc_device.c.obj
                0x10007e90                cdcd_open
 .text.cdcd_control_xfer_cb
                0x10007f74       0xe4 CMakeFiles/rotary_encoder.dir/pico-sdk/lib/tinyusb/src/class/cdc/cdc_device.c.obj
                0x10007f74                cdcd_control_xfer_cb
 .text.cdcd_xfer_cb
                0x10008058      0x198 CMakeFiles/rotary_encoder.dir/pico-sdk/lib/tinyusb/src/class/cdc/cdc_device.c.obj
                0x10008058                cdcd_xfer_cb
 .text.tusb_init
                0x100081f0        0xc CMakeFiles/rotary_encoder.dir/pico-sdk/lib/tinyusb/src/tusb.c.obj
                0x100081f0                tusb_init
 .text.tusb_inited
                0x100081fc        0x8 CMakeFiles/rotary_encoder.dir/pico-sdk/lib/tinyusb/src/tusb.c.obj
                0x100081fc                tusb_inited
 .text.tu_edpt_validate
                0x10008204       0x78 CMakeFiles/rotary_encoder.dir/pico-sdk/lib/tinyusb/src/tusb.c.obj
                0x10008204                tu_edpt_validate
 .text.tu_edpt_bind_driver
                0x1000827c       0x2c CMakeFiles/rotary_encoder.dir/pico-sdk/lib/tinyusb/src/tusb.c.obj
                0x1000827c                tu_edpt_bind_driver
 .text.tu_fifo_config
                0x100082a8       0x78 CMakeFiles/rotary_encoder.dir/pico-sdk/lib/tinyusb/src/common/tusb_fifo.c.obj
                0x100082a8                tu_fifo_config
 .text.tu_fifo_count
                0x10008320       0x24 CMakeFiles/rotary_encoder.dir/pico-sdk/lib/tinyusb/src/common/tusb_fifo.c.obj
                0x10008320                tu_fifo_count
 .text.tu_fifo_empty
                0x10008344       0x10 CMakeFiles/rotary_encoder.dir/pico-sdk/lib/tinyusb/src/common/tusb_fifo.c.obj
                0x10008344                tu_fifo_empty
 .text.tu_fifo_remaining
                0x10008354       0x20 CMakeFiles/rotary_encoder.dir/pico-sdk/lib/tinyusb/src/common/tusb_fifo.c.obj
                0x10008354                tu_fifo_remaining
 .text.tu_fifo_read
                0x10008374       0x9c CMakeFiles/rotary_encoder.dir/pico-sdk/lib/tinyusb/src/common/tusb_fifo.c.obj
                0x10008374                tu_fifo_read
 .text.tu_fifo_read_n
                0x10008410       0xf0 CMakeFiles/rotary_encoder.dir/pico-sdk/lib/tinyusb/src/common/tusb_fifo.c.obj
                0x10008410                tu_fifo_read_n
 .text.tu_fifo_write
                0x10008500       0x80 CMakeFiles/rotary_encoder.dir/pico-sdk/lib/tinyusb/src/common/tusb_fifo.c.obj
                0x10008500                tu_fifo_write
 .text.tu_fifo_write_n
                0x10008580       0xe8 CMakeFiles/rotary_encoder.dir/pico-sdk/lib/tinyusb/src/common/tusb_fifo.c.obj
                0x10008580                tu_fifo_write_n
 .text.tu_fifo_clear
                0x10008668       0x4c CMakeFiles/rotary_encoder.dir/pico-sdk/lib/tinyusb/src/common/tusb_fifo.c.obj
                0x10008668                tu_fifo_clear
 .text.tu_fifo_set_overwritable
                0x100086b4       0x3c CMakeFiles/rotary_encoder.dir/pico-sdk/lib/tinyusb/src/common/tusb_fifo.c.obj
                0x100086b4                tu_fifo_set_overwritable
 .text.startup._retrieve_unique_id_on_boot
                0x100086f0       0x10 CMakeFiles/rotary_encoder.dir/pico-sdk/src/rp2_common/pico_unique_id/unique_id.c.obj
 .text.pico_get_unique_board_id_string
                0x10008700      0x1cc CMakeFiles/rotary_encoder.dir/pico-sdk/src/rp2_common/pico_unique_id/unique_id.c.obj
                0x10008700                pico_get_unique_board_id_string
 .text.flash_get_unique_id
                0x100088cc       0x3c CMakeFiles/rotary_encoder.dir/pico-sdk/src/rp2_common/hardware_flash/flash.c.obj
                0x100088cc                flash_get_unique_id
 .text          0x10008908       0x64 /usr/lib/gcc/arm-none-eabi/7.3.1/../../../arm-none-eabi/lib/thumb/v6-m/libc.a(lib_a-strlen-stub.o)
                0x10008908                strlen
 *(.fini)
 .fini          0x1000896c        0x4 /usr/lib/gcc/arm-none-eabi/7.3.1/thumb/v6-m/crti.o
                0x1000896c                _fini
 .fini.__stub   0x10008970       0x70 linker stubs
 *crtbegin.o(.ctors)
 *crtbegin?.o(.ctors)
 *(EXCLUDE_FILE(*crtend.o *crtend?.o) .ctors)
 *(SORT_BY_NAME(.ctors.*))
 *(.ctors)
 *crtbegin.o(.dtors)
 *crtbegin?.o(.dtors)
 *(EXCLUDE_FILE(*crtend.o *crtend?.o) .dtors)
 *(SORT_BY_NAME(.dtors.*))
 *(.dtors)
 *(.eh_frame*)
 .eh_frame      0x100089e0        0x0 /usr/lib/gcc/arm-none-eabi/7.3.1/thumb/v6-m/crtbegin.o
                0x100089e0                . = ALIGN (0x4)

.glue_7         0x100089e0        0x0
 .glue_7        0x100089e0        0x0 linker stubs

.glue_7t        0x100089e0        0x0
 .glue_7t       0x100089e0        0x0 linker stubs

.vfp11_veneer   0x100089e0        0x0
 .vfp11_veneer  0x100089e0        0x0 linker stubs

.v4_bx          0x100089e0        0x0
 .v4_bx         0x100089e0        0x0 linker stubs

.iplt           0x100089e0        0x0
 .iplt          0x100089e0        0x0 /usr/lib/gcc/arm-none-eabi/7.3.1/thumb/v6-m/crtbegin.o

.rodata         0x100089e0      0x554
 *(EXCLUDE_FILE(*libm.a: *libc.a:*lib_a-mem*.o *libgcc.a:) .rodata*)
 .rodata.encoder_left.str1.4
                0x100089e0       0x13 CMakeFiles/rotary_encoder.dir/rotary_ecoder_usb_comm/rotary_encoder.c.obj
 *fill*         0x100089f3        0x1 
 .rodata.encoder_right.str1.4
                0x100089f4       0x19 CMakeFiles/rotary_encoder.dir/rotary_ecoder_usb_comm/rotary_encoder.c.obj
 *fill*         0x10008a0d        0x3 
 .rodata.spin_lock_claim_unused.str1.4
                0x10008a10       0x1b CMakeFiles/rotary_encoder.dir/pico-sdk/src/rp2_common/hardware_sync/sync.c.obj
 *fill*         0x10008a2b        0x1 
 .rodata.user_irq_claim_unused.str1.4
                0x10008a2c       0x1b CMakeFiles/rotary_encoder.dir/pico-sdk/src/rp2_common/hardware_irq/irq.c.obj
 *fill*         0x10008a47        0x1 
 .rodata.hardware_alarm_claim.str1.4
                0x10008a48       0x22 CMakeFiles/rotary_encoder.dir/pico-sdk/src/rp2_common/hardware_timer/timer.c.obj
 *fill*         0x10008a6a        0x2 
 .rodata.hard_assertion_failure.str1.4
                0x10008a6c        0xc CMakeFiles/rotary_encoder.dir/pico-sdk/src/rp2_common/pico_runtime/runtime.c.obj
 .rodata.panic.str1.4
                0x10008a78       0x12 CMakeFiles/rotary_encoder.dir/pico-sdk/src/rp2_common/pico_runtime/runtime.c.obj
 *fill*         0x10008a8a        0x2 
 .rodata._vsnprintf
                0x10008a8c      0x1e0 CMakeFiles/rotary_encoder.dir/pico-sdk/src/rp2_common/pico_printf/printf.c.obj
 .rodata._etoa.part.0.str1.4
                0x10008c6c        0x9 CMakeFiles/rotary_encoder.dir/pico-sdk/src/rp2_common/pico_printf/printf.c.obj
 *fill*         0x10008c75        0x3 
 .rodata._ftoa.str1.4
                0x10008c78        0xc CMakeFiles/rotary_encoder.dir/pico-sdk/src/rp2_common/pico_printf/printf.c.obj
 *fill*         0x10008c84        0x4 
 .rodata.pow10.5391
                0x10008c88       0x50 CMakeFiles/rotary_encoder.dir/pico-sdk/src/rp2_common/pico_printf/printf.c.obj
 .rodata.__bi_44
                0x10008cd8        0xc CMakeFiles/rotary_encoder.dir/pico-sdk/src/rp2_common/pico_standard_link/binary_info.c.obj
 .rodata.__bi_75
                0x10008ce4        0xc CMakeFiles/rotary_encoder.dir/pico-sdk/src/rp2_common/pico_standard_link/binary_info.c.obj
 .rodata.__bi_81
                0x10008cf0        0xc CMakeFiles/rotary_encoder.dir/pico-sdk/src/rp2_common/pico_standard_link/binary_info.c.obj
 .rodata.str1.4
                0x10008cfc       0x44 CMakeFiles/rotary_encoder.dir/pico-sdk/src/rp2_common/pico_standard_link/binary_info.c.obj
 .rodata.crlf_str.5860
                0x10008d40        0x2 CMakeFiles/rotary_encoder.dir/pico-sdk/src/rp2_common/pico_stdio/stdio.c.obj
 *fill*         0x10008d42        0x2 
 .rodata._resetd_driver
                0x10008d44       0x18 CMakeFiles/rotary_encoder.dir/pico-sdk/src/rp2_common/pico_stdio_usb/reset_interface.c.obj
 .rodata.__bi_118.7154
                0x10008d5c        0xc CMakeFiles/rotary_encoder.dir/pico-sdk/src/rp2_common/pico_stdio_usb/stdio_usb.c.obj
 .rodata.str1.4
                0x10008d68       0x13 CMakeFiles/rotary_encoder.dir/pico-sdk/src/rp2_common/pico_stdio_usb/stdio_usb.c.obj
 *fill*         0x10008d7b        0x1 
 .rodata.str1.4
                0x10008d7c       0x2a CMakeFiles/rotary_encoder.dir/pico-sdk/src/rp2_common/pico_stdio_usb/stdio_usb_descriptors.c.obj
 *fill*         0x10008da6        0x2 
 .rodata.usbd_desc_cfg
                0x10008da8       0x54 CMakeFiles/rotary_encoder.dir/pico-sdk/src/rp2_common/pico_stdio_usb/stdio_usb_descriptors.c.obj
 .rodata.usbd_desc_device
                0x10008dfc       0x12 CMakeFiles/rotary_encoder.dir/pico-sdk/src/rp2_common/pico_stdio_usb/stdio_usb_descriptors.c.obj
 *fill*         0x10008e0e        0x2 
 .rodata.usbd_desc_str
                0x10008e10       0x18 CMakeFiles/rotary_encoder.dir/pico-sdk/src/rp2_common/pico_stdio_usb/stdio_usb_descriptors.c.obj
 .rodata.dcd_rp2040_irq.str1.4
                0x10008e28       0x14 CMakeFiles/rotary_encoder.dir/pico-sdk/lib/tinyusb/src/portable/raspberrypi/rp2040/dcd_rp2040.c.obj
 .rodata._hw_endpoint_buffer_control_update32.str1.4
                0x10008e3c       0x1f CMakeFiles/rotary_encoder.dir/pico-sdk/lib/tinyusb/src/portable/raspberrypi/rp2040/rp2040_usb.c.obj
 *fill*         0x10008e5b        0x1 
 .rodata.hw_endpoint_xfer_continue.str1.4
                0x10008e5c       0x29 CMakeFiles/rotary_encoder.dir/pico-sdk/lib/tinyusb/src/portable/raspberrypi/rp2040/rp2040_usb.c.obj
 *fill*         0x10008e85        0x3 
 .rodata.str1.4
                0x10008e88        0x8 CMakeFiles/rotary_encoder.dir/pico-sdk/lib/tinyusb/src/portable/raspberrypi/rp2040/rp2040_usb.c.obj
                                  0x7 (size before relaxing)
 .rodata.tud_task
                0x10008e90       0x8c CMakeFiles/rotary_encoder.dir/pico-sdk/lib/tinyusb/src/device/usbd.c.obj
 .rodata._usbd_driver
                0x10008f1c       0x18 CMakeFiles/rotary_encoder.dir/pico-sdk/lib/tinyusb/src/device/usbd.c.obj
                0x10008f34                . = ALIGN (0x4)
 *(SORT_BY_ALIGNMENT(SORT_BY_NAME(.flashdata*)))
                0x10008f34                . = ALIGN (0x4)

.rel.dyn        0x10008f34        0x0
 .rel.iplt      0x10008f34        0x0 /usr/lib/gcc/arm-none-eabi/7.3.1/thumb/v6-m/crtbegin.o

.ARM.extab
 *(.ARM.extab* .gnu.linkonce.armextab.*)
                0x10008f34                __exidx_start = .

.ARM.exidx
 *(.ARM.exidx* .gnu.linkonce.armexidx.*)
                0x10008f34                __exidx_end = .
                0x10008f34                . = ALIGN (0x4)
                0x10008f34                __binary_info_start = .

.binary_info    0x10008f34       0x20
 *(.binary_info.keep.*)
 .binary_info.keep.__bi_ptr22
                0x10008f34        0x4 CMakeFiles/rotary_encoder.dir/pico-sdk/src/rp2_common/pico_standard_link/binary_info.c.obj
 .binary_info.keep.__bi_ptr30
                0x10008f38        0x4 CMakeFiles/rotary_encoder.dir/pico-sdk/src/rp2_common/pico_standard_link/binary_info.c.obj
 .binary_info.keep.__bi_ptr38
                0x10008f3c        0x4 CMakeFiles/rotary_encoder.dir/pico-sdk/src/rp2_common/pico_standard_link/binary_info.c.obj
 .binary_info.keep.__bi_ptr44
                0x10008f40        0x4 CMakeFiles/rotary_encoder.dir/pico-sdk/src/rp2_common/pico_standard_link/binary_info.c.obj
 .binary_info.keep.__bi_ptr50
                0x10008f44        0x4 CMakeFiles/rotary_encoder.dir/pico-sdk/src/rp2_common/pico_standard_link/binary_info.c.obj
 .binary_info.keep.__bi_ptr75
                0x10008f48        0x4 CMakeFiles/rotary_encoder.dir/pico-sdk/src/rp2_common/pico_standard_link/binary_info.c.obj
 .binary_info.keep.__bi_ptr81
                0x10008f4c        0x4 CMakeFiles/rotary_encoder.dir/pico-sdk/src/rp2_common/pico_standard_link/binary_info.c.obj
 *(.binary_info.*)
 .binary_info.__bi_ptr118
                0x10008f50        0x4 CMakeFiles/rotary_encoder.dir/pico-sdk/src/rp2_common/pico_stdio_usb/stdio_usb.c.obj
                0x10008f54                __binary_info_end = .
                0x10008f54                . = ALIGN (0x4)
                0x10008f54                __etext = .

.ram_vector_table
                0x20000000       0xc0
 *(.ram_vector_table)
 .ram_vector_table
                0x20000000       0xc0 CMakeFiles/rotary_encoder.dir/pico-sdk/src/rp2_common/pico_runtime/runtime.c.obj
                0x20000000                ram_vector_table

.data           0x200000c0      0x3b0 load address 0x10008f54
                0x200000c0                __data_start__ = .
 *(vtable)
 *(.time_critical*)
 .time_critical.mutex_enter_blocking
                0x200000c0       0x48 CMakeFiles/rotary_encoder.dir/pico-sdk/src/common/pico_sync/mutex.c.obj
                0x200000c0                mutex_enter_blocking
 .time_critical.mutex_try_enter
                0x20000108       0x48 CMakeFiles/rotary_encoder.dir/pico-sdk/src/common/pico_sync/mutex.c.obj
                0x20000108                mutex_try_enter
 .time_critical.mutex_enter_timeout_ms
                0x20000150       0x98 CMakeFiles/rotary_encoder.dir/pico-sdk/src/common/pico_sync/mutex.c.obj
                0x20000150                mutex_enter_timeout_ms
 .time_critical.mutex_exit
                0x200001e8       0x28 CMakeFiles/rotary_encoder.dir/pico-sdk/src/common/pico_sync/mutex.c.obj
                0x200001e8                mutex_exit
 .time_critical.flash_init_boot2_copyout
                0x20000210       0x34 CMakeFiles/rotary_encoder.dir/pico-sdk/src/rp2_common/hardware_flash/flash.c.obj
 .time_critical.flash_enable_xip_via_boot2
                0x20000244       0x10 CMakeFiles/rotary_encoder.dir/pico-sdk/src/rp2_common/hardware_flash/flash.c.obj
 .time_critical.flash_cs_force
                0x20000254       0x38 CMakeFiles/rotary_encoder.dir/pico-sdk/src/rp2_common/hardware_flash/flash.c.obj
 .time_critical.flash_do_cmd
                0x2000028c       0xac CMakeFiles/rotary_encoder.dir/pico-sdk/src/rp2_common/hardware_flash/flash.c.obj
                0x2000028c                flash_do_cmd
 *(.text*)
 .text          0x20000338        0x4 /usr/lib/gcc/arm-none-eabi/7.3.1/thumb/v6-m/libgcc.a(_dvmd_tls.o)
                0x20000338                __aeabi_ldiv0
                0x20000338                __aeabi_idiv0
 *fill*         0x2000033c        0x4 
 .text.__stub   0x20000340       0x30 linker stubs
                0x20000370                . = ALIGN (0x4)
 *(.rodata*)
                0x20000370                . = ALIGN (0x4)
 *(.data*)
 .data.striped_spin_lock_num
                0x20000370        0x1 CMakeFiles/rotary_encoder.dir/pico-sdk/src/rp2_common/hardware_sync/sync.c.obj
 *fill*         0x20000371        0x3 
 .data          0x20000374       0x48 CMakeFiles/rotary_encoder.dir/pico-sdk/src/rp2_common/hardware_irq/irq_handler_chain.S.obj
                0x20000374                irq_handler_chain_slots
                0x200003a4                irq_handler_chain_first_slot
                0x200003ae                irq_handler_chain_remove_tail
 .data.default_alarm_pool
                0x200003bc       0x18 CMakeFiles/rotary_encoder.dir/pico-sdk/src/common/pico_time/time.c.obj
 .data.default_alarm_pool_heap
                0x200003d4       0x10 CMakeFiles/rotary_encoder.dir/pico-sdk/src/common/pico_time/time.c.obj
 *fill*         0x200003e4        0xc 
 .data.aeabi_bits_funcs
                0x200003f0       0x10 CMakeFiles/rotary_encoder.dir/pico-sdk/src/rp2_common/pico_bit_ops/bit_ops_aeabi.S.obj
                0x200003f0                aeabi_bits_funcs
                0x20000400                aeabi_bits_funcs_end
 .data.aeabi_mem_funcs
                0x20000400       0x10 CMakeFiles/rotary_encoder.dir/pico-sdk/src/rp2_common/pico_mem_ops/mem_ops_aeabi.S.obj
                0x20000400                aeabi_mem_funcs
                0x20000410                aeabi_mem_funcs_end
 .data.stdio_usb
                0x20000410       0x14 CMakeFiles/rotary_encoder.dir/pico-sdk/src/rp2_common/pico_stdio_usb/stdio_usb.c.obj
                0x20000410                stdio_usb
 .data.ep_dir_string
                0x20000424        0x8 CMakeFiles/rotary_encoder.dir/pico-sdk/lib/tinyusb/src/portable/raspberrypi/rp2040/rp2040_usb.c.obj
                0x20000424                ep_dir_string
 .data._usbd_qdef
                0x2000042c       0x24 CMakeFiles/rotary_encoder.dir/pico-sdk/lib/tinyusb/src/device/usbd.c.obj
                0x2000042c                _usbd_qdef
                0x20000450                . = ALIGN (0x4)
 *(.after_data.*)
                0x20000450                . = ALIGN (0x4)
                0x20000450                PROVIDE (__mutex_array_start = .)
 *(SORT_BY_NAME(.mutex_array.*))
 *(.mutex_array)
 .mutex_array   0x20000450        0x8 CMakeFiles/rotary_encoder.dir/pico-sdk/src/rp2_common/pico_stdio/stdio.c.obj
                0x20000458                PROVIDE (__mutex_array_end = .)
                0x20000458                . = ALIGN (0x4)
                0x20000458                PROVIDE (__preinit_array_start = .)
 *(SORT_BY_NAME(.preinit_array.*))
 .preinit_array.00001
                0x20000458        0x4 CMakeFiles/rotary_encoder.dir/pico-sdk/src/rp2_common/pico_mem_ops/mem_ops_aeabi.S.obj
 .preinit_array.00010
                0x2000045c        0x4 CMakeFiles/rotary_encoder.dir/pico-sdk/src/rp2_common/pico_bit_ops/bit_ops_aeabi.S.obj
 .preinit_array.00020
                0x20000460        0x4 CMakeFiles/rotary_encoder.dir/pico-sdk/src/rp2_common/pico_double/double_aeabi.S.obj
 .preinit_array.00020
                0x20000464        0x4 CMakeFiles/rotary_encoder.dir/pico-sdk/src/rp2_common/pico_float/float_aeabi.S.obj
 *(.preinit_array)
                0x20000468                PROVIDE (__preinit_array_end = .)
                0x20000468                . = ALIGN (0x4)
                0x20000468                PROVIDE (__init_array_start = .)
 *(SORT_BY_NAME(.init_array.*))
 *(.init_array)
 .init_array    0x20000468        0x4 /usr/lib/gcc/arm-none-eabi/7.3.1/thumb/v6-m/crtbegin.o
 .init_array    0x2000046c        0x4 CMakeFiles/rotary_encoder.dir/pico-sdk/src/rp2_common/pico_unique_id/unique_id.c.obj
                0x20000470                PROVIDE (__init_array_end = .)
                0x20000470                . = ALIGN (0x4)
                0x20000470                PROVIDE (__fini_array_start = .)
 *(SORT_BY_NAME(.fini_array.*))
 *(.fini_array)
                0x20000470                PROVIDE (__fini_array_end = .)
 *(.jcr)
                0x20000470                . = ALIGN (0x4)
                0x20000470                __data_end__ = .

.tm_clone_table
                0x20000470        0x0 load address 0x10009304
 .tm_clone_table
                0x20000470        0x0 /usr/lib/gcc/arm-none-eabi/7.3.1/thumb/v6-m/crtbegin.o
 .tm_clone_table
                0x20000470        0x0 /usr/lib/gcc/arm-none-eabi/7.3.1/thumb/v6-m/crtend.o

.igot.plt       0x20000470        0x0 load address 0x10009304
 .igot.plt      0x20000470        0x0 /usr/lib/gcc/arm-none-eabi/7.3.1/thumb/v6-m/crtbegin.o

.uninitialized_data
                0x20000470        0x0 load address 0x10009304
                0x20000470                . = ALIGN (0x4)
 *(.uninitialized_data*)

.scratch_x      0x20040000        0x0 load address 0x10009304
                0x20040000                __scratch_x_start__ = .
 *(.scratch_x.*)
                0x20040000                . = ALIGN (0x4)
                0x20040000                __scratch_x_end__ = .
                0x10009304                __scratch_x_source__ = LOADADDR (.scratch_x)

.scratch_y      0x20041000        0x0 load address 0x10009304
                0x20041000                __scratch_y_start__ = .
 *(.scratch_y.*)
                0x20041000                . = ALIGN (0x4)
                0x20041000                __scratch_y_end__ = .
                0x10009304                __scratch_y_source__ = LOADADDR (.scratch_y)

.bss            0x20000470      0xda0
                0x20000470                . = ALIGN (0x4)
                0x20000470                __bss_start__ = .
 *(SORT_BY_ALIGNMENT(SORT_BY_NAME(.bss*)))
 .bss.default_alarm_pool_entries
                0x20000470      0x100 CMakeFiles/rotary_encoder.dir/pico-sdk/src/common/pico_time/time.c.obj
 .bss.last_avail_time.7133
                0x20000570        0x8 CMakeFiles/rotary_encoder.dir/pico-sdk/src/rp2_common/pico_stdio_usb/stdio_usb.c.obj
 .bss           0x20000578       0x1c /usr/lib/gcc/arm-none-eabi/7.3.1/thumb/v6-m/crtbegin.o
 .bss._app_driver
                0x20000594        0x4 CMakeFiles/rotary_encoder.dir/pico-sdk/lib/tinyusb/src/device/usbd.c.obj
 .bss._cdcd_itf
                0x20000598      0x2d8 CMakeFiles/rotary_encoder.dir/pico-sdk/lib/tinyusb/src/class/cdc/cdc_device.c.obj
 .bss._ctrl_xfer
                0x20000870       0x14 CMakeFiles/rotary_encoder.dir/pico-sdk/lib/tinyusb/src/device/usbd_control.c.obj
 .bss._ubsd_mutexdef
                0x20000884        0x8 CMakeFiles/rotary_encoder.dir/pico-sdk/lib/tinyusb/src/device/usbd.c.obj
 .bss._usbd_ctrl_buf
                0x2000088c       0x40 CMakeFiles/rotary_encoder.dir/pico-sdk/lib/tinyusb/src/device/usbd_control.c.obj
 .bss._usbd_dev
                0x200008cc       0x53 CMakeFiles/rotary_encoder.dir/pico-sdk/lib/tinyusb/src/device/usbd.c.obj
 *fill*         0x2000091f        0x1 
 .bss._usbd_mutex
                0x20000920        0x4 CMakeFiles/rotary_encoder.dir/pico-sdk/lib/tinyusb/src/device/usbd.c.obj
 .bss._usbd_q   0x20000924        0x4 CMakeFiles/rotary_encoder.dir/pico-sdk/lib/tinyusb/src/device/usbd.c.obj
 .bss.alarm_callbacks
                0x20000928       0x10 CMakeFiles/rotary_encoder.dir/pico-sdk/src/rp2_common/hardware_timer/timer.c.obj
 .bss.boot2_copyout
                0x20000938      0x100 CMakeFiles/rotary_encoder.dir/pico-sdk/src/rp2_common/hardware_flash/flash.c.obj
 .bss.callbacks
                0x20000a38        0x8 CMakeFiles/rotary_encoder.dir/pico-sdk/src/rp2_common/hardware_gpio/gpio.c.obj
 .bss.claimed   0x20000a40        0x4 CMakeFiles/rotary_encoder.dir/pico-sdk/src/rp2_common/hardware_sync/sync.c.obj
 .bss.configured_freq
                0x20000a44       0x28 CMakeFiles/rotary_encoder.dir/pico-sdk/src/rp2_common/hardware_clocks/clocks.c.obj
 .bss.default_alarm_pool_entry_ids_high
                0x20000a6c       0x10 CMakeFiles/rotary_encoder.dir/pico-sdk/src/common/pico_time/time.c.obj
 .bss.default_alarm_pool_heap_nodes
                0x20000a7c       0x30 CMakeFiles/rotary_encoder.dir/pico-sdk/src/common/pico_time/time.c.obj
 .bss.desc_str.7018
                0x20000aac       0x28 CMakeFiles/rotary_encoder.dir/pico-sdk/src/rp2_common/pico_stdio_usb/stdio_usb_descriptors.c.obj
 .bss.drivers   0x20000ad4        0x4 CMakeFiles/rotary_encoder.dir/pico-sdk/src/rp2_common/pico_stdio/stdio.c.obj
 .bss.encoder_count
                0x20000ad8        0x4 CMakeFiles/rotary_encoder.dir/rotary_ecoder_usb_comm/rotary_encoder.c.obj
                0x20000ad8                encoder_count
 .bss.encoder_count_RIGHT
                0x20000adc        0x4 CMakeFiles/rotary_encoder.dir/rotary_ecoder_usb_comm/rotary_encoder.c.obj
                0x20000adc                encoder_count_RIGHT
 .bss.filter    0x20000ae0        0x4 CMakeFiles/rotary_encoder.dir/pico-sdk/src/rp2_common/pico_stdio/stdio.c.obj
 .bss.hw_endpoints
                0x20000ae4      0x400 CMakeFiles/rotary_encoder.dir/pico-sdk/lib/tinyusb/src/portable/raspberrypi/rp2040/dcd_rp2040.c.obj
 .bss.lazy_vsnprintf
                0x20000ee4        0x4 CMakeFiles/rotary_encoder.dir/pico-sdk/src/rp2_common/pico_printf/printf.c.obj
 .bss.load_value
                0x20000ee8        0x4 CMakeFiles/rotary_encoder.dir/pico-sdk/src/rp2_common/hardware_watchdog/watchdog.c.obj
 .bss.next_buffer_ptr
                0x20000eec        0x4 CMakeFiles/rotary_encoder.dir/pico-sdk/lib/tinyusb/src/portable/raspberrypi/rp2040/dcd_rp2040.c.obj
 .bss.pools     0x20000ef0       0x10 CMakeFiles/rotary_encoder.dir/pico-sdk/src/common/pico_time/time.c.obj
 .bss.raw_irq_mask
                0x20000f00        0x8 CMakeFiles/rotary_encoder.dir/pico-sdk/src/rp2_common/hardware_gpio/gpio.c.obj
 .bss.retrieved_id
                0x20000f08        0x8 CMakeFiles/rotary_encoder.dir/pico-sdk/src/rp2_common/pico_unique_id/unique_id.c.obj
 .bss.sf_clz_func
                0x20000f10        0x4 CMakeFiles/rotary_encoder.dir/pico-sdk/src/rp2_common/pico_double/double_init_rom.c.obj
                0x20000f10                sf_clz_func
 .bss.sleep_notifier
                0x20000f14        0x4 CMakeFiles/rotary_encoder.dir/pico-sdk/src/common/pico_time/time.c.obj
 .bss.stdio_usb_mutex
                0x20000f18        0x8 CMakeFiles/rotary_encoder.dir/pico-sdk/src/rp2_common/pico_stdio_usb/stdio_usb.c.obj
 .bss.target_hi
                0x20000f20       0x10 CMakeFiles/rotary_encoder.dir/pico-sdk/src/rp2_common/hardware_timer/timer.c.obj
 .bss.usbd_serial_str
                0x20000f30       0x11 CMakeFiles/rotary_encoder.dir/pico-sdk/src/rp2_common/pico_stdio_usb/stdio_usb_descriptors.c.obj
 *fill*         0x20000f41        0x3 
 .bss.user_irq_claimed
                0x20000f44        0x2 CMakeFiles/rotary_encoder.dir/pico-sdk/src/rp2_common/hardware_irq/irq.c.obj
 .bss._app_driver_count
                0x20000f46        0x1 CMakeFiles/rotary_encoder.dir/pico-sdk/lib/tinyusb/src/device/usbd.c.obj
 .bss._usbd_initialized
                0x20000f47        0x1 CMakeFiles/rotary_encoder.dir/pico-sdk/lib/tinyusb/src/device/usbd.c.obj
 .bss.boot2_copyout_valid
                0x20000f48        0x1 CMakeFiles/rotary_encoder.dir/pico-sdk/src/rp2_common/hardware_flash/flash.c.obj
 .bss.claimed   0x20000f49        0x1 CMakeFiles/rotary_encoder.dir/pico-sdk/src/rp2_common/hardware_timer/timer.c.obj
 .bss.irq_hander_chain_free_slot_head
                0x20000f4a        0x1 CMakeFiles/rotary_encoder.dir/pico-sdk/src/rp2_common/hardware_irq/irq.c.obj
 .bss.itf_num   0x20000f4b        0x1 CMakeFiles/rotary_encoder.dir/pico-sdk/src/rp2_common/pico_stdio_usb/reset_interface.c.obj
 .bss.low_priority_irq_num
                0x20000f4c        0x1 CMakeFiles/rotary_encoder.dir/pico-sdk/src/rp2_common/pico_stdio_usb/stdio_usb.c.obj
 .bss.timer_callbacks_pending
                0x20000f4d        0x1 CMakeFiles/rotary_encoder.dir/pico-sdk/src/rp2_common/hardware_timer/timer.c.obj
 *(COMMON)
 *fill*         0x20000f4e        0x2 
 COMMON         0x20000f50      0x100 CMakeFiles/rotary_encoder.dir/pico-sdk/src/rp2_common/pico_double/double_init_rom.c.obj
                0x20000f50                sd_table
 COMMON         0x20001050      0x100 CMakeFiles/rotary_encoder.dir/pico-sdk/src/rp2_common/pico_float/float_init_rom.c.obj
                0x20001050                sf_table
 COMMON         0x20001150       0xc0 CMakeFiles/rotary_encoder.dir/pico-sdk/lib/tinyusb/src/device/usbd.c.obj
                0x20001150                _usbd_qdef_buf
                0x20001210                . = ALIGN (0x4)
                0x20001210                __bss_end__ = .

.heap           0x20001210      0x800
                0x20001210                __end__ = .
                0x20001210                end = __end__
 *(.heap*)
 .heap          0x20001210      0x800 CMakeFiles/rotary_encoder.dir/pico-sdk/src/rp2_common/pico_standard_link/crt0.S.obj
                0x20001a10                __HeapLimit = .

.stack1_dummy   0x20040000        0x0
 *(.stack1*)

.stack_dummy    0x20041000      0x800
 *(.stack*)
 .stack         0x20041000      0x800 CMakeFiles/rotary_encoder.dir/pico-sdk/src/rp2_common/pico_standard_link/crt0.S.obj

.flash_end      0x10009304        0x0
                0x10009304                __flash_binary_end = .
                0x20040000                __StackLimit = (ORIGIN (RAM) + LENGTH (RAM))
                0x20041000                __StackOneTop = (ORIGIN (SCRATCH_X) + LENGTH (SCRATCH_X))
                0x20042000                __StackTop = (ORIGIN (SCRATCH_Y) + LENGTH (SCRATCH_Y))
                0x20041000                __StackOneBottom = (__StackOneTop - SIZEOF (.stack1_dummy))
                0x20041800                __StackBottom = (__StackTop - SIZEOF (.stack_dummy))
                0x20042000                PROVIDE (__stack = __StackTop)
                0x00000001                ASSERT ((__StackLimit >= __HeapLimit), region RAM overflowed)
                0x00000001                ASSERT (((__binary_info_header_end - __logical_binary_start) <= 0x100), Binary info must be in first 256 bytes of the binary)
LOAD CMakeFiles/rotary_encoder.dir/rotary_ecoder_usb_comm/rotary_encoder.c.obj
LOAD CMakeFiles/rotary_encoder.dir/pico-sdk/src/rp2_common/pico_stdlib/stdlib.c.obj
LOAD CMakeFiles/rotary_encoder.dir/pico-sdk/src/rp2_common/hardware_gpio/gpio.c.obj
LOAD CMakeFiles/rotary_encoder.dir/pico-sdk/src/rp2_common/hardware_claim/claim.c.obj
LOAD CMakeFiles/rotary_encoder.dir/pico-sdk/src/rp2_common/pico_platform/platform.c.obj
LOAD CMakeFiles/rotary_encoder.dir/pico-sdk/src/rp2_common/hardware_sync/sync.c.obj
LOAD CMakeFiles/rotary_encoder.dir/pico-sdk/src/rp2_common/hardware_irq/irq.c.obj
LOAD CMakeFiles/rotary_encoder.dir/pico-sdk/src/rp2_common/hardware_irq/irq_handler_chain.S.obj
LOAD CMakeFiles/rotary_encoder.dir/pico-sdk/src/common/pico_sync/sem.c.obj
LOAD CMakeFiles/rotary_encoder.dir/pico-sdk/src/common/pico_sync/lock_core.c.obj
LOAD CMakeFiles/rotary_encoder.dir/pico-sdk/src/common/pico_time/time.c.obj
LOAD CMakeFiles/rotary_encoder.dir/pico-sdk/src/common/pico_time/timeout_helper.c.obj
LOAD CMakeFiles/rotary_encoder.dir/pico-sdk/src/rp2_common/hardware_timer/timer.c.obj
LOAD CMakeFiles/rotary_encoder.dir/pico-sdk/src/common/pico_util/datetime.c.obj
LOAD CMakeFiles/rotary_encoder.dir/pico-sdk/src/common/pico_util/pheap.c.obj
LOAD CMakeFiles/rotary_encoder.dir/pico-sdk/src/common/pico_util/queue.c.obj
LOAD CMakeFiles/rotary_encoder.dir/pico-sdk/src/common/pico_sync/mutex.c.obj
LOAD CMakeFiles/rotary_encoder.dir/pico-sdk/src/common/pico_sync/critical_section.c.obj
LOAD CMakeFiles/rotary_encoder.dir/pico-sdk/src/rp2_common/hardware_uart/uart.c.obj
LOAD CMakeFiles/rotary_encoder.dir/pico-sdk/src/rp2_common/hardware_divider/divider.S.obj
LOAD CMakeFiles/rotary_encoder.dir/pico-sdk/src/rp2_common/pico_runtime/runtime.c.obj
LOAD CMakeFiles/rotary_encoder.dir/pico-sdk/src/rp2_common/hardware_clocks/clocks.c.obj
LOAD CMakeFiles/rotary_encoder.dir/pico-sdk/src/rp2_common/hardware_pll/pll.c.obj
LOAD CMakeFiles/rotary_encoder.dir/pico-sdk/src/rp2_common/hardware_vreg/vreg.c.obj
LOAD CMakeFiles/rotary_encoder.dir/pico-sdk/src/rp2_common/hardware_watchdog/watchdog.c.obj
LOAD CMakeFiles/rotary_encoder.dir/pico-sdk/src/rp2_common/hardware_xosc/xosc.c.obj
LOAD CMakeFiles/rotary_encoder.dir/pico-sdk/src/rp2_common/pico_printf/printf.c.obj
LOAD CMakeFiles/rotary_encoder.dir/pico-sdk/src/rp2_common/pico_bit_ops/bit_ops_aeabi.S.obj
LOAD CMakeFiles/rotary_encoder.dir/pico-sdk/src/rp2_common/pico_bootrom/bootrom.c.obj
LOAD CMakeFiles/rotary_encoder.dir/pico-sdk/src/rp2_common/pico_divider/divider.S.obj
LOAD CMakeFiles/rotary_encoder.dir/pico-sdk/src/rp2_common/pico_double/double_aeabi.S.obj
LOAD CMakeFiles/rotary_encoder.dir/pico-sdk/src/rp2_common/pico_double/double_init_rom.c.obj
LOAD CMakeFiles/rotary_encoder.dir/pico-sdk/src/rp2_common/pico_double/double_math.c.obj
LOAD CMakeFiles/rotary_encoder.dir/pico-sdk/src/rp2_common/pico_double/double_v1_rom_shim.S.obj
LOAD CMakeFiles/rotary_encoder.dir/pico-sdk/src/rp2_common/pico_int64_ops/pico_int64_ops_aeabi.S.obj
LOAD CMakeFiles/rotary_encoder.dir/pico-sdk/src/rp2_common/pico_float/float_aeabi.S.obj
LOAD CMakeFiles/rotary_encoder.dir/pico-sdk/src/rp2_common/pico_float/float_init_rom.c.obj
LOAD CMakeFiles/rotary_encoder.dir/pico-sdk/src/rp2_common/pico_float/float_math.c.obj
LOAD CMakeFiles/rotary_encoder.dir/pico-sdk/src/rp2_common/pico_float/float_v1_rom_shim.S.obj
LOAD CMakeFiles/rotary_encoder.dir/pico-sdk/src/rp2_common/pico_malloc/pico_malloc.c.obj
LOAD CMakeFiles/rotary_encoder.dir/pico-sdk/src/rp2_common/pico_mem_ops/mem_ops_aeabi.S.obj
LOAD CMakeFiles/rotary_encoder.dir/pico-sdk/src/rp2_common/pico_standard_link/crt0.S.obj
LOAD CMakeFiles/rotary_encoder.dir/pico-sdk/src/rp2_common/pico_standard_link/new_delete.cpp.obj
LOAD CMakeFiles/rotary_encoder.dir/pico-sdk/src/rp2_common/pico_standard_link/binary_info.c.obj
LOAD CMakeFiles/rotary_encoder.dir/pico-sdk/src/rp2_common/pico_stdio/stdio.c.obj
LOAD CMakeFiles/rotary_encoder.dir/pico-sdk/src/rp2_common/pico_stdio_usb/reset_interface.c.obj
LOAD CMakeFiles/rotary_encoder.dir/pico-sdk/src/rp2_common/pico_stdio_usb/stdio_usb.c.obj
LOAD CMakeFiles/rotary_encoder.dir/pico-sdk/src/rp2_common/pico_stdio_usb/stdio_usb_descriptors.c.obj
LOAD CMakeFiles/rotary_encoder.dir/pico-sdk/lib/tinyusb/src/portable/raspberrypi/rp2040/dcd_rp2040.c.obj
LOAD CMakeFiles/rotary_encoder.dir/pico-sdk/lib/tinyusb/src/portable/raspberrypi/rp2040/rp2040_usb.c.obj
LOAD CMakeFiles/rotary_encoder.dir/pico-sdk/lib/tinyusb/src/device/usbd.c.obj
LOAD CMakeFiles/rotary_encoder.dir/pico-sdk/lib/tinyusb/src/device/usbd_control.c.obj
LOAD CMakeFiles/rotary_encoder.dir/pico-sdk/lib/tinyusb/src/class/audio/audio_device.c.obj
LOAD CMakeFiles/rotary_encoder.dir/pico-sdk/lib/tinyusb/src/class/cdc/cdc_device.c.obj
LOAD CMakeFiles/rotary_encoder.dir/pico-sdk/lib/tinyusb/src/class/dfu/dfu_device.c.obj
LOAD CMakeFiles/rotary_encoder.dir/pico-sdk/lib/tinyusb/src/class/dfu/dfu_rt_device.c.obj
LOAD CMakeFiles/rotary_encoder.dir/pico-sdk/lib/tinyusb/src/class/hid/hid_device.c.obj
LOAD CMakeFiles/rotary_encoder.dir/pico-sdk/lib/tinyusb/src/class/midi/midi_device.c.obj
LOAD CMakeFiles/rotary_encoder.dir/pico-sdk/lib/tinyusb/src/class/msc/msc_device.c.obj
LOAD CMakeFiles/rotary_encoder.dir/pico-sdk/lib/tinyusb/src/class/net/ecm_rndis_device.c.obj
LOAD CMakeFiles/rotary_encoder.dir/pico-sdk/lib/tinyusb/src/class/net/ncm_device.c.obj
LOAD CMakeFiles/rotary_encoder.dir/pico-sdk/lib/tinyusb/src/class/usbtmc/usbtmc_device.c.obj
LOAD CMakeFiles/rotary_encoder.dir/pico-sdk/lib/tinyusb/src/class/vendor/vendor_device.c.obj
LOAD CMakeFiles/rotary_encoder.dir/pico-sdk/lib/tinyusb/src/class/video/video_device.c.obj
LOAD CMakeFiles/rotary_encoder.dir/pico-sdk/lib/tinyusb/src/tusb.c.obj
LOAD CMakeFiles/rotary_encoder.dir/pico-sdk/lib/tinyusb/src/common/tusb_fifo.c.obj
LOAD CMakeFiles/rotary_encoder.dir/pico-sdk/src/rp2_common/pico_fix/rp2040_usb_device_enumeration/rp2040_usb_device_enumeration.c.obj
LOAD CMakeFiles/rotary_encoder.dir/pico-sdk/src/rp2_common/pico_unique_id/unique_id.c.obj
LOAD CMakeFiles/rotary_encoder.dir/pico-sdk/src/rp2_common/hardware_flash/flash.c.obj
LOAD /tmp/ccu7KkG7.o
LOAD /usr/lib/gcc/arm-none-eabi/7.3.1/../../../arm-none-eabi/lib/thumb/v6-m/libstdc++.a
LOAD /usr/lib/gcc/arm-none-eabi/7.3.1/../../../arm-none-eabi/lib/thumb/v6-m/libm.a
START GROUP
LOAD /usr/lib/gcc/arm-none-eabi/7.3.1/thumb/v6-m/libgcc.a
LOAD /usr/lib/gcc/arm-none-eabi/7.3.1/../../../arm-none-eabi/lib/thumb/v6-m/libc.a
END GROUP
START GROUP
LOAD /usr/lib/gcc/arm-none-eabi/7.3.1/thumb/v6-m/libgcc.a
LOAD /usr/lib/gcc/arm-none-eabi/7.3.1/../../../arm-none-eabi/lib/thumb/v6-m/libc.a
LOAD /usr/lib/gcc/arm-none-eabi/7.3.1/../../../arm-none-eabi/lib/thumb/v6-m/libnosys.a
END GROUP
LOAD /usr/lib/gcc/arm-none-eabi/7.3.1/thumb/v6-m/crtend.o
LOAD /usr/lib/gcc/arm-none-eabi/7.3.1/thumb/v6-m/crtn.o
OUTPUT(rotary_encoder.elf elf32-littlearm)

.ARM.attributes
                0x00000000       0x28
 .ARM.attributes
                0x00000000       0x1e /usr/lib/gcc/arm-none-eabi/7.3.1/thumb/v6-m/crti.o
 .ARM.attributes
                0x0000001e       0x2c /usr/lib/gcc/arm-none-eabi/7.3.1/thumb/v6-m/crtbegin.o
 .ARM.attributes
                0x0000004a       0x32 CMakeFiles/rotary_encoder.dir/rotary_ecoder_usb_comm/rotary_encoder.c.obj
 .ARM.attributes
                0x0000007c       0x32 CMakeFiles/rotary_encoder.dir/pico-sdk/src/rp2_common/hardware_gpio/gpio.c.obj
 .ARM.attributes
                0x000000ae       0x32 CMakeFiles/rotary_encoder.dir/pico-sdk/src/rp2_common/hardware_claim/claim.c.obj
 .ARM.attributes
                0x000000e0       0x32 CMakeFiles/rotary_encoder.dir/pico-sdk/src/rp2_common/pico_platform/platform.c.obj
 .ARM.attributes
                0x00000112       0x32 CMakeFiles/rotary_encoder.dir/pico-sdk/src/rp2_common/hardware_sync/sync.c.obj
 .ARM.attributes
                0x00000144       0x32 CMakeFiles/rotary_encoder.dir/pico-sdk/src/rp2_common/hardware_irq/irq.c.obj
 .ARM.attributes
                0x00000176       0x22 CMakeFiles/rotary_encoder.dir/pico-sdk/src/rp2_common/hardware_irq/irq_handler_chain.S.obj
 .ARM.attributes
                0x00000198       0x32 CMakeFiles/rotary_encoder.dir/pico-sdk/src/common/pico_sync/lock_core.c.obj
 .ARM.attributes
                0x000001ca       0x32 CMakeFiles/rotary_encoder.dir/pico-sdk/src/common/pico_time/time.c.obj
 .ARM.attributes
                0x000001fc       0x32 CMakeFiles/rotary_encoder.dir/pico-sdk/src/rp2_common/hardware_timer/timer.c.obj
 .ARM.attributes
                0x0000022e       0x32 CMakeFiles/rotary_encoder.dir/pico-sdk/src/common/pico_util/pheap.c.obj
 .ARM.attributes
                0x00000260       0x32 CMakeFiles/rotary_encoder.dir/pico-sdk/src/common/pico_sync/mutex.c.obj
 .ARM.attributes
                0x00000292       0x32 CMakeFiles/rotary_encoder.dir/pico-sdk/src/common/pico_sync/critical_section.c.obj
 .ARM.attributes
                0x000002c4       0x32 CMakeFiles/rotary_encoder.dir/pico-sdk/src/rp2_common/pico_runtime/runtime.c.obj
 .ARM.attributes
                0x000002f6       0x32 CMakeFiles/rotary_encoder.dir/pico-sdk/src/rp2_common/hardware_clocks/clocks.c.obj
 .ARM.attributes
                0x00000328       0x32 CMakeFiles/rotary_encoder.dir/pico-sdk/src/rp2_common/hardware_pll/pll.c.obj
 .ARM.attributes
                0x0000035a       0x32 CMakeFiles/rotary_encoder.dir/pico-sdk/src/rp2_common/hardware_watchdog/watchdog.c.obj
 .ARM.attributes
                0x0000038c       0x32 CMakeFiles/rotary_encoder.dir/pico-sdk/src/rp2_common/hardware_xosc/xosc.c.obj
 .ARM.attributes
                0x000003be       0x32 CMakeFiles/rotary_encoder.dir/pico-sdk/src/rp2_common/pico_printf/printf.c.obj
 .ARM.attributes
                0x000003f0       0x22 CMakeFiles/rotary_encoder.dir/pico-sdk/src/rp2_common/pico_bit_ops/bit_ops_aeabi.S.obj
 .ARM.attributes
                0x00000412       0x32 CMakeFiles/rotary_encoder.dir/pico-sdk/src/rp2_common/pico_bootrom/bootrom.c.obj
 .ARM.attributes
                0x00000444       0x22 CMakeFiles/rotary_encoder.dir/pico-sdk/src/rp2_common/pico_divider/divider.S.obj
 .ARM.attributes
                0x00000466       0x22 CMakeFiles/rotary_encoder.dir/pico-sdk/src/rp2_common/pico_double/double_aeabi.S.obj
 .ARM.attributes
                0x00000488       0x32 CMakeFiles/rotary_encoder.dir/pico-sdk/src/rp2_common/pico_double/double_init_rom.c.obj
 .ARM.attributes
                0x000004ba       0x22 CMakeFiles/rotary_encoder.dir/pico-sdk/src/rp2_common/pico_double/double_v1_rom_shim.S.obj
 .ARM.attributes
                0x000004dc       0x22 CMakeFiles/rotary_encoder.dir/pico-sdk/src/rp2_common/pico_int64_ops/pico_int64_ops_aeabi.S.obj
 .ARM.attributes
                0x000004fe       0x22 CMakeFiles/rotary_encoder.dir/pico-sdk/src/rp2_common/pico_float/float_aeabi.S.obj
 .ARM.attributes
                0x00000520       0x32 CMakeFiles/rotary_encoder.dir/pico-sdk/src/rp2_common/pico_float/float_init_rom.c.obj
 .ARM.attributes
                0x00000552       0x22 CMakeFiles/rotary_encoder.dir/pico-sdk/src/rp2_common/pico_float/float_v1_rom_shim.S.obj
 .ARM.attributes
                0x00000574       0x22 CMakeFiles/rotary_encoder.dir/pico-sdk/src/rp2_common/pico_mem_ops/mem_ops_aeabi.S.obj
 .ARM.attributes
                0x00000596       0x22 CMakeFiles/rotary_encoder.dir/pico-sdk/src/rp2_common/pico_standard_link/crt0.S.obj
 .ARM.attributes
                0x000005b8       0x32 CMakeFiles/rotary_encoder.dir/pico-sdk/src/rp2_common/pico_standard_link/binary_info.c.obj
 .ARM.attributes
                0x000005ea       0x32 CMakeFiles/rotary_encoder.dir/pico-sdk/src/rp2_common/pico_stdio/stdio.c.obj
 .ARM.attributes
                0x0000061c       0x32 CMakeFiles/rotary_encoder.dir/pico-sdk/src/rp2_common/pico_stdio_usb/reset_interface.c.obj
 .ARM.attributes
                0x0000064e       0x32 CMakeFiles/rotary_encoder.dir/pico-sdk/src/rp2_common/pico_stdio_usb/stdio_usb.c.obj
 .ARM.attributes
                0x00000680       0x32 CMakeFiles/rotary_encoder.dir/pico-sdk/src/rp2_common/pico_stdio_usb/stdio_usb_descriptors.c.obj
 .ARM.attributes
                0x000006b2       0x32 CMakeFiles/rotary_encoder.dir/pico-sdk/lib/tinyusb/src/portable/raspberrypi/rp2040/dcd_rp2040.c.obj
 .ARM.attributes
                0x000006e4       0x32 CMakeFiles/rotary_encoder.dir/pico-sdk/lib/tinyusb/src/portable/raspberrypi/rp2040/rp2040_usb.c.obj
 .ARM.attributes
                0x00000716       0x32 CMakeFiles/rotary_encoder.dir/pico-sdk/lib/tinyusb/src/device/usbd.c.obj
 .ARM.attributes
                0x00000748       0x32 CMakeFiles/rotary_encoder.dir/pico-sdk/lib/tinyusb/src/device/usbd_control.c.obj
 .ARM.attributes
                0x0000077a       0x32 CMakeFiles/rotary_encoder.dir/pico-sdk/lib/tinyusb/src/class/cdc/cdc_device.c.obj
 .ARM.attributes
                0x000007ac       0x32 CMakeFiles/rotary_encoder.dir/pico-sdk/lib/tinyusb/src/tusb.c.obj
 .ARM.attributes
                0x000007de       0x32 CMakeFiles/rotary_encoder.dir/pico-sdk/lib/tinyusb/src/common/tusb_fifo.c.obj
 .ARM.attributes
                0x00000810       0x32 CMakeFiles/rotary_encoder.dir/pico-sdk/src/rp2_common/pico_unique_id/unique_id.c.obj
 .ARM.attributes
                0x00000842       0x32 CMakeFiles/rotary_encoder.dir/pico-sdk/src/rp2_common/hardware_flash/flash.c.obj
 .ARM.attributes
                0x00000874       0x22 /tmp/ccu7KkG7.o
 .ARM.attributes
                0x00000896       0x1e /usr/lib/gcc/arm-none-eabi/7.3.1/thumb/v6-m/libgcc.a(_dvmd_tls.o)
 .ARM.attributes
                0x000008b4       0x2c /usr/lib/gcc/arm-none-eabi/7.3.1/../../../arm-none-eabi/lib/thumb/v6-m/libc.a(lib_a-strlen-stub.o)
 .ARM.attributes
                0x000008e0       0x2c /usr/lib/gcc/arm-none-eabi/7.3.1/thumb/v6-m/crtend.o

.comment        0x00000000       0xae
 .comment       0x00000000       0x57 /usr/lib/gcc/arm-none-eabi/7.3.1/thumb/v6-m/crtbegin.o
                                 0x58 (size before relaxing)
 .comment       0x00000057       0x58 CMakeFiles/rotary_encoder.dir/rotary_ecoder_usb_comm/rotary_encoder.c.obj
 .comment       0x00000057       0x58 CMakeFiles/rotary_encoder.dir/pico-sdk/src/rp2_common/hardware_gpio/gpio.c.obj
 .comment       0x00000057       0x58 CMakeFiles/rotary_encoder.dir/pico-sdk/src/rp2_common/hardware_claim/claim.c.obj
 .comment       0x00000057       0x58 CMakeFiles/rotary_encoder.dir/pico-sdk/src/rp2_common/pico_platform/platform.c.obj
 .comment       0x00000057       0x58 CMakeFiles/rotary_encoder.dir/pico-sdk/src/rp2_common/hardware_sync/sync.c.obj
 .comment       0x00000057       0x58 CMakeFiles/rotary_encoder.dir/pico-sdk/src/rp2_common/hardware_irq/irq.c.obj
 .comment       0x00000057       0x58 CMakeFiles/rotary_encoder.dir/pico-sdk/src/common/pico_sync/lock_core.c.obj
 .comment       0x00000057       0x58 CMakeFiles/rotary_encoder.dir/pico-sdk/src/common/pico_time/time.c.obj
 .comment       0x00000057       0x58 CMakeFiles/rotary_encoder.dir/pico-sdk/src/rp2_common/hardware_timer/timer.c.obj
 .comment       0x00000057       0x58 CMakeFiles/rotary_encoder.dir/pico-sdk/src/common/pico_util/pheap.c.obj
 .comment       0x00000057       0x58 CMakeFiles/rotary_encoder.dir/pico-sdk/src/common/pico_sync/mutex.c.obj
 .comment       0x00000057       0x58 CMakeFiles/rotary_encoder.dir/pico-sdk/src/common/pico_sync/critical_section.c.obj
 .comment       0x00000057       0x58 CMakeFiles/rotary_encoder.dir/pico-sdk/src/rp2_common/pico_runtime/runtime.c.obj
 .comment       0x00000057       0x58 CMakeFiles/rotary_encoder.dir/pico-sdk/src/rp2_common/hardware_clocks/clocks.c.obj
 .comment       0x00000057       0x58 CMakeFiles/rotary_encoder.dir/pico-sdk/src/rp2_common/hardware_pll/pll.c.obj
 .comment       0x00000057       0x58 CMakeFiles/rotary_encoder.dir/pico-sdk/src/rp2_common/hardware_watchdog/watchdog.c.obj
 .comment       0x00000057       0x58 CMakeFiles/rotary_encoder.dir/pico-sdk/src/rp2_common/hardware_xosc/xosc.c.obj
 .comment       0x00000057       0x58 CMakeFiles/rotary_encoder.dir/pico-sdk/src/rp2_common/pico_printf/printf.c.obj
 .comment       0x00000057       0x58 CMakeFiles/rotary_encoder.dir/pico-sdk/src/rp2_common/pico_bootrom/bootrom.c.obj
 .comment       0x00000057       0x58 CMakeFiles/rotary_encoder.dir/pico-sdk/src/rp2_common/pico_double/double_init_rom.c.obj
 .comment       0x00000057       0x58 CMakeFiles/rotary_encoder.dir/pico-sdk/src/rp2_common/pico_float/float_init_rom.c.obj
 .comment       0x00000057       0x58 CMakeFiles/rotary_encoder.dir/pico-sdk/src/rp2_common/pico_standard_link/binary_info.c.obj
 .comment       0x00000057       0x58 CMakeFiles/rotary_encoder.dir/pico-sdk/src/rp2_common/pico_stdio/stdio.c.obj
 .comment       0x00000057       0x58 CMakeFiles/rotary_encoder.dir/pico-sdk/src/rp2_common/pico_stdio_usb/reset_interface.c.obj
 .comment       0x00000057       0x58 CMakeFiles/rotary_encoder.dir/pico-sdk/src/rp2_common/pico_stdio_usb/stdio_usb.c.obj
 .comment       0x00000057       0x58 CMakeFiles/rotary_encoder.dir/pico-sdk/src/rp2_common/pico_stdio_usb/stdio_usb_descriptors.c.obj
 .comment       0x00000057       0x58 CMakeFiles/rotary_encoder.dir/pico-sdk/lib/tinyusb/src/portable/raspberrypi/rp2040/dcd_rp2040.c.obj
 .comment       0x00000057       0x58 CMakeFiles/rotary_encoder.dir/pico-sdk/lib/tinyusb/src/portable/raspberrypi/rp2040/rp2040_usb.c.obj
 .comment       0x00000057       0x58 CMakeFiles/rotary_encoder.dir/pico-sdk/lib/tinyusb/src/device/usbd.c.obj
 .comment       0x00000057       0x58 CMakeFiles/rotary_encoder.dir/pico-sdk/lib/tinyusb/src/device/usbd_control.c.obj
 .comment       0x00000057       0x58 CMakeFiles/rotary_encoder.dir/pico-sdk/lib/tinyusb/src/class/cdc/cdc_device.c.obj
 .comment       0x00000057       0x58 CMakeFiles/rotary_encoder.dir/pico-sdk/lib/tinyusb/src/tusb.c.obj
 .comment       0x00000057       0x58 CMakeFiles/rotary_encoder.dir/pico-sdk/lib/tinyusb/src/common/tusb_fifo.c.obj
 .comment       0x00000057       0x58 CMakeFiles/rotary_encoder.dir/pico-sdk/src/rp2_common/pico_unique_id/unique_id.c.obj
 .comment       0x00000057       0x58 CMakeFiles/rotary_encoder.dir/pico-sdk/src/rp2_common/hardware_flash/flash.c.obj
 .comment       0x00000057       0x57 /usr/lib/gcc/arm-none-eabi/7.3.1/../../../arm-none-eabi/lib/thumb/v6-m/libc.a(lib_a-strlen-stub.o)
                                 0x58 (size before relaxing)
 .comment       0x000000ae       0x58 /usr/lib/gcc/arm-none-eabi/7.3.1/thumb/v6-m/crtend.o

.debug_line     0x00000000      0x1a3
 .debug_line    0x00000000       0x5d /usr/lib/gcc/arm-none-eabi/7.3.1/thumb/v6-m/libgcc.a(_dvmd_tls.o)
 .debug_line    0x0000005d      0x146 /usr/lib/gcc/arm-none-eabi/7.3.1/../../../arm-none-eabi/lib/thumb/v6-m/libc.a(lib_a-strlen-stub.o)

.debug_info     0x00000000      0x908
 .debug_info    0x00000000       0x26 /usr/lib/gcc/arm-none-eabi/7.3.1/thumb/v6-m/libgcc.a(_dvmd_tls.o)
 .debug_info    0x00000026      0x8e2 /usr/lib/gcc/arm-none-eabi/7.3.1/../../../arm-none-eabi/lib/thumb/v6-m/libc.a(lib_a-strlen-stub.o)

.debug_abbrev   0x00000000      0x1cc
 .debug_abbrev  0x00000000       0x14 /usr/lib/gcc/arm-none-eabi/7.3.1/thumb/v6-m/libgcc.a(_dvmd_tls.o)
 .debug_abbrev  0x00000014      0x1b8 /usr/lib/gcc/arm-none-eabi/7.3.1/../../../arm-none-eabi/lib/thumb/v6-m/libc.a(lib_a-strlen-stub.o)

.debug_aranges  0x00000000       0x40
 .debug_aranges
                0x00000000       0x20 /usr/lib/gcc/arm-none-eabi/7.3.1/thumb/v6-m/libgcc.a(_dvmd_tls.o)
 .debug_aranges
                0x00000020       0x20 /usr/lib/gcc/arm-none-eabi/7.3.1/../../../arm-none-eabi/lib/thumb/v6-m/libc.a(lib_a-strlen-stub.o)

.debug_str      0x00000000      0x5f8
 .debug_str     0x00000000       0x9d /usr/lib/gcc/arm-none-eabi/7.3.1/thumb/v6-m/libgcc.a(_dvmd_tls.o)
 .debug_str     0x0000009d      0x55b /usr/lib/gcc/arm-none-eabi/7.3.1/../../../arm-none-eabi/lib/thumb/v6-m/libc.a(lib_a-strlen-stub.o)
                                0x5ad (size before relaxing)

.debug_loc      0x00000000       0x94
 .debug_loc     0x00000000       0x94 /usr/lib/gcc/arm-none-eabi/7.3.1/../../../arm-none-eabi/lib/thumb/v6-m/libc.a(lib_a-strlen-stub.o)

.debug_frame    0x00000000       0x28
 .debug_frame   0x00000000       0x28 /usr/lib/gcc/arm-none-eabi/7.3.1/../../../arm-none-eabi/lib/thumb/v6-m/libc.a(lib_a-strlen-stub.o)
