Archive member included to satisfy reference by file (symbol)

/usr/lib/gcc/arm-none-eabi/7.3.1/thumb/v6-m/libgcc.a(_dvmd_tls.o)
                              CMakeFiles/usb_comm.dir/pico-sdk/src/rp2_common/pico_divider/divider.S.obj (__aeabi_idiv0)
/usr/lib/gcc/arm-none-eabi/7.3.1/../../../arm-none-eabi/lib/thumb/v6-m/libc.a(lib_a-atexit.o)
                              /usr/lib/gcc/arm-none-eabi/7.3.1/../../../arm-none-eabi/lib/thumb/v6-m/crt0.o (atexit)
/usr/lib/gcc/arm-none-eabi/7.3.1/../../../arm-none-eabi/lib/thumb/v6-m/libc.a(lib_a-calloc.o)
                              CMakeFiles/usb_comm.dir/pico-sdk/src/rp2_common/pico_malloc/pico_malloc.c.obj (calloc)
/usr/lib/gcc/arm-none-eabi/7.3.1/../../../arm-none-eabi/lib/thumb/v6-m/libc.a(lib_a-callocr.o)
                              /usr/lib/gcc/arm-none-eabi/7.3.1/../../../arm-none-eabi/lib/thumb/v6-m/libc.a(lib_a-calloc.o) (_calloc_r)
/usr/lib/gcc/arm-none-eabi/7.3.1/../../../arm-none-eabi/lib/thumb/v6-m/libc.a(lib_a-fini.o)
                              /usr/lib/gcc/arm-none-eabi/7.3.1/../../../arm-none-eabi/lib/thumb/v6-m/crt0.o (__libc_fini_array)
/usr/lib/gcc/arm-none-eabi/7.3.1/../../../arm-none-eabi/lib/thumb/v6-m/libc.a(lib_a-impure.o)
                              /usr/lib/gcc/arm-none-eabi/7.3.1/../../../arm-none-eabi/lib/thumb/v6-m/libc.a(lib_a-calloc.o) (_impure_ptr)
/usr/lib/gcc/arm-none-eabi/7.3.1/../../../arm-none-eabi/lib/thumb/v6-m/libc.a(lib_a-init.o)
                              /usr/lib/gcc/arm-none-eabi/7.3.1/../../../arm-none-eabi/lib/thumb/v6-m/crt0.o (__libc_init_array)
/usr/lib/gcc/arm-none-eabi/7.3.1/../../../arm-none-eabi/lib/thumb/v6-m/libc.a(lib_a-malloc.o)
                              CMakeFiles/usb_comm.dir/pico-sdk/src/rp2_common/pico_malloc/pico_malloc.c.obj (malloc)
/usr/lib/gcc/arm-none-eabi/7.3.1/../../../arm-none-eabi/lib/thumb/v6-m/libc.a(lib_a-mallocr.o)
                              /usr/lib/gcc/arm-none-eabi/7.3.1/../../../arm-none-eabi/lib/thumb/v6-m/libc.a(lib_a-callocr.o) (_malloc_r)
/usr/lib/gcc/arm-none-eabi/7.3.1/../../../arm-none-eabi/lib/thumb/v6-m/libc.a(lib_a-mlock.o)
                              /usr/lib/gcc/arm-none-eabi/7.3.1/../../../arm-none-eabi/lib/thumb/v6-m/libc.a(lib_a-mallocr.o) (__malloc_lock)
/usr/lib/gcc/arm-none-eabi/7.3.1/../../../arm-none-eabi/lib/thumb/v6-m/libc.a(lib_a-realloc.o)
                              CMakeFiles/usb_comm.dir/pico-sdk/src/rp2_common/pico_malloc/pico_malloc.c.obj (realloc)
/usr/lib/gcc/arm-none-eabi/7.3.1/../../../arm-none-eabi/lib/thumb/v6-m/libc.a(lib_a-reallocr.o)
                              /usr/lib/gcc/arm-none-eabi/7.3.1/../../../arm-none-eabi/lib/thumb/v6-m/libc.a(lib_a-realloc.o) (_realloc_r)
/usr/lib/gcc/arm-none-eabi/7.3.1/../../../arm-none-eabi/lib/thumb/v6-m/libc.a(lib_a-sbrkr.o)
                              /usr/lib/gcc/arm-none-eabi/7.3.1/../../../arm-none-eabi/lib/thumb/v6-m/libc.a(lib_a-mallocr.o) (_sbrk_r)
/usr/lib/gcc/arm-none-eabi/7.3.1/../../../arm-none-eabi/lib/thumb/v6-m/libc.a(lib_a-scanf.o)
                              CMakeFiles/usb_comm.dir/usb_comm/usb_comm.c.obj (scanf)
/usr/lib/gcc/arm-none-eabi/7.3.1/../../../arm-none-eabi/lib/thumb/v6-m/libc.a(lib_a-strlen-stub.o)
                              CMakeFiles/usb_comm.dir/pico-sdk/src/rp2_common/pico_stdio/stdio.c.obj (strlen)
/usr/lib/gcc/arm-none-eabi/7.3.1/../../../arm-none-eabi/lib/thumb/v6-m/libc.a(lib_a-vfscanf.o)
                              /usr/lib/gcc/arm-none-eabi/7.3.1/../../../arm-none-eabi/lib/thumb/v6-m/libc.a(lib_a-scanf.o) (_vfscanf_r)
/usr/lib/gcc/arm-none-eabi/7.3.1/../../../arm-none-eabi/lib/thumb/v6-m/libc.a(lib_a-__atexit.o)
                              /usr/lib/gcc/arm-none-eabi/7.3.1/../../../arm-none-eabi/lib/thumb/v6-m/libc.a(lib_a-atexit.o) (__register_exitproc)
/usr/lib/gcc/arm-none-eabi/7.3.1/../../../arm-none-eabi/lib/thumb/v6-m/libc.a(lib_a-ctype_.o)
                              /usr/lib/gcc/arm-none-eabi/7.3.1/../../../arm-none-eabi/lib/thumb/v6-m/libc.a(lib_a-vfscanf.o) (_ctype_)
/usr/lib/gcc/arm-none-eabi/7.3.1/../../../arm-none-eabi/lib/thumb/v6-m/libc.a(lib_a-findfp.o)
                              /usr/lib/gcc/arm-none-eabi/7.3.1/../../../arm-none-eabi/lib/thumb/v6-m/libc.a(lib_a-vfscanf.o) (__sinit)
/usr/lib/gcc/arm-none-eabi/7.3.1/../../../arm-none-eabi/lib/thumb/v6-m/libc.a(lib_a-fread.o)
                              /usr/lib/gcc/arm-none-eabi/7.3.1/../../../arm-none-eabi/lib/thumb/v6-m/libc.a(lib_a-vfscanf.o) (_fread_r)
/usr/lib/gcc/arm-none-eabi/7.3.1/../../../arm-none-eabi/lib/thumb/v6-m/libc.a(lib_a-freer.o)
                              /usr/lib/gcc/arm-none-eabi/7.3.1/../../../arm-none-eabi/lib/thumb/v6-m/libc.a(lib_a-malloc.o) (_free_r)
/usr/lib/gcc/arm-none-eabi/7.3.1/../../../arm-none-eabi/lib/thumb/v6-m/libc.a(lib_a-fwalk.o)
                              /usr/lib/gcc/arm-none-eabi/7.3.1/../../../arm-none-eabi/lib/thumb/v6-m/libc.a(lib_a-findfp.o) (_fwalk)
[...]
Memory Configuration

Name             Origin             Length             Attributes
FLASH            0x10000000         0x00200000         xr
RAM              0x20000000         0x00040000         xrw
SCRATCH_X        0x20040000         0x00001000         xrw
SCRATCH_Y        0x20041000         0x00001000         xrw
*default*        0x00000000         0xffffffff

Linker script and memory map

LOAD /usr/lib/gcc/arm-none-eabi/7.3.1/thumb/v6-m/crti.o
LOAD /usr/lib/gcc/arm-none-eabi/7.3.1/thumb/v6-m/crtbegin.o
LOAD /usr/lib/gcc/arm-none-eabi/7.3.1/../../../arm-none-eabi/lib/thumb/v6-m/crt0.o

.flash_begin    0x10000000        0x0
                0x10000000                __flash_binary_start = .

.boot2          0x10000000      0x100
                0x10000000                __boot2_start__ = .
 *(.boot2)
 .boot2         0x10000000      0x100 /tmp/ccOg2hEY.o
                0x10000100                __boot2_end__ = .
                0x00000001                ASSERT (((__boot2_end__ - __boot2_start__) == 0x100), ERROR: Pico second stage bootloader must be 256 bytes in size)

.text           0x10000100     0xdd00
                0x10000100                __logical_binary_start = .
 *(.vectors)
 .vectors       0x10000100       0xd4 CMakeFiles/usb_comm.dir/pico-sdk/src/rp2_common/pico_standard_link/crt0.S.obj
                0x10000100                __vectors
                0x10000100                __VECTOR_TABLE
                0x100001c0                isr_invalid
                0x100001c0                __default_isrs_start
                0x100001c2                isr_nmi
                0x100001c4                isr_hardfault
                0x100001c6                isr_svcall
                0x100001c8                isr_pendsv
                0x100001ca                isr_systick
                0x100001cc                isr_irq30
                0x100001cc                __unhandled_user_irq
                0x100001cc                isr_irq13
                0x100001cc                isr_irq27
                0x100001cc                isr_irq31
                0x100001cc                isr_irq5
                0x100001cc                isr_irq11
                0x100001cc                isr_irq23
                0x100001cc                isr_irq18
                0x100001cc                isr_irq28
                0x100001cc                isr_irq19
                0x100001cc                isr_irq0
                0x100001cc                isr_irq6
                0x100001cc                isr_irq22
                0x100001cc                isr_irq17
                0x100001cc                isr_irq14
                0x100001cc                isr_irq2
                0x100001cc                isr_irq10
                0x100001cc                isr_irq8
                0x100001cc                isr_irq24
                0x100001cc                isr_irq1
                0x100001cc                isr_irq7
                0x100001cc                isr_irq21
                0x100001cc                isr_irq20
                0x100001cc                isr_irq15
                0x100001cc                isr_irq25
                0x100001cc                isr_irq4
                0x100001cc                isr_irq16
                0x100001cc                isr_irq29
                0x100001cc                isr_irq26
                0x100001cc                __default_isrs_end
                0x100001cc                isr_irq3
                0x100001cc                isr_irq12
                0x100001cc                isr_irq9
                0x100001d2                unhandled_user_irq_num_in_r0
 *(.binary_info_header)
 .binary_info_header
                0x100001d4       0x14 CMakeFiles/usb_comm.dir/pico-sdk/src/rp2_common/pico_standard_link/crt0.S.obj
                0x100001e8                __binary_info_header_end = .
 *(.reset)
 .reset         0x100001e8       0xa8 CMakeFiles/usb_comm.dir/pico-sdk/src/rp2_common/pico_standard_link/crt0.S.obj
                0x100001e8                _entry_point
                0x10000266                __get_current_exception
 .reset         0x10000290       0x30 CMakeFiles/usb_comm.dir/pico-sdk/src/rp2_common/pico_standard_link/binary_info.c.obj
 *(.init)
 .init          0x100002c0        0x4 /usr/lib/gcc/arm-none-eabi/7.3.1/thumb/v6-m/crti.o
                0x100002c0                _init
 *(EXCLUDE_FILE(*libm.a: *libc.a:*lib_a-mem*.o *libgcc.a:) .text*)
 .text          0x100002c4       0x98 /usr/lib/gcc/arm-none-eabi/7.3.1/thumb/v6-m/crtbegin.o
 .text.startup.main
                0x1000035c       0x38 CMakeFiles/usb_comm.dir/usb_comm/usb_comm.c.obj
                0x1000035c                main
 .text.hw_claim_or_assert
                0x10000394       0x44 CMakeFiles/usb_comm.dir/pico-sdk/src/rp2_common/hardware_claim/claim.c.obj
                0x10000394                hw_claim_or_assert
 .text.hw_claim_unused_from_range
                0x100003d8       0x9c CMakeFiles/usb_comm.dir/pico-sdk/src/rp2_common/hardware_claim/claim.c.obj
                0x100003d8                hw_claim_unused_from_range
 .text.running_on_fpga
                0x10000474       0x10 CMakeFiles/usb_comm.dir/pico-sdk/src/rp2_common/pico_platform/platform.c.obj
                0x10000474                running_on_fpga
 .text.spin_locks_reset
                0x10000484       0x1c CMakeFiles/usb_comm.dir/pico-sdk/src/rp2_common/hardware_sync/sync.c.obj
                0x10000484                spin_locks_reset
 .text.next_striped_spin_lock_num
                0x100004a0       0x18 CMakeFiles/usb_comm.dir/pico-sdk/src/rp2_common/hardware_sync/sync.c.obj
                0x100004a0                next_striped_spin_lock_num
 .text.spin_lock_claim_unused
                0x100004b8       0x20 CMakeFiles/usb_comm.dir/pico-sdk/src/rp2_common/hardware_sync/sync.c.obj
                0x100004b8                spin_lock_claim_unused
 .text.irq_set_enabled
                0x100004d8       0x24 CMakeFiles/usb_comm.dir/pico-sdk/src/rp2_common/hardware_irq/irq.c.obj
                0x100004d8                irq_set_enabled
 .text.irq_set_pending
                0x100004fc       0x10 CMakeFiles/usb_comm.dir/pico-sdk/src/rp2_common/hardware_irq/irq.c.obj
                0x100004fc                irq_set_pending
 .text.irq_has_shared_handler
                0x1000050c       0x2c CMakeFiles/usb_comm.dir/pico-sdk/src/rp2_common/hardware_irq/irq.c.obj
                0x1000050c                irq_has_shared_handler
 .text.irq_get_vtable_handler
                0x10000538       0x10 CMakeFiles/usb_comm.dir/pico-sdk/src/rp2_common/hardware_irq/irq.c.obj
                0x10000538                irq_get_vtable_handler
 .text.irq_set_exclusive_handler
                0x10000548       0x54 CMakeFiles/usb_comm.dir/pico-sdk/src/rp2_common/hardware_irq/irq.c.obj
                0x10000548                irq_set_exclusive_handler
 .text.irq_add_shared_handler
                0x1000059c      0x1c8 CMakeFiles/usb_comm.dir/pico-sdk/src/rp2_common/hardware_irq/irq.c.obj
                0x1000059c                irq_add_shared_handler
 .text.irq_remove_handler
                0x10000764      0x1b4 CMakeFiles/usb_comm.dir/pico-sdk/src/rp2_common/hardware_irq/irq.c.obj
                0x10000764                irq_remove_handler
 .text.irq_add_tail_to_free_list
                0x10000918       0xb4 CMakeFiles/usb_comm.dir/pico-sdk/src/rp2_common/hardware_irq/irq.c.obj
                0x10000918                irq_add_tail_to_free_list
 .text.irq_init_priorities
                0x100009cc       0x24 CMakeFiles/usb_comm.dir/pico-sdk/src/rp2_common/hardware_irq/irq.c.obj
                0x100009cc                irq_init_priorities
 .text.user_irq_claim_unused
                0x100009f0       0x30 CMakeFiles/usb_comm.dir/pico-sdk/src/rp2_common/hardware_irq/irq.c.obj
                0x100009f0                user_irq_claim_unused
 .text.lock_init
                0x10000a20       0x10 CMakeFiles/usb_comm.dir/pico-sdk/src/common/pico_sync/lock_core.c.obj
                0x10000a20                lock_init
 .text.timer_pool_entry_comparator
                0x10000a30       0x34 CMakeFiles/usb_comm.dir/pico-sdk/src/common/pico_time/time.c.obj
                0x10000a30                timer_pool_entry_comparator
 .text.sleep_until_callback
                0x10000a64       0x30 CMakeFiles/usb_comm.dir/pico-sdk/src/common/pico_time/time.c.obj
 .text.add_alarm_under_lock
                0x10000a94      0x120 CMakeFiles/usb_comm.dir/pico-sdk/src/common/pico_time/time.c.obj
 .text.alarm_pool_alarm_callback
                0x10000bb4      0x1dc CMakeFiles/usb_comm.dir/pico-sdk/src/common/pico_time/time.c.obj
 .text.alarm_pool_init_default
                0x10000d90       0x64 CMakeFiles/usb_comm.dir/pico-sdk/src/common/pico_time/time.c.obj
                0x10000d90                alarm_pool_init_default
 .text.alarm_pool_get_default
                0x10000df4        0x8 CMakeFiles/usb_comm.dir/pico-sdk/src/common/pico_time/time.c.obj
                0x10000df4                alarm_pool_get_default
 .text.alarm_pool_add_alarm_at
                0x10000dfc      0x1ac CMakeFiles/usb_comm.dir/pico-sdk/src/common/pico_time/time.c.obj
                0x10000dfc                alarm_pool_add_alarm_at
 .text.sleep_until
                0x10000fa8      0x1ec CMakeFiles/usb_comm.dir/pico-sdk/src/common/pico_time/time.c.obj
                0x10000fa8                sleep_until
 .text.sleep_ms
                0x10001194       0x38 CMakeFiles/usb_comm.dir/pico-sdk/src/common/pico_time/time.c.obj
                0x10001194                sleep_ms
 .text.best_effort_wfe_or_timeout
                0x100011cc      0x1b4 CMakeFiles/usb_comm.dir/pico-sdk/src/common/pico_time/time.c.obj
                0x100011cc                best_effort_wfe_or_timeout
 .text.hardware_alarm_irq_handler
                0x10001380       0xb0 CMakeFiles/usb_comm.dir/pico-sdk/src/rp2_common/hardware_timer/timer.c.obj
 .text.hardware_alarm_claim
                0x10001430       0x18 CMakeFiles/usb_comm.dir/pico-sdk/src/rp2_common/hardware_timer/timer.c.obj
                0x10001430                hardware_alarm_claim
 .text.time_us_64
                0x10001448       0x18 CMakeFiles/usb_comm.dir/pico-sdk/src/rp2_common/hardware_timer/timer.c.obj
                0x10001448                time_us_64
 .text.busy_wait_us
                0x10001460       0x60 CMakeFiles/usb_comm.dir/pico-sdk/src/rp2_common/hardware_timer/timer.c.obj
                0x10001460                busy_wait_us
 .text.busy_wait_until
                0x100014c0       0x20 CMakeFiles/usb_comm.dir/pico-sdk/src/rp2_common/hardware_timer/timer.c.obj
                0x100014c0                busy_wait_until
 .text.hardware_alarm_set_callback
                0x100014e0       0x8c CMakeFiles/usb_comm.dir/pico-sdk/src/rp2_common/hardware_timer/timer.c.obj
                0x100014e0                hardware_alarm_set_callback
 .text.hardware_alarm_set_target
                0x1000156c       0xd8 CMakeFiles/usb_comm.dir/pico-sdk/src/rp2_common/hardware_timer/timer.c.obj
                0x1000156c                hardware_alarm_set_target
 .text.hardware_alarm_cancel
                0x10001644       0x40 CMakeFiles/usb_comm.dir/pico-sdk/src/rp2_common/hardware_timer/timer.c.obj
                0x10001644                hardware_alarm_cancel
 .text.ph_merge_two_pass.part.3
                0x10001684       0xcc CMakeFiles/usb_comm.dir/pico-sdk/src/common/pico_util/pheap.c.obj
 .text.ph_post_alloc_init
                0x10001750       0x3c CMakeFiles/usb_comm.dir/pico-sdk/src/common/pico_util/pheap.c.obj
                0x10001750                ph_post_alloc_init
 .text.ph_remove_head
                0x1000178c      0x158 CMakeFiles/usb_comm.dir/pico-sdk/src/common/pico_util/pheap.c.obj
                0x1000178c                ph_remove_head
 .text.ph_remove_and_free_node
                0x100018e4      0x340 CMakeFiles/usb_comm.dir/pico-sdk/src/common/pico_util/pheap.c.obj
                0x100018e4                ph_remove_and_free_node
 .text.mutex_init
                0x10001c24       0x1c CMakeFiles/usb_comm.dir/pico-sdk/src/common/pico_sync/mutex.c.obj
                0x10001c24                mutex_init
 .text.recursive_mutex_init
                0x10001c40       0x1c CMakeFiles/usb_comm.dir/pico-sdk/src/common/pico_sync/mutex.c.obj
                0x10001c40                recursive_mutex_init
 .text.critical_section_init
                0x10001c5c       0x20 CMakeFiles/usb_comm.dir/pico-sdk/src/common/pico_sync/critical_section.c.obj
                0x10001c5c                critical_section_init
 .text.runtime_init
                0x10001c7c       0xf4 CMakeFiles/usb_comm.dir/pico-sdk/src/rp2_common/pico_runtime/runtime.c.obj
                0x10001c7c                runtime_init
 .text._sbrk    0x10001d70       0x34 CMakeFiles/usb_comm.dir/pico-sdk/src/rp2_common/pico_runtime/runtime.c.obj
                0x10001d70                _sbrk
 .text.exit     0x10001da4        0x4 CMakeFiles/usb_comm.dir/pico-sdk/src/rp2_common/pico_runtime/runtime.c.obj
                0x10001da4                exit
 .text.panic    0x10001da8       0x30 CMakeFiles/usb_comm.dir/pico-sdk/src/rp2_common/pico_runtime/runtime.c.obj
                0x10001da8                panic
 .text.hard_assertion_failure
                0x10001dd8        0xc CMakeFiles/usb_comm.dir/pico-sdk/src/rp2_common/pico_runtime/runtime.c.obj
                0x10001dd8                hard_assertion_failure
 .text.clocks_init
                0x10001de4      0x2c8 CMakeFiles/usb_comm.dir/pico-sdk/src/rp2_common/hardware_clocks/clocks.c.obj
                0x10001de4                clocks_init
 .text.pll_init
                0x100020ac       0xa8 CMakeFiles/usb_comm.dir/pico-sdk/src/rp2_common/hardware_pll/pll.c.obj
                0x100020ac                pll_init
 .text.watchdog_start_tick
                0x10002154       0x10 CMakeFiles/usb_comm.dir/pico-sdk/src/rp2_common/hardware_watchdog/watchdog.c.obj
                0x10002154                watchdog_start_tick
 .text.watchdog_reboot
                0x10002164       0x98 CMakeFiles/usb_comm.dir/pico-sdk/src/rp2_common/hardware_watchdog/watchdog.c.obj
                0x10002164                watchdog_reboot
 .text.xosc_init
                0x100021fc       0x28 CMakeFiles/usb_comm.dir/pico-sdk/src/rp2_common/hardware_xosc/xosc.c.obj
                0x100021fc                xosc_init
 .text._out_buffer
                0x10002224        0x8 CMakeFiles/usb_comm.dir/pico-sdk/src/rp2_common/pico_printf/printf.c.obj
 .text._out_null
                0x1000222c        0x4 CMakeFiles/usb_comm.dir/pico-sdk/src/rp2_common/pico_printf/printf.c.obj
 .text._out_fct
                0x10002230       0x10 CMakeFiles/usb_comm.dir/pico-sdk/src/rp2_common/pico_printf/printf.c.obj
 .text._out_char
                0x10002240        0xc CMakeFiles/usb_comm.dir/pico-sdk/src/rp2_common/pico_printf/printf.c.obj
 .text._ntoa_format
                0x1000224c      0x270 CMakeFiles/usb_comm.dir/pico-sdk/src/rp2_common/pico_printf/printf.c.obj
 .text._etoa.part.0
                0x100024bc      0x56c CMakeFiles/usb_comm.dir/pico-sdk/src/rp2_common/pico_printf/printf.c.obj
 .text._ftoa    0x10002a28      0x6f8 CMakeFiles/usb_comm.dir/pico-sdk/src/rp2_common/pico_printf/printf.c.obj
 .text._ftoa.part.1
                0x10003120      0x54c CMakeFiles/usb_comm.dir/pico-sdk/src/rp2_common/pico_printf/printf.c.obj
 .text._vsnprintf
                0x1000366c     0x11e0 CMakeFiles/usb_comm.dir/pico-sdk/src/rp2_common/pico_printf/printf.c.obj
 .text.__wrap_sprintf
                0x1000484c       0x28 CMakeFiles/usb_comm.dir/pico-sdk/src/rp2_common/pico_printf/printf.c.obj
                0x1000484c                __wrap_sprintf
 .text.vfctprintf
                0x10004874       0x20 CMakeFiles/usb_comm.dir/pico-sdk/src/rp2_common/pico_printf/printf.c.obj
                0x10004874                vfctprintf
 .text.weak_raw_vprintf
                0x10004894       0x30 CMakeFiles/usb_comm.dir/pico-sdk/src/rp2_common/pico_printf/printf.c.obj
                0x10004894                weak_raw_vprintf
 .text          0x100048c4       0x10 CMakeFiles/usb_comm.dir/pico-sdk/src/rp2_common/pico_bit_ops/bit_ops_aeabi.S.obj
 .text.rom_func_lookup
                0x100048d4       0x10 CMakeFiles/usb_comm.dir/pico-sdk/src/rp2_common/pico_bootrom/bootrom.c.obj
                0x100048d4                rom_func_lookup
 .text.rom_data_lookup
                0x100048e4       0x10 CMakeFiles/usb_comm.dir/pico-sdk/src/rp2_common/pico_bootrom/bootrom.c.obj
                0x100048e4                rom_data_lookup
 .text.rom_funcs_lookup
                0x100048f4       0x3c CMakeFiles/usb_comm.dir/pico-sdk/src/rp2_common/pico_bootrom/bootrom.c.obj
                0x100048f4                rom_funcs_lookup
 .text.__wrap___aeabi_idiv
                0x10004930       0x50 CMakeFiles/usb_comm.dir/pico-sdk/src/rp2_common/pico_divider/divider.S.obj
                0x10004930                __wrap___aeabi_idivmod
                0x10004930                divmod_s32s32
                0x10004930                div_s32s32
                0x10004930                __wrap___aeabi_idiv
                0x10004938                divmod_s32s32_unsafe
                0x10004964                divmod_s32s32_savestate
 .text.__wrap___aeabi_uidiv
                0x10004980       0x4c CMakeFiles/usb_comm.dir/pico-sdk/src/rp2_common/pico_divider/divider.S.obj
                0x10004980                __wrap___aeabi_uidiv
                0x10004980                __wrap___aeabi_uidivmod
                0x10004980                div_u32u32
                0x10004980                divmod_u32u32
                0x10004988                divmod_u32u32_unsafe
                0x100049b0                divmod_u32u32_savestate
 .text.__wrap___aeabi_ldiv
                0x100049cc      0x434 CMakeFiles/usb_comm.dir/pico-sdk/src/rp2_common/pico_divider/divider.S.obj
                0x100049cc                div_s64s64
                0x100049cc                divmod_s64s64
                0x100049cc                __wrap___aeabi_ldivmod
                0x10004a04                div_u64u64
                0x10004a04                divmod_u64u64
                0x10004a04                __wrap___aeabi_uldivmod
                0x10004a14                divmod_u64u64_savestate
                0x10004a3c                divmod_s64s64_unsafe
                0x10004ac4                divmod_u64u64_unsafe
 .text.__wrap___aeabi_darithmetic
                0x10004e00       0x80 CMakeFiles/usb_comm.dir/pico-sdk/src/rp2_common/pico_double/double_aeabi.S.obj
                0x10004e00                __wrap___aeabi_drsub
                0x10004e06                __wrap___aeabi_dsub
                0x10004e18                __wrap___aeabi_dadd
                0x10004e2a                __wrap___aeabi_ddiv
                0x10004e66                __wrap___aeabi_dmul
 .text.__wrap___aeabi_cdcmple
                0x10004e80       0x6c CMakeFiles/usb_comm.dir/pico-sdk/src/rp2_common/pico_double/double_aeabi.S.obj
                0x10004e80                __wrap___aeabi_cdrcmple
                0x10004e90                __wrap___aeabi_cdcmple
                0x10004e90                __wrap___aeabi_cdcmpeq
 .text.__wrap___aeabi_dcmpeq
                0x10004eec       0x10 CMakeFiles/usb_comm.dir/pico-sdk/src/rp2_common/pico_double/double_aeabi.S.obj
                0x10004eec                __wrap___aeabi_dcmpeq
 .text.__wrap___aeabi_dcmplt
                0x10004efc        0xc CMakeFiles/usb_comm.dir/pico-sdk/src/rp2_common/pico_double/double_aeabi.S.obj
                0x10004efc                __wrap___aeabi_dcmplt
 .text.__wrap___aeabi_dcmple
                0x10004f08       0x10 CMakeFiles/usb_comm.dir/pico-sdk/src/rp2_common/pico_double/double_aeabi.S.obj
                0x10004f08                __wrap___aeabi_dcmple
 .text.__wrap___aeabi_dcmpge
                0x10004f18       0x10 CMakeFiles/usb_comm.dir/pico-sdk/src/rp2_common/pico_double/double_aeabi.S.obj
                0x10004f18                __wrap___aeabi_dcmpge
 .text.__wrap___aeabi_dcmpgt
                0x10004f28        0xa CMakeFiles/usb_comm.dir/pico-sdk/src/rp2_common/pico_double/double_aeabi.S.obj
                0x10004f28                __wrap___aeabi_dcmpgt
 .text.__wrap___aeabi_dcmpun
                0x10004f32       0x1c CMakeFiles/usb_comm.dir/pico-sdk/src/rp2_common/pico_double/double_aeabi.S.obj
                0x10004f32                __wrap___aeabi_dcmpun
 *fill*         0x10004f4e        0x2 
 .text.__wrap___aeabi_i2d
                0x10004f50       0x38 CMakeFiles/usb_comm.dir/pico-sdk/src/rp2_common/pico_double/double_aeabi.S.obj
                0x10004f50                __wrap___aeabi_ui2d
                0x10004f58                __wrap___aeabi_i2d
 .text.__wrap___aeabi_d2iz
                0x10004f88       0x48 CMakeFiles/usb_comm.dir/pico-sdk/src/rp2_common/pico_double/double_aeabi.S.obj
                0x10004f88                __wrap___aeabi_d2iz
                0x10004f88                double2int_z
 .text.__wrap___aeabi_d2uiz
                0x10004fd0       0x18 CMakeFiles/usb_comm.dir/pico-sdk/src/rp2_common/pico_double/double_aeabi.S.obj
                0x10004fd0                double2uint
                0x10004fd0                __wrap___aeabi_d2uiz
 .text.__wrap___aeabi_l2d
                0x10004fe8       0x18 CMakeFiles/usb_comm.dir/pico-sdk/src/rp2_common/pico_double/double_aeabi.S.obj
                0x10004fe8                __wrap___aeabi_l2d
 .text.__wrap___aeabi_d2lz
                0x10005000       0x26 CMakeFiles/usb_comm.dir/pico-sdk/src/rp2_common/pico_double/double_aeabi.S.obj
                0x10005000                __wrap___aeabi_d2lz
                0x10005000                double2int64_z
 *fill*         0x10005026        0x2 
 .text.double2int64
                0x10005028       0x18 CMakeFiles/usb_comm.dir/pico-sdk/src/rp2_common/pico_double/double_aeabi.S.obj
                0x10005028                double2int64
 .text.double2ufix64
                0x10005040       0x18 CMakeFiles/usb_comm.dir/pico-sdk/src/rp2_common/pico_double/double_aeabi.S.obj
                0x10005040                double2ufix64
 .text.__wrap___aeabi_d2f
                0x10005058       0x18 CMakeFiles/usb_comm.dir/pico-sdk/src/rp2_common/pico_double/double_aeabi.S.obj
                0x10005058                __wrap___aeabi_d2f
 .text.__aeabi_double_init
                0x10005070       0x60 CMakeFiles/usb_comm.dir/pico-sdk/src/rp2_common/pico_double/double_init_rom.c.obj
                0x10005070                __aeabi_double_init
 .text.double_table_shim_on_use_helper
                0x100050d0       0x2c CMakeFiles/usb_comm.dir/pico-sdk/src/rp2_common/pico_double/double_v1_rom_shim.S.obj
                0x100050d0                double_table_shim_on_use_helper
 .text.__wrap___aeabi_dsub
                0x100050fc       0x10 CMakeFiles/usb_comm.dir/pico-sdk/src/rp2_common/pico_double/double_v1_rom_shim.S.obj
                0x100050fc                drsub_shim
                0x10005102                dsub_shim
 .text.dadd_shim
                0x1000510c      0x15c CMakeFiles/usb_comm.dir/pico-sdk/src/rp2_common/pico_double/double_v1_rom_shim.S.obj
                0x1000510c                dadd_shim
 .text.dmul_shim
                0x10005268      0x15c CMakeFiles/usb_comm.dir/pico-sdk/src/rp2_common/pico_double/double_v1_rom_shim.S.obj
                0x10005268                dmul_shim
 .text.ddiv_shim
                0x100053c4      0x1b0 CMakeFiles/usb_comm.dir/pico-sdk/src/rp2_common/pico_double/double_v1_rom_shim.S.obj
                0x100053c4                ddiv_shim
 .text.double2uint_shim
                0x10005574        0xe CMakeFiles/usb_comm.dir/pico-sdk/src/rp2_common/pico_double/double_v1_rom_shim.S.obj
                0x10005574                double2uint_shim
                0x10005576                double2ufix_shim
 .text.double2int64_shim
                0x10005582       0x1a CMakeFiles/usb_comm.dir/pico-sdk/src/rp2_common/pico_double/double_v1_rom_shim.S.obj
                0x10005582                double2int64_shim
                0x10005584                double2fix64_shim
 .text.double2uint64_shim
                0x1000559c       0x70 CMakeFiles/usb_comm.dir/pico-sdk/src/rp2_common/pico_double/double_v1_rom_shim.S.obj
                0x1000559c                double2uint64_shim
                0x1000559e                double2ufix64_shim
                0x100055be                d2fix_a
 .text.double2float_shim
                0x1000560c       0x5c CMakeFiles/usb_comm.dir/pico-sdk/src/rp2_common/pico_double/double_v1_rom_shim.S.obj
                0x1000560c                double2float_shim
 .text.x2double_shims
                0x10005668       0x90 CMakeFiles/usb_comm.dir/pico-sdk/src/rp2_common/pico_double/double_v1_rom_shim.S.obj
                0x10005668                uint2double_shim
                0x1000566a                ufix2double_shim
                0x10005670                int2double_shim
                0x10005672                fix2double_shim
                0x10005678                uint642double_shim
                0x1000567a                ufix642double_shim
                0x10005680                int642double_shim
                0x10005682                fix642double_shim
 .text.dunpacks
                0x100056f8       0x3c CMakeFiles/usb_comm.dir/pico-sdk/src/rp2_common/pico_double/double_v1_rom_shim.S.obj
                0x100056f8                dunpacks
 .text.__aeabi_lmul
                0x10005734       0x32 CMakeFiles/usb_comm.dir/pico-sdk/src/rp2_common/pico_int64_ops/pico_int64_ops_aeabi.S.obj
                0x10005734                __wrap___aeabi_lmul
 *fill*         0x10005766        0x2 
 .text.__wrap___aeabi_cfcmple
                0x10005768       0x50 CMakeFiles/usb_comm.dir/pico-sdk/src/rp2_common/pico_float/float_aeabi.S.obj
                0x10005768                __wrap___aeabi_cfrcmple
                0x10005774                __wrap___aeabi_cfcmpeq
                0x10005774                __wrap___aeabi_cfcmple
 .text.__wrap___aeabi_fcmple
                0x100057b8       0x10 CMakeFiles/usb_comm.dir/pico-sdk/src/rp2_common/pico_float/float_aeabi.S.obj
                0x100057b8                __wrap___aeabi_fcmple
 .text.__wrap___aeabi_fcmpun
                0x100057c8       0x18 CMakeFiles/usb_comm.dir/pico-sdk/src/rp2_common/pico_float/float_aeabi.S.obj
                0x100057c8                __wrap___aeabi_fcmpun
 .text.__aeabi_float_init
                0x100057e0       0x68 CMakeFiles/usb_comm.dir/pico-sdk/src/rp2_common/pico_float/float_init_rom.c.obj
                0x100057e0                __aeabi_float_init
 .text.float_table_shim_on_use_helper
                0x10005848       0x2c CMakeFiles/usb_comm.dir/pico-sdk/src/rp2_common/pico_float/float_v1_rom_shim.S.obj
                0x10005848                float_table_shim_on_use_helper
 .text          0x10005874       0x10 CMakeFiles/usb_comm.dir/pico-sdk/src/rp2_common/pico_mem_ops/mem_ops_aeabi.S.obj
                0x10005874                __aeabi_mem_init
 .text.memset   0x10005884        0xc CMakeFiles/usb_comm.dir/pico-sdk/src/rp2_common/pico_mem_ops/mem_ops_aeabi.S.obj
                0x10005884                __wrap_memset
 .text.memcpy   0x10005890        0xc CMakeFiles/usb_comm.dir/pico-sdk/src/rp2_common/pico_mem_ops/mem_ops_aeabi.S.obj
                0x10005890                __wrap___aeabi_memcpy
                0x10005890                __wrap_memcpy
 .text.stdio_out_chars_crlf
                0x1000589c       0x9c CMakeFiles/usb_comm.dir/pico-sdk/src/rp2_common/pico_stdio/stdio.c.obj
 .text.stdio_stack_buffer_flush.part.1
                0x10005938       0xdc CMakeFiles/usb_comm.dir/pico-sdk/src/rp2_common/pico_stdio/stdio.c.obj
 .text.stdio_buffered_printer
                0x10005a14       0x20 CMakeFiles/usb_comm.dir/pico-sdk/src/rp2_common/pico_stdio/stdio.c.obj
 .text.__wrap_putchar
                0x10005a34       0xa0 CMakeFiles/usb_comm.dir/pico-sdk/src/rp2_common/pico_stdio/stdio.c.obj
                0x10005a34                __wrap_putchar
 .text.__wrap_puts
                0x10005ad4       0xe8 CMakeFiles/usb_comm.dir/pico-sdk/src/rp2_common/pico_stdio/stdio.c.obj
                0x10005ad4                __wrap_puts
 .text._read    0x10005bbc       0x94 CMakeFiles/usb_comm.dir/pico-sdk/src/rp2_common/pico_stdio/stdio.c.obj
                0x10005bbc                _read
 .text._write   0x10005c50       0xb0 CMakeFiles/usb_comm.dir/pico-sdk/src/rp2_common/pico_stdio/stdio.c.obj
                0x10005c50                _write
 .text.stdio_set_driver_enabled
                0x10005d00       0x30 CMakeFiles/usb_comm.dir/pico-sdk/src/rp2_common/pico_stdio/stdio.c.obj
                0x10005d00                stdio_set_driver_enabled
 .text.__wrap_vprintf
                0x10005d30       0x94 CMakeFiles/usb_comm.dir/pico-sdk/src/rp2_common/pico_stdio/stdio.c.obj
                0x10005d30                __wrap_vprintf
 .text.__wrap_printf
                0x10005dc4       0x18 CMakeFiles/usb_comm.dir/pico-sdk/src/rp2_common/pico_stdio/stdio.c.obj
                0x10005dc4                __wrap_printf
 .text.stdio_init_all
                0x10005ddc        0x8 CMakeFiles/usb_comm.dir/pico-sdk/src/rp2_common/pico_stdio/stdio.c.obj
                0x10005ddc                stdio_init_all
 .text.resetd_init
                0x10005de4        0x4 CMakeFiles/usb_comm.dir/pico-sdk/src/rp2_common/pico_stdio_usb/reset_interface.c.obj
 .text.resetd_reset
                0x10005de8        0xc CMakeFiles/usb_comm.dir/pico-sdk/src/rp2_common/pico_stdio_usb/reset_interface.c.obj
 .text.resetd_xfer_cb
                0x10005df4        0x4 CMakeFiles/usb_comm.dir/pico-sdk/src/rp2_common/pico_stdio_usb/reset_interface.c.obj
 .text.resetd_open
                0x10005df8       0x28 CMakeFiles/usb_comm.dir/pico-sdk/src/rp2_common/pico_stdio_usb/reset_interface.c.obj
 .text.resetd_control_xfer_cb
                0x10005e20       0x64 CMakeFiles/usb_comm.dir/pico-sdk/src/rp2_common/pico_stdio_usb/reset_interface.c.obj
 .text.usbd_app_driver_get_cb
                0x10005e84        0xc CMakeFiles/usb_comm.dir/pico-sdk/src/rp2_common/pico_stdio_usb/reset_interface.c.obj
                0x10005e84                usbd_app_driver_get_cb
 .text.tud_cdc_line_coding_cb
                0x10005e90       0x34 CMakeFiles/usb_comm.dir/pico-sdk/src/rp2_common/pico_stdio_usb/reset_interface.c.obj
                0x10005e90                tud_cdc_line_coding_cb
 .text.stdio_usb_in_chars
                0x10005ec4       0x68 CMakeFiles/usb_comm.dir/pico-sdk/src/rp2_common/pico_stdio_usb/stdio_usb.c.obj
                0x10005ec4                stdio_usb_in_chars
 .text.timer_task
                0x10005f2c       0x18 CMakeFiles/usb_comm.dir/pico-sdk/src/rp2_common/pico_stdio_usb/stdio_usb.c.obj
 .text.usb_irq  0x10005f44       0x10 CMakeFiles/usb_comm.dir/pico-sdk/src/rp2_common/pico_stdio_usb/stdio_usb.c.obj
 .text.low_priority_worker_irq
                0x10005f54       0x20 CMakeFiles/usb_comm.dir/pico-sdk/src/rp2_common/pico_stdio_usb/stdio_usb.c.obj
 .text.stdio_usb_out_chars
                0x10005f74       0xf0 CMakeFiles/usb_comm.dir/pico-sdk/src/rp2_common/pico_stdio_usb/stdio_usb.c.obj
 .text.stdio_usb_init
                0x10006064       0xb0 CMakeFiles/usb_comm.dir/pico-sdk/src/rp2_common/pico_stdio_usb/stdio_usb.c.obj
                0x10006064                stdio_usb_init
 .text.tud_descriptor_device_cb
                0x10006114        0x8 CMakeFiles/usb_comm.dir/pico-sdk/src/rp2_common/pico_stdio_usb/stdio_usb_descriptors.c.obj
                0x10006114                tud_descriptor_device_cb
 .text.tud_descriptor_configuration_cb
                0x1000611c        0x8 CMakeFiles/usb_comm.dir/pico-sdk/src/rp2_common/pico_stdio_usb/stdio_usb_descriptors.c.obj
                0x1000611c                tud_descriptor_configuration_cb
 .text.tud_descriptor_string_cb
                0x10006124       0x70 CMakeFiles/usb_comm.dir/pico-sdk/src/rp2_common/pico_stdio_usb/stdio_usb_descriptors.c.obj
                0x10006124                tud_descriptor_string_cb
 .text.dcd_rp2040_irq
                0x10006194      0x21c CMakeFiles/usb_comm.dir/pico-sdk/lib/tinyusb/src/portable/raspberrypi/rp2040/dcd_rp2040.c.obj
 .text.dcd_int_enable
                0x100063b0        0xc CMakeFiles/usb_comm.dir/pico-sdk/lib/tinyusb/src/portable/raspberrypi/rp2040/dcd_rp2040.c.obj
                0x100063b0                dcd_int_enable
 .text.dcd_set_address
                0x100063bc       0x14 CMakeFiles/usb_comm.dir/pico-sdk/lib/tinyusb/src/portable/raspberrypi/rp2040/dcd_rp2040.c.obj
                0x100063bc                dcd_set_address
 .text.dcd_connect
                0x100063d0       0x10 CMakeFiles/usb_comm.dir/pico-sdk/lib/tinyusb/src/portable/raspberrypi/rp2040/dcd_rp2040.c.obj
                0x100063d0                dcd_connect
 .text.dcd_init
                0x100063e0      0x144 CMakeFiles/usb_comm.dir/pico-sdk/lib/tinyusb/src/portable/raspberrypi/rp2040/dcd_rp2040.c.obj
                0x100063e0                dcd_init
 .text.dcd_edpt0_status_complete
                0x10006524       0x1c CMakeFiles/usb_comm.dir/pico-sdk/lib/tinyusb/src/portable/raspberrypi/rp2040/dcd_rp2040.c.obj
                0x10006524                dcd_edpt0_status_complete
 .text.dcd_edpt_open
                0x10006540       0xf0 CMakeFiles/usb_comm.dir/pico-sdk/lib/tinyusb/src/portable/raspberrypi/rp2040/dcd_rp2040.c.obj
                0x10006540                dcd_edpt_open
 .text.dcd_edpt_close_all
                0x10006630       0xbc CMakeFiles/usb_comm.dir/pico-sdk/lib/tinyusb/src/portable/raspberrypi/rp2040/dcd_rp2040.c.obj
                0x10006630                dcd_edpt_close_all
 .text.dcd_edpt_xfer
                0x100066ec       0x24 CMakeFiles/usb_comm.dir/pico-sdk/lib/tinyusb/src/portable/raspberrypi/rp2040/dcd_rp2040.c.obj
                0x100066ec                dcd_edpt_xfer
 .text.dcd_edpt_stall
                0x10006710       0x34 CMakeFiles/usb_comm.dir/pico-sdk/lib/tinyusb/src/portable/raspberrypi/rp2040/dcd_rp2040.c.obj
                0x10006710                dcd_edpt_stall
 .text.dcd_edpt_clear_stall
                0x10006744       0x2c CMakeFiles/usb_comm.dir/pico-sdk/lib/tinyusb/src/portable/raspberrypi/rp2040/dcd_rp2040.c.obj
                0x10006744                dcd_edpt_clear_stall
 .text.rp2040_usb_init
                0x10006770       0x4c CMakeFiles/usb_comm.dir/pico-sdk/lib/tinyusb/src/portable/raspberrypi/rp2040/rp2040_usb.c.obj
                0x10006770                rp2040_usb_init
 .text.hw_endpoint_reset_transfer
                0x100067bc        0xc CMakeFiles/usb_comm.dir/pico-sdk/lib/tinyusb/src/portable/raspberrypi/rp2040/rp2040_usb.c.obj
                0x100067bc                hw_endpoint_reset_transfer
 .text._hw_endpoint_buffer_control_update32
                0x100067c8       0x58 CMakeFiles/usb_comm.dir/pico-sdk/lib/tinyusb/src/portable/raspberrypi/rp2040/rp2040_usb.c.obj
                0x100067c8                _hw_endpoint_buffer_control_update32
 .text.hw_endpoint_xfer_start
                0x10006820      0x14c CMakeFiles/usb_comm.dir/pico-sdk/lib/tinyusb/src/portable/raspberrypi/rp2040/rp2040_usb.c.obj
                0x10006820                hw_endpoint_xfer_start
 .text.hw_endpoint_xfer_continue
                0x1000696c      0x200 CMakeFiles/usb_comm.dir/pico-sdk/lib/tinyusb/src/portable/raspberrypi/rp2040/rp2040_usb.c.obj
                0x1000696c                hw_endpoint_xfer_continue
 .text.tud_mounted
                0x10006b6c       0x10 CMakeFiles/usb_comm.dir/pico-sdk/lib/tinyusb/src/device/usbd.c.obj
                0x10006b6c                tud_mounted
 .text.tud_suspended
                0x10006b7c       0x10 CMakeFiles/usb_comm.dir/pico-sdk/lib/tinyusb/src/device/usbd.c.obj
                0x10006b7c                tud_suspended
 .text.tud_inited
                0x10006b8c        0xc CMakeFiles/usb_comm.dir/pico-sdk/lib/tinyusb/src/device/usbd.c.obj
                0x10006b8c                tud_inited
 .text.tud_init
                0x10006b98       0xdc CMakeFiles/usb_comm.dir/pico-sdk/lib/tinyusb/src/device/usbd.c.obj
                0x10006b98                tud_init
 .text.tud_task
                0x10006c74      0x938 CMakeFiles/usb_comm.dir/pico-sdk/lib/tinyusb/src/device/usbd.c.obj
                0x10006c74                tud_task
 .text.dcd_event_bus_signal
                0x100075ac      0x124 CMakeFiles/usb_comm.dir/pico-sdk/lib/tinyusb/src/device/usbd.c.obj
                0x100075ac                dcd_event_bus_signal
 .text.dcd_event_bus_reset
                0x100076d0       0x58 CMakeFiles/usb_comm.dir/pico-sdk/lib/tinyusb/src/device/usbd.c.obj
                0x100076d0                dcd_event_bus_reset
 .text.dcd_event_setup_received
                0x10007728       0x50 CMakeFiles/usb_comm.dir/pico-sdk/lib/tinyusb/src/device/usbd.c.obj
                0x10007728                dcd_event_setup_received
 .text.dcd_event_xfer_complete
                0x10007778       0x68 CMakeFiles/usb_comm.dir/pico-sdk/lib/tinyusb/src/device/usbd.c.obj
                0x10007778                dcd_event_xfer_complete
 .text.usbd_open_edpt_pair
                0x100077e0       0xa4 CMakeFiles/usb_comm.dir/pico-sdk/lib/tinyusb/src/device/usbd.c.obj
                0x100077e0                usbd_open_edpt_pair
 .text.usbd_edpt_open
                0x10007884       0x30 CMakeFiles/usb_comm.dir/pico-sdk/lib/tinyusb/src/device/usbd.c.obj
                0x10007884                usbd_edpt_open
 .text.usbd_edpt_claim
                0x100078b4       0x5c CMakeFiles/usb_comm.dir/pico-sdk/lib/tinyusb/src/device/usbd.c.obj
                0x100078b4                usbd_edpt_claim
 .text.usbd_edpt_release
                0x10007910       0x4c CMakeFiles/usb_comm.dir/pico-sdk/lib/tinyusb/src/device/usbd.c.obj
                0x10007910                usbd_edpt_release
 .text.usbd_edpt_xfer
                0x1000795c       0x48 CMakeFiles/usb_comm.dir/pico-sdk/lib/tinyusb/src/device/usbd.c.obj
                0x1000795c                usbd_edpt_xfer
 .text.tud_control_status
                0x100079a4       0x30 CMakeFiles/usb_comm.dir/pico-sdk/lib/tinyusb/src/device/usbd_control.c.obj
                0x100079a4                tud_control_status
 .text.tud_control_xfer
                0x100079d4       0xb4 CMakeFiles/usb_comm.dir/pico-sdk/lib/tinyusb/src/device/usbd_control.c.obj
                0x100079d4                tud_control_xfer
 .text.usbd_control_reset
                0x10007a88       0x14 CMakeFiles/usb_comm.dir/pico-sdk/lib/tinyusb/src/device/usbd_control.c.obj
                0x10007a88                usbd_control_reset
 .text.usbd_control_set_complete_callback
                0x10007a9c        0xc CMakeFiles/usb_comm.dir/pico-sdk/lib/tinyusb/src/device/usbd_control.c.obj
                0x10007a9c                usbd_control_set_complete_callback
 .text.usbd_control_set_request
                0x10007aa8       0x1c CMakeFiles/usb_comm.dir/pico-sdk/lib/tinyusb/src/device/usbd_control.c.obj
                0x10007aa8                usbd_control_set_request
 .text.usbd_control_xfer_cb
                0x10007ac4       0xfc CMakeFiles/usb_comm.dir/pico-sdk/lib/tinyusb/src/device/usbd_control.c.obj
                0x10007ac4                usbd_control_xfer_cb
 .text.tud_cdc_n_connected
                0x10007bc0       0x30 CMakeFiles/usb_comm.dir/pico-sdk/lib/tinyusb/src/class/cdc/cdc_device.c.obj
                0x10007bc0                tud_cdc_n_connected
 .text.tud_cdc_n_available
                0x10007bf0       0x1c CMakeFiles/usb_comm.dir/pico-sdk/lib/tinyusb/src/class/cdc/cdc_device.c.obj
                0x10007bf0                tud_cdc_n_available
 .text.tud_cdc_n_read
                0x10007c0c       0x70 CMakeFiles/usb_comm.dir/pico-sdk/lib/tinyusb/src/class/cdc/cdc_device.c.obj
                0x10007c0c                tud_cdc_n_read
 .text.tud_cdc_n_write
                0x10007c7c       0x90 CMakeFiles/usb_comm.dir/pico-sdk/lib/tinyusb/src/class/cdc/cdc_device.c.obj
                0x10007c7c                tud_cdc_n_write
 .text.tud_cdc_n_write_flush
                0x10007d0c       0x78 CMakeFiles/usb_comm.dir/pico-sdk/lib/tinyusb/src/class/cdc/cdc_device.c.obj
                0x10007d0c                tud_cdc_n_write_flush
 .text.tud_cdc_n_write_available
                0x10007d84       0x1c CMakeFiles/usb_comm.dir/pico-sdk/lib/tinyusb/src/class/cdc/cdc_device.c.obj
                0x10007d84                tud_cdc_n_write_available
 .text.cdcd_init
                0x10007da0       0x7c CMakeFiles/usb_comm.dir/pico-sdk/lib/tinyusb/src/class/cdc/cdc_device.c.obj
                0x10007da0                cdcd_init
 .text.cdcd_reset
                0x10007e1c       0x2c CMakeFiles/usb_comm.dir/pico-sdk/lib/tinyusb/src/class/cdc/cdc_device.c.obj
                0x10007e1c                cdcd_reset
 .text.cdcd_open
                0x10007e48       0xe4 CMakeFiles/usb_comm.dir/pico-sdk/lib/tinyusb/src/class/cdc/cdc_device.c.obj
                0x10007e48                cdcd_open
 .text.cdcd_control_xfer_cb
                0x10007f2c       0xe4 CMakeFiles/usb_comm.dir/pico-sdk/lib/tinyusb/src/class/cdc/cdc_device.c.obj
                0x10007f2c                cdcd_control_xfer_cb
 .text.cdcd_xfer_cb
                0x10008010      0x198 CMakeFiles/usb_comm.dir/pico-sdk/lib/tinyusb/src/class/cdc/cdc_device.c.obj
                0x10008010                cdcd_xfer_cb
 .text.tusb_init
                0x100081a8        0xc CMakeFiles/usb_comm.dir/pico-sdk/lib/tinyusb/src/tusb.c.obj
                0x100081a8                tusb_init
 .text.tusb_inited
                0x100081b4        0x8 CMakeFiles/usb_comm.dir/pico-sdk/lib/tinyusb/src/tusb.c.obj
                0x100081b4                tusb_inited
 .text.tu_edpt_validate
                0x100081bc       0x78 CMakeFiles/usb_comm.dir/pico-sdk/lib/tinyusb/src/tusb.c.obj
                0x100081bc                tu_edpt_validate
 .text.tu_edpt_bind_driver
                0x10008234       0x2c CMakeFiles/usb_comm.dir/pico-sdk/lib/tinyusb/src/tusb.c.obj
                0x10008234                tu_edpt_bind_driver
 .text.tu_fifo_config
                0x10008260       0x78 CMakeFiles/usb_comm.dir/pico-sdk/lib/tinyusb/src/common/tusb_fifo.c.obj
                0x10008260                tu_fifo_config
 .text.tu_fifo_count
                0x100082d8       0x24 CMakeFiles/usb_comm.dir/pico-sdk/lib/tinyusb/src/common/tusb_fifo.c.obj
                0x100082d8                tu_fifo_count
 .text.tu_fifo_empty
                0x100082fc       0x10 CMakeFiles/usb_comm.dir/pico-sdk/lib/tinyusb/src/common/tusb_fifo.c.obj
                0x100082fc                tu_fifo_empty
 .text.tu_fifo_remaining
                0x1000830c       0x20 CMakeFiles/usb_comm.dir/pico-sdk/lib/tinyusb/src/common/tusb_fifo.c.obj
                0x1000830c                tu_fifo_remaining
 .text.tu_fifo_read
                0x1000832c       0x9c CMakeFiles/usb_comm.dir/pico-sdk/lib/tinyusb/src/common/tusb_fifo.c.obj
                0x1000832c                tu_fifo_read
 .text.tu_fifo_read_n
                0x100083c8       0xf0 CMakeFiles/usb_comm.dir/pico-sdk/lib/tinyusb/src/common/tusb_fifo.c.obj
                0x100083c8                tu_fifo_read_n
 .text.tu_fifo_write
                0x100084b8       0x80 CMakeFiles/usb_comm.dir/pico-sdk/lib/tinyusb/src/common/tusb_fifo.c.obj
                0x100084b8                tu_fifo_write
 .text.tu_fifo_write_n
                0x10008538       0xe8 CMakeFiles/usb_comm.dir/pico-sdk/lib/tinyusb/src/common/tusb_fifo.c.obj
                0x10008538                tu_fifo_write_n
 .text.tu_fifo_clear
                0x10008620       0x4c CMakeFiles/usb_comm.dir/pico-sdk/lib/tinyusb/src/common/tusb_fifo.c.obj
                0x10008620                tu_fifo_clear
 .text.tu_fifo_set_overwritable
                0x1000866c       0x3c CMakeFiles/usb_comm.dir/pico-sdk/lib/tinyusb/src/common/tusb_fifo.c.obj
                0x1000866c                tu_fifo_set_overwritable
 .text.startup._retrieve_unique_id_on_boot
                0x100086a8       0x10 CMakeFiles/usb_comm.dir/pico-sdk/src/rp2_common/pico_unique_id/unique_id.c.obj
 .text.pico_get_unique_board_id_string
                0x100086b8      0x1cc CMakeFiles/usb_comm.dir/pico-sdk/src/rp2_common/pico_unique_id/unique_id.c.obj
                0x100086b8                pico_get_unique_board_id_string
 .text.flash_get_unique_id
                0x10008884       0x3c CMakeFiles/usb_comm.dir/pico-sdk/src/rp2_common/hardware_flash/flash.c.obj
                0x10008884                flash_get_unique_id
 .text          0x100088c0       0x58 /usr/lib/gcc/arm-none-eabi/7.3.1/../../../arm-none-eabi/lib/thumb/v6-m/libc.a(lib_a-callocr.o)
                0x100088c0                _calloc_r
 .text          0x10008918      0x570 /usr/lib/gcc/arm-none-eabi/7.3.1/../../../arm-none-eabi/lib/thumb/v6-m/libc.a(lib_a-mallocr.o)
                0x10008918                _malloc_r
 .text          0x10008e88        0x8 /usr/lib/gcc/arm-none-eabi/7.3.1/../../../arm-none-eabi/lib/thumb/v6-m/libc.a(lib_a-mlock.o)
                0x10008e88                __malloc_lock
                0x10008e8c                __malloc_unlock
 .text          0x10008e90      0x3b0 /usr/lib/gcc/arm-none-eabi/7.3.1/../../../arm-none-eabi/lib/thumb/v6-m/libc.a(lib_a-reallocr.o)
                0x10008e90                _realloc_r
 .text          0x10009240       0x24 /usr/lib/gcc/arm-none-eabi/7.3.1/../../../arm-none-eabi/lib/thumb/v6-m/libc.a(lib_a-sbrkr.o)
                0x10009240                _sbrk_r
 .text          0x10009264       0x40 /usr/lib/gcc/arm-none-eabi/7.3.1/../../../arm-none-eabi/lib/thumb/v6-m/libc.a(lib_a-scanf.o)
                0x10009264                scanf
                0x10009288                _scanf_r
 .text          0x100092a4       0x64 /usr/lib/gcc/arm-none-eabi/7.3.1/../../../arm-none-eabi/lib/thumb/v6-m/libc.a(lib_a-strlen-stub.o)
                0x100092a4                strlen
 .text          0x10009308     0x1020 /usr/lib/gcc/arm-none-eabi/7.3.1/../../../arm-none-eabi/lib/thumb/v6-m/libc.a(lib_a-vfscanf.o)
                0x10009308                __svfscanf_r
                0x1000a2b8                vfscanf
                0x1000a2e8                __svfscanf
                0x1000a300                _vfscanf_r
 .text          0x1000a328      0x224 /usr/lib/gcc/arm-none-eabi/7.3.1/../../../arm-none-eabi/lib/thumb/v6-m/libc.a(lib_a-findfp.o)
                0x1000a32c                _cleanup_r
                0x1000a428                __sfmoreglue
                0x1000a458                __sfp
                0x1000a4e4                _cleanup
                0x1000a4fc                __sinit
                0x1000a50c                __sfp_lock_acquire
                0x1000a510                __sfp_lock_release
                0x1000a514                __sinit_lock_acquire
                0x1000a518                __sinit_lock_release
                0x1000a51c                __fp_lock_all
                0x1000a534                __fp_unlock_all
 .text          0x1000a54c      0x1ac /usr/lib/gcc/arm-none-eabi/7.3.1/../../../arm-none-eabi/lib/thumb/v6-m/libc.a(lib_a-fread.o)
                0x1000a54c                _fread_r
                0x1000a6d8                fread
 .text          0x1000a6f8      0x274 /usr/lib/gcc/arm-none-eabi/7.3.1/../../../arm-none-eabi/lib/thumb/v6-m/libc.a(lib_a-freer.o)
                0x1000a6f8                _malloc_trim_r
                0x1000a798                _free_r
 .text          0x1000a96c       0x90 /usr/lib/gcc/arm-none-eabi/7.3.1/../../../arm-none-eabi/lib/thumb/v6-m/libc.a(lib_a-fwalk.o)
                0x1000a96c                _fwalk
                0x1000a9b0                _fwalk_reent
 .text          0x1000a9fc        0xc /usr/lib/gcc/arm-none-eabi/7.3.1/../../../arm-none-eabi/lib/thumb/v6-m/libc.a(lib_a-iswspace.o)
                0x1000a9fc                iswspace
 .text          0x1000aa08       0x18 /usr/lib/gcc/arm-none-eabi/7.3.1/../../../arm-none-eabi/lib/thumb/v6-m/libc.a(lib_a-iswspace_l.o)
                0x1000aa08                iswspace_l
 .text          0x1000aa20       0x6c /usr/lib/gcc/arm-none-eabi/7.3.1/../../../arm-none-eabi/lib/thumb/v6-m/libc.a(lib_a-locale.o)
                0x1000aa20                _setlocale_r
                0x1000aa64                __locale_mb_cur_max
                0x1000aa74                setlocale
 .text          0x1000aa8c       0x14 /usr/lib/gcc/arm-none-eabi/7.3.1/../../../arm-none-eabi/lib/thumb/v6-m/libc.a(lib_a-localeconv.o)
                0x1000aa8c                __localeconv_l
                0x1000aa90                _localeconv_r
                0x1000aa98                localeconv
 .text          0x1000aaa0       0x94 /usr/lib/gcc/arm-none-eabi/7.3.1/../../../arm-none-eabi/lib/thumb/v6-m/libc.a(lib_a-mbrtowc.o)
                0x1000aaa0                _mbrtowc_r
                0x1000aae8                mbrtowc
 .text          0x1000ab34       0x44 /usr/lib/gcc/arm-none-eabi/7.3.1/../../../arm-none-eabi/lib/thumb/v6-m/libc.a(lib_a-mbtowc_r.o)
                0x1000ab34                _mbtowc_r
                0x1000ab4c                __ascii_mbtowc
 .text          0x1000ab78      0x140 /usr/lib/gcc/arm-none-eabi/7.3.1/../../../arm-none-eabi/lib/thumb/v6-m/libc.a(lib_a-refill.o)
                0x1000ab94                __srefill_r
 .text          0x1000acb8       0x6c /usr/lib/gcc/arm-none-eabi/7.3.1/../../../arm-none-eabi/lib/thumb/v6-m/libc.a(lib_a-sccl.o)
                0x1000acb8                __sccl
 .text          0x1000ad24        0x8 /usr/lib/gcc/arm-none-eabi/7.3.1/../../../arm-none-eabi/lib/thumb/v6-m/libc.a(lib_a-sf_nan.o)
                0x1000ad24                nanf
 .text          0x1000ad2c       0xa0 /usr/lib/gcc/arm-none-eabi/7.3.1/../../../arm-none-eabi/lib/thumb/v6-m/libc.a(lib_a-stdio.o)
                0x1000ad2c                __sread
                0x1000ad54                __seofread
                0x1000ad58                __swrite
                0x1000ad94                __sseek
                0x1000adc0                __sclose
 .text          0x1000adcc       0x88 /usr/lib/gcc/arm-none-eabi/7.3.1/../../../arm-none-eabi/lib/thumb/v6-m/libc.a(lib_a-strcmp.o)
                0x1000adcc                strcmp
 .text          0x1000ae54     0x1034 /usr/lib/gcc/arm-none-eabi/7.3.1/../../../arm-none-eabi/lib/thumb/v6-m/libc.a(lib_a-strtod.o)
                0x1000ae54                _strtod_l
                0x1000bce0                _strtod_r
                0x1000bcf0                strtod_l
                0x1000bd08                strtod
                0x1000bd24                strtof_l
                0x1000bdd4                strtof
 .text.unlikely
                0x1000be88       0x30 /usr/lib/gcc/arm-none-eabi/7.3.1/../../../arm-none-eabi/lib/thumb/v6-m/libc.a(lib_a-strtod.o)
 .text          0x1000beb8      0x170 /usr/lib/gcc/arm-none-eabi/7.3.1/../../../arm-none-eabi/lib/thumb/v6-m/libc.a(lib_a-strtol.o)
                0x1000bff0                _strtol_r
                0x1000bff8                strtol_l
                0x1000c010                strtol
 .text          0x1000c028      0x1e4 /usr/lib/gcc/arm-none-eabi/7.3.1/../../../arm-none-eabi/lib/thumb/v6-m/libc.a(lib_a-strtoll.o)
                0x1000c1d4                _strtoll_r
                0x1000c1dc                strtoll_l
                0x1000c1f4                strtoll
 .text          0x1000c20c      0x180 /usr/lib/gcc/arm-none-eabi/7.3.1/../../../arm-none-eabi/lib/thumb/v6-m/libc.a(lib_a-strtoul.o)
                0x1000c354                _strtoul_r
                0x1000c35c                strtoul_l
                0x1000c374                strtoul
 .text          0x1000c38c      0x204 /usr/lib/gcc/arm-none-eabi/7.3.1/../../../arm-none-eabi/lib/thumb/v6-m/libc.a(lib_a-strtoull.o)
                0x1000c558                _strtoull_r
                0x1000c560                strtoull_l
                0x1000c578                strtoull
 .text          0x1000c590      0x184 /usr/lib/gcc/arm-none-eabi/7.3.1/../../../arm-none-eabi/lib/thumb/v6-m/libc.a(lib_a-ungetc.o)
                0x1000c590                __submore
                0x1000c614                _ungetc_r
                0x1000c6fc                ungetc
 .text          0x1000c714       0x2c /usr/lib/gcc/arm-none-eabi/7.3.1/../../../arm-none-eabi/lib/thumb/v6-m/libc.a(lib_a-wctomb_r.o)
                0x1000c714                _wctomb_r
                0x1000c724                __ascii_wctomb
 .text          0x1000c740       0x28 /usr/lib/gcc/arm-none-eabi/7.3.1/../../../arm-none-eabi/lib/thumb/v6-m/libc.a(lib_a-writer.o)
                0x1000c740                _write_r
 .text          0x1000c768       0x24 /usr/lib/gcc/arm-none-eabi/7.3.1/../../../arm-none-eabi/lib/thumb/v6-m/libc.a(lib_a-closer.o)
                0x1000c768                _close_r
 .text          0x1000c78c       0xa8 /usr/lib/gcc/arm-none-eabi/7.3.1/../../../arm-none-eabi/lib/thumb/v6-m/libc.a(lib_a-fclose.o)
                0x1000c78c                _fclose_r
                0x1000c820                fclose
 .text          0x1000c834      0x1a4 /usr/lib/gcc/arm-none-eabi/7.3.1/../../../arm-none-eabi/lib/thumb/v6-m/libc.a(lib_a-fflush.o)
                0x1000c834                __sflush_r
                0x1000c984                _fflush_r
                0x1000c9b0                fflush
 .text          0x1000c9d8      0x5ec /usr/lib/gcc/arm-none-eabi/7.3.1/../../../arm-none-eabi/lib/thumb/v6-m/libc.a(lib_a-gdtoa-gethex.o)
                0x1000ca80                __gethex
 .text          0x1000cfc4      0x1cc /usr/lib/gcc/arm-none-eabi/7.3.1/../../../arm-none-eabi/lib/thumb/v6-m/libc.a(lib_a-gdtoa-hexnan.o)
                0x1000cfc4                __match
                0x1000cff0                __hexnan
 .text          0x1000d190       0x28 /usr/lib/gcc/arm-none-eabi/7.3.1/../../../arm-none-eabi/lib/thumb/v6-m/libc.a(lib_a-lseekr.o)
                0x1000d190                _lseek_r
 .text          0x1000d1b8       0xf0 /usr/lib/gcc/arm-none-eabi/7.3.1/../../../arm-none-eabi/lib/thumb/v6-m/libc.a(lib_a-makebuf.o)
                0x1000d1b8                __swhatbuf_r
                0x1000d218                __smakebuf_r
 .text          0x1000d2a8      0x984 /usr/lib/gcc/arm-none-eabi/7.3.1/../../../arm-none-eabi/lib/thumb/v6-m/libc.a(lib_a-mprec.o)
                0x1000d2a8                _Balloc
                0x1000d2f8                _Bfree
                0x1000d30c                __multadd
                0x1000d398                __s2b
                0x1000d428                __hi0bits
                0x1000d460                __lo0bits
                0x1000d4bc                __i2b
                0x1000d4d0                __multiply
                0x1000d648                __pow5mult
                0x1000d708                __lshift
                0x1000d7d0                __mcmp
                0x1000d804                __mdiff
                0x1000d928                __ulp
                0x1000d974                __b2d
                0x1000da30                __d2b
                0x1000daec                __ratio
                0x1000db60                _mprec_log10
                0x1000db94                __copybits
                0x1000dbd4                __any_on
 .text          0x1000dc2c       0x28 /usr/lib/gcc/arm-none-eabi/7.3.1/../../../arm-none-eabi/lib/thumb/v6-m/libc.a(lib_a-readr.o)
                0x1000dc2c                _read_r
 .text          0x1000dc54        0xc /usr/lib/gcc/arm-none-eabi/7.3.1/../../../arm-none-eabi/lib/thumb/v6-m/libc.a(lib_a-s_nan.o)
                0x1000dc54                nan
 .text          0x1000dc60       0x8c /usr/lib/gcc/arm-none-eabi/7.3.1/../../../arm-none-eabi/lib/thumb/v6-m/libc.a(lib_a-strncmp.o)
                0x1000dc60                strncmp
 .text          0x1000dcec       0x28 /usr/lib/gcc/arm-none-eabi/7.3.1/../../../arm-none-eabi/lib/thumb/v6-m/libc.a(lib_a-fstatr.o)
                0x1000dcec                _fstat_r
 .text          0x1000dd14       0x24 /usr/lib/gcc/arm-none-eabi/7.3.1/../../../arm-none-eabi/lib/thumb/v6-m/libc.a(lib_a-isattyr.o)
                0x1000dd14                _isatty_r
 .text          0x1000dd38       0x10 /usr/lib/gcc/arm-none-eabi/7.3.1/../../../arm-none-eabi/lib/thumb/v6-m/libnosys.a(close.o)
                0x1000dd38                _close
 .text          0x1000dd48       0x10 /usr/lib/gcc/arm-none-eabi/7.3.1/../../../arm-none-eabi/lib/thumb/v6-m/libnosys.a(fstat.o)
                0x1000dd48                _fstat
 .text          0x1000dd58       0x10 /usr/lib/gcc/arm-none-eabi/7.3.1/../../../arm-none-eabi/lib/thumb/v6-m/libnosys.a(isatty.o)
                0x1000dd58                _isatty
 .text          0x1000dd68       0x10 /usr/lib/gcc/arm-none-eabi/7.3.1/../../../arm-none-eabi/lib/thumb/v6-m/libnosys.a(lseek.o)
                0x1000dd68                _lseek
 *(.fini)
 .fini          0x1000dd78        0x4 /usr/lib/gcc/arm-none-eabi/7.3.1/thumb/v6-m/crti.o
                0x1000dd78                _fini
 *fill*         0x1000dd7c        0x4 
 .fini.__stub   0x1000dd80       0x80 linker stubs
 *crtbegin.o(.ctors)
 *crtbegin?.o(.ctors)
 *(EXCLUDE_FILE(*crtend.o *crtend?.o) .ctors)
 *(SORT_BY_NAME(.ctors.*))
 *(.ctors)
 *crtbegin.o(.dtors)
 *crtbegin?.o(.dtors)
 *(EXCLUDE_FILE(*crtend.o *crtend?.o) .dtors)
 *(SORT_BY_NAME(.dtors.*))
 *(.dtors)
 *(.eh_frame*)
 .eh_frame      0x1000de00        0x0 /usr/lib/gcc/arm-none-eabi/7.3.1/thumb/v6-m/crtbegin.o
                0x1000de00                . = ALIGN (0x4)

.glue_7         0x1000de00        0x0
 .glue_7        0x1000de00        0x0 linker stubs

.glue_7t        0x1000de00        0x0
 .glue_7t       0x1000de00        0x0 linker stubs

.vfp11_veneer   0x1000de00        0x0
 .vfp11_veneer  0x1000de00        0x0 linker stubs

.v4_bx          0x1000de00        0x0
 .v4_bx         0x1000de00        0x0 linker stubs

.iplt           0x1000de00        0x0
 .iplt          0x1000de00        0x0 /usr/lib/gcc/arm-none-eabi/7.3.1/thumb/v6-m/crtbegin.o

.rodata         0x1000de00      0xdb0
 *(EXCLUDE_FILE(*libm.a: *libc.a:*lib_a-mem*.o *libgcc.a:) .rodata*)
 .rodata.read_stream.str1.4
                0x1000de00       0x17 CMakeFiles/usb_comm.dir/usb_comm/usb_comm.c.obj
 *fill*         0x1000de17        0x1 
 .rodata.spin_lock_claim_unused.str1.4
                0x1000de18       0x1b CMakeFiles/usb_comm.dir/pico-sdk/src/rp2_common/hardware_sync/sync.c.obj
 *fill*         0x1000de33        0x1 
 .rodata.user_irq_claim_unused.str1.4
                0x1000de34       0x1b CMakeFiles/usb_comm.dir/pico-sdk/src/rp2_common/hardware_irq/irq.c.obj
 *fill*         0x1000de4f        0x1 
 .rodata.at_the_end_of_time
                0x1000de50        0x8 CMakeFiles/usb_comm.dir/pico-sdk/src/common/pico_time/time.c.obj
                0x1000de50                at_the_end_of_time
 .rodata.hardware_alarm_claim.str1.4
                0x1000de58       0x22 CMakeFiles/usb_comm.dir/pico-sdk/src/rp2_common/hardware_timer/timer.c.obj
 *fill*         0x1000de7a        0x2 
 .rodata.hard_assertion_failure.str1.4
                0x1000de7c        0xc CMakeFiles/usb_comm.dir/pico-sdk/src/rp2_common/pico_runtime/runtime.c.obj
 .rodata.panic.str1.4
                0x1000de88       0x12 CMakeFiles/usb_comm.dir/pico-sdk/src/rp2_common/pico_runtime/runtime.c.obj
 *fill*         0x1000de9a        0x2 
 .rodata._vsnprintf
                0x1000de9c      0x1e0 CMakeFiles/usb_comm.dir/pico-sdk/src/rp2_common/pico_printf/printf.c.obj
 .rodata._etoa.part.0.str1.4
                0x1000e07c        0x9 CMakeFiles/usb_comm.dir/pico-sdk/src/rp2_common/pico_printf/printf.c.obj
 *fill*         0x1000e085        0x3 
 .rodata._ftoa.str1.4
                0x1000e088        0xc CMakeFiles/usb_comm.dir/pico-sdk/src/rp2_common/pico_printf/printf.c.obj
 *fill*         0x1000e094        0x4 
 .rodata.pow10.5391
                0x1000e098       0x50 CMakeFiles/usb_comm.dir/pico-sdk/src/rp2_common/pico_printf/printf.c.obj
 .rodata.__bi_44
                0x1000e0e8        0xc CMakeFiles/usb_comm.dir/pico-sdk/src/rp2_common/pico_standard_link/binary_info.c.obj
 .rodata.__bi_75
                0x1000e0f4        0xc CMakeFiles/usb_comm.dir/pico-sdk/src/rp2_common/pico_standard_link/binary_info.c.obj
 .rodata.__bi_81
                0x1000e100        0xc CMakeFiles/usb_comm.dir/pico-sdk/src/rp2_common/pico_standard_link/binary_info.c.obj
 .rodata.str1.4
                0x1000e10c       0x40 CMakeFiles/usb_comm.dir/pico-sdk/src/rp2_common/pico_standard_link/binary_info.c.obj
 .rodata.crlf_str.5860
                0x1000e14c        0x2 CMakeFiles/usb_comm.dir/pico-sdk/src/rp2_common/pico_stdio/stdio.c.obj
 *fill*         0x1000e14e        0x2 
 .rodata._resetd_driver
                0x1000e150       0x18 CMakeFiles/usb_comm.dir/pico-sdk/src/rp2_common/pico_stdio_usb/reset_interface.c.obj
 .rodata.__bi_118.7154
                0x1000e168        0xc CMakeFiles/usb_comm.dir/pico-sdk/src/rp2_common/pico_stdio_usb/stdio_usb.c.obj
 .rodata.str1.4
                0x1000e174       0x13 CMakeFiles/usb_comm.dir/pico-sdk/src/rp2_common/pico_stdio_usb/stdio_usb.c.obj
 *fill*         0x1000e187        0x1 
 .rodata.str1.4
                0x1000e188       0x2a CMakeFiles/usb_comm.dir/pico-sdk/src/rp2_common/pico_stdio_usb/stdio_usb_descriptors.c.obj
 *fill*         0x1000e1b2        0x2 
 .rodata.usbd_desc_cfg
                0x1000e1b4       0x54 CMakeFiles/usb_comm.dir/pico-sdk/src/rp2_common/pico_stdio_usb/stdio_usb_descriptors.c.obj
 .rodata.usbd_desc_device
                0x1000e208       0x12 CMakeFiles/usb_comm.dir/pico-sdk/src/rp2_common/pico_stdio_usb/stdio_usb_descriptors.c.obj
 *fill*         0x1000e21a        0x2 
 .rodata.usbd_desc_str
                0x1000e21c       0x18 CMakeFiles/usb_comm.dir/pico-sdk/src/rp2_common/pico_stdio_usb/stdio_usb_descriptors.c.obj
 .rodata.dcd_rp2040_irq.str1.4
                0x1000e234       0x14 CMakeFiles/usb_comm.dir/pico-sdk/lib/tinyusb/src/portable/raspberrypi/rp2040/dcd_rp2040.c.obj
 .rodata._hw_endpoint_buffer_control_update32.str1.4
                0x1000e248       0x1f CMakeFiles/usb_comm.dir/pico-sdk/lib/tinyusb/src/portable/raspberrypi/rp2040/rp2040_usb.c.obj
 *fill*         0x1000e267        0x1 
 .rodata.hw_endpoint_xfer_continue.str1.4
                0x1000e268       0x29 CMakeFiles/usb_comm.dir/pico-sdk/lib/tinyusb/src/portable/raspberrypi/rp2040/rp2040_usb.c.obj
 *fill*         0x1000e291        0x3 
 .rodata.str1.4
                0x1000e294        0x7 CMakeFiles/usb_comm.dir/pico-sdk/lib/tinyusb/src/portable/raspberrypi/rp2040/rp2040_usb.c.obj
 *fill*         0x1000e29b        0x1 
 .rodata.tud_task
                0x1000e29c       0x8c CMakeFiles/usb_comm.dir/pico-sdk/lib/tinyusb/src/device/usbd.c.obj
 .rodata._usbd_driver
                0x1000e328       0x18 CMakeFiles/usb_comm.dir/pico-sdk/lib/tinyusb/src/device/usbd.c.obj
 .rodata        0x1000e340        0x4 /usr/lib/gcc/arm-none-eabi/7.3.1/../../../arm-none-eabi/lib/thumb/v6-m/libc.a(lib_a-impure.o)
                0x1000e340                _global_impure_ptr
 .rodata        0x1000e344      0x3e6 /usr/lib/gcc/arm-none-eabi/7.3.1/../../../arm-none-eabi/lib/thumb/v6-m/libc.a(lib_a-vfscanf.o)
 *fill*         0x1000e72a        0x2 
 .rodata.str1.4
                0x1000e72c        0x5 /usr/lib/gcc/arm-none-eabi/7.3.1/../../../arm-none-eabi/lib/thumb/v6-m/libc.a(lib_a-vfscanf.o)
                                  0x9 (size before relaxing)
 *fill*         0x1000e731        0x3 
 .rodata        0x1000e734      0x101 /usr/lib/gcc/arm-none-eabi/7.3.1/../../../arm-none-eabi/lib/thumb/v6-m/libc.a(lib_a-ctype_.o)
                0x1000e734                _ctype_
 *fill*         0x1000e835        0x3 
 .rodata.str1.4
                0x1000e838        0xa /usr/lib/gcc/arm-none-eabi/7.3.1/../../../arm-none-eabi/lib/thumb/v6-m/libc.a(lib_a-locale.o)
                                 0x12 (size before relaxing)
 .rodata.str1.4
                0x1000e842        0x1 /usr/lib/gcc/arm-none-eabi/7.3.1/../../../arm-none-eabi/lib/thumb/v6-m/libc.a(lib_a-mbrtowc.o)
 *fill*         0x1000e842        0x6 
 .rodata        0x1000e848      0x120 /usr/lib/gcc/arm-none-eabi/7.3.1/../../../arm-none-eabi/lib/thumb/v6-m/libc.a(lib_a-strtod.o)
 .rodata.str1.4
                0x1000e968       0x10 /usr/lib/gcc/arm-none-eabi/7.3.1/../../../arm-none-eabi/lib/thumb/v6-m/libc.a(lib_a-strtod.o)
                                 0x11 (size before relaxing)
 .rodata        0x1000e978      0x100 /usr/lib/gcc/arm-none-eabi/7.3.1/../../../arm-none-eabi/lib/thumb/v6-m/libc.a(lib_a-gdtoa-gethex.o)
                0x1000e978                __hexdig
 .rodata        0x1000ea78        0xc /usr/lib/gcc/arm-none-eabi/7.3.1/../../../arm-none-eabi/lib/thumb/v6-m/libc.a(lib_a-lnumeric.o)
                0x1000ea78                _C_numeric_locale
 .rodata.str1.4
                0x1000ea84        0x5 /usr/lib/gcc/arm-none-eabi/7.3.1/../../../arm-none-eabi/lib/thumb/v6-m/libc.a(lib_a-lnumeric.o)
 *fill*         0x1000ea84        0x4 
 .rodata        0x1000ea88      0x128 /usr/lib/gcc/arm-none-eabi/7.3.1/../../../arm-none-eabi/lib/thumb/v6-m/libc.a(lib_a-mprec.o)
                0x1000ea98                __mprec_tinytens
                0x1000eac0                __mprec_bigtens
                0x1000eae8                __mprec_tens
                0x1000ebb0                . = ALIGN (0x4)
 *(SORT_BY_ALIGNMENT(SORT_BY_NAME(.flashdata*)))
                0x1000ebb0                . = ALIGN (0x4)

.rel.dyn        0x1000ebb0        0x0
 .rel.iplt      0x1000ebb0        0x0 /usr/lib/gcc/arm-none-eabi/7.3.1/thumb/v6-m/crtbegin.o

.ARM.extab
 *(.ARM.extab* .gnu.linkonce.armextab.*)
                0x1000ebb0                __exidx_start = .

.ARM.exidx
 *(.ARM.exidx* .gnu.linkonce.armexidx.*)
                0x1000ebb0                __exidx_end = .
                0x1000ebb0                . = ALIGN (0x4)
                0x1000ebb0                __binary_info_start = .

.binary_info    0x1000ebb0       0x20
 *(.binary_info.keep.*)
 .binary_info.keep.__bi_ptr22
                0x1000ebb0        0x4 CMakeFiles/usb_comm.dir/pico-sdk/src/rp2_common/pico_standard_link/binary_info.c.obj
 .binary_info.keep.__bi_ptr30
                0x1000ebb4        0x4 CMakeFiles/usb_comm.dir/pico-sdk/src/rp2_common/pico_standard_link/binary_info.c.obj
 .binary_info.keep.__bi_ptr38
                0x1000ebb8        0x4 CMakeFiles/usb_comm.dir/pico-sdk/src/rp2_common/pico_standard_link/binary_info.c.obj
 .binary_info.keep.__bi_ptr44
                0x1000ebbc        0x4 CMakeFiles/usb_comm.dir/pico-sdk/src/rp2_common/pico_standard_link/binary_info.c.obj
 .binary_info.keep.__bi_ptr50
                0x1000ebc0        0x4 CMakeFiles/usb_comm.dir/pico-sdk/src/rp2_common/pico_standard_link/binary_info.c.obj
 .binary_info.keep.__bi_ptr75
                0x1000ebc4        0x4 CMakeFiles/usb_comm.dir/pico-sdk/src/rp2_common/pico_standard_link/binary_info.c.obj
 .binary_info.keep.__bi_ptr81
                0x1000ebc8        0x4 CMakeFiles/usb_comm.dir/pico-sdk/src/rp2_common/pico_standard_link/binary_info.c.obj
 *(.binary_info.*)
 .binary_info.__bi_ptr118
                0x1000ebcc        0x4 CMakeFiles/usb_comm.dir/pico-sdk/src/rp2_common/pico_stdio_usb/stdio_usb.c.obj
                0x1000ebd0                __binary_info_end = .
                0x1000ebd0                . = ALIGN (0x4)
                0x1000ebd0                __etext = .

.ram_vector_table
                0x20000000       0xc0
 *(.ram_vector_table)
 .ram_vector_table
                0x20000000       0xc0 CMakeFiles/usb_comm.dir/pico-sdk/src/rp2_common/pico_runtime/runtime.c.obj
                0x20000000                ram_vector_table

.data           0x200000c0      0xdf0 load address 0x1000ebd0
                0x200000c0                __data_start__ = .
 *(vtable)
 *(.time_critical*)
 .time_critical.mutex_enter_blocking
                0x200000c0       0x48 CMakeFiles/usb_comm.dir/pico-sdk/src/common/pico_sync/mutex.c.obj
                0x200000c0                mutex_enter_blocking
 .time_critical.mutex_try_enter
                0x20000108       0x48 CMakeFiles/usb_comm.dir/pico-sdk/src/common/pico_sync/mutex.c.obj
                0x20000108                mutex_try_enter
 .time_critical.mutex_enter_timeout_ms
                0x20000150       0x98 CMakeFiles/usb_comm.dir/pico-sdk/src/common/pico_sync/mutex.c.obj
                0x20000150                mutex_enter_timeout_ms
 .time_critical.mutex_exit
                0x200001e8       0x28 CMakeFiles/usb_comm.dir/pico-sdk/src/common/pico_sync/mutex.c.obj
                0x200001e8                mutex_exit
 .time_critical.flash_init_boot2_copyout
                0x20000210       0x34 CMakeFiles/usb_comm.dir/pico-sdk/src/rp2_common/hardware_flash/flash.c.obj
 .time_critical.flash_enable_xip_via_boot2
                0x20000244       0x10 CMakeFiles/usb_comm.dir/pico-sdk/src/rp2_common/hardware_flash/flash.c.obj
 .time_critical.flash_cs_force
                0x20000254       0x38 CMakeFiles/usb_comm.dir/pico-sdk/src/rp2_common/hardware_flash/flash.c.obj
 .time_critical.flash_do_cmd
                0x2000028c       0xac CMakeFiles/usb_comm.dir/pico-sdk/src/rp2_common/hardware_flash/flash.c.obj
                0x2000028c                flash_do_cmd
 *(.text*)
 .text          0x20000338        0x4 /usr/lib/gcc/arm-none-eabi/7.3.1/thumb/v6-m/libgcc.a(_dvmd_tls.o)
                0x20000338                __aeabi_ldiv0
                0x20000338                __aeabi_idiv0
 .text          0x2000033c       0x9c /usr/lib/gcc/arm-none-eabi/7.3.1/../../../arm-none-eabi/lib/thumb/v6-m/libc.a(lib_a-memmove.o)
                0x2000033c                memmove
 .text.__stub   0x200003d8       0x30 linker stubs
                0x20000408                . = ALIGN (0x4)
 *(.rodata*)
                0x20000408                . = ALIGN (0x4)
 *(.data*)
 .data.striped_spin_lock_num
                0x20000408        0x1 CMakeFiles/usb_comm.dir/pico-sdk/src/rp2_common/hardware_sync/sync.c.obj
 *fill*         0x20000409        0x3 
 .data          0x2000040c       0x48 CMakeFiles/usb_comm.dir/pico-sdk/src/rp2_common/hardware_irq/irq_handler_chain.S.obj
                0x2000040c                irq_handler_chain_slots
                0x2000043c                irq_handler_chain_first_slot
                0x20000446                irq_handler_chain_remove_tail
 .data.default_alarm_pool
                0x20000454       0x18 CMakeFiles/usb_comm.dir/pico-sdk/src/common/pico_time/time.c.obj
 .data.default_alarm_pool_heap
                0x2000046c       0x10 CMakeFiles/usb_comm.dir/pico-sdk/src/common/pico_time/time.c.obj
 *fill*         0x2000047c        0x4 
 .data.aeabi_bits_funcs
                0x20000480       0x10 CMakeFiles/usb_comm.dir/pico-sdk/src/rp2_common/pico_bit_ops/bit_ops_aeabi.S.obj
                0x20000480                aeabi_bits_funcs
                0x20000490                aeabi_bits_funcs_end
 .data.aeabi_mem_funcs
                0x20000490       0x10 CMakeFiles/usb_comm.dir/pico-sdk/src/rp2_common/pico_mem_ops/mem_ops_aeabi.S.obj
                0x20000490                aeabi_mem_funcs
                0x200004a0                aeabi_mem_funcs_end
 .data.stdio_usb
                0x200004a0       0x14 CMakeFiles/usb_comm.dir/pico-sdk/src/rp2_common/pico_stdio_usb/stdio_usb.c.obj
                0x200004a0                stdio_usb
 .data.ep_dir_string
                0x200004b4        0x8 CMakeFiles/usb_comm.dir/pico-sdk/lib/tinyusb/src/portable/raspberrypi/rp2040/rp2040_usb.c.obj
                0x200004b4                ep_dir_string
 .data._usbd_qdef
                0x200004bc       0x24 CMakeFiles/usb_comm.dir/pico-sdk/lib/tinyusb/src/device/usbd.c.obj
                0x200004bc                _usbd_qdef
 .data          0x200004e0      0x430 /usr/lib/gcc/arm-none-eabi/7.3.1/../../../arm-none-eabi/lib/thumb/v6-m/libc.a(lib_a-impure.o)
                0x200004e0                _impure_ptr
 .data          0x20000910      0x410 /usr/lib/gcc/arm-none-eabi/7.3.1/../../../arm-none-eabi/lib/thumb/v6-m/libc.a(lib_a-mallocr.o)
                0x20000910                __malloc_sbrk_base
                0x20000914                __malloc_trim_threshold
                0x20000918                __malloc_av_
 .data          0x20000d20      0x16c /usr/lib/gcc/arm-none-eabi/7.3.1/../../../arm-none-eabi/lib/thumb/v6-m/libc.a(lib_a-locale.o)
                0x20000d20                __global_locale
 .data          0x20000e8c        0x2 /usr/lib/gcc/arm-none-eabi/7.3.1/../../../arm-none-eabi/lib/thumb/v6-m/libc.a(lib_a-lnumeric.o)
                0x20000e90                . = ALIGN (0x4)
 *fill*         0x20000e8e        0x2 
 *(.after_data.*)
                0x20000e90                . = ALIGN (0x4)
                0x20000e90                PROVIDE (__mutex_array_start = .)
 *(SORT_BY_NAME(.mutex_array.*))
 *(.mutex_array)
 .mutex_array   0x20000e90        0x8 CMakeFiles/usb_comm.dir/pico-sdk/src/rp2_common/pico_stdio/stdio.c.obj
                0x20000e98                PROVIDE (__mutex_array_end = .)
                0x20000e98                . = ALIGN (0x4)
                0x20000e98                PROVIDE (__preinit_array_start = .)
 *(SORT_BY_NAME(.preinit_array.*))
 .preinit_array.00001
                0x20000e98        0x4 CMakeFiles/usb_comm.dir/pico-sdk/src/rp2_common/pico_mem_ops/mem_ops_aeabi.S.obj
 .preinit_array.00010
                0x20000e9c        0x4 CMakeFiles/usb_comm.dir/pico-sdk/src/rp2_common/pico_bit_ops/bit_ops_aeabi.S.obj
 .preinit_array.00020
                0x20000ea0        0x4 CMakeFiles/usb_comm.dir/pico-sdk/src/rp2_common/pico_double/double_aeabi.S.obj
 .preinit_array.00020
                0x20000ea4        0x4 CMakeFiles/usb_comm.dir/pico-sdk/src/rp2_common/pico_float/float_aeabi.S.obj
 *(.preinit_array)
                0x20000ea8                PROVIDE (__preinit_array_end = .)
                0x20000ea8                . = ALIGN (0x4)
                0x20000ea8                PROVIDE (__init_array_start = .)
 *(SORT_BY_NAME(.init_array.*))
 *(.init_array)
 .init_array    0x20000ea8        0x4 /usr/lib/gcc/arm-none-eabi/7.3.1/thumb/v6-m/crtbegin.o
 .init_array    0x20000eac        0x4 CMakeFiles/usb_comm.dir/pico-sdk/src/rp2_common/pico_unique_id/unique_id.c.obj
                0x20000eb0                PROVIDE (__init_array_end = .)
                0x20000eb0                . = ALIGN (0x4)
                0x20000eb0                PROVIDE (__fini_array_start = .)
 *(SORT_BY_NAME(.fini_array.*))
 *(.fini_array)
                0x20000eb0                PROVIDE (__fini_array_end = .)
 *(.jcr)
                0x20000eb0                . = ALIGN (0x4)
                0x20000eb0                __data_end__ = .

.tm_clone_table
                0x20000eb0        0x0 load address 0x1000f9c0
 .tm_clone_table
                0x20000eb0        0x0 /usr/lib/gcc/arm-none-eabi/7.3.1/thumb/v6-m/crtbegin.o
 .tm_clone_table
                0x20000eb0        0x0 /usr/lib/gcc/arm-none-eabi/7.3.1/thumb/v6-m/crtend.o

.igot.plt       0x20000eb0        0x0 load address 0x1000f9c0
 .igot.plt      0x20000eb0        0x0 /usr/lib/gcc/arm-none-eabi/7.3.1/thumb/v6-m/crtbegin.o

.uninitialized_data
                0x20000eb0        0x0 load address 0x1000f9c0
                0x20000eb0                . = ALIGN (0x4)
 *(.uninitialized_data*)

.scratch_x      0x20040000        0x0 load address 0x1000f9c0
                0x20040000                __scratch_x_start__ = .
 *(.scratch_x.*)
                0x20040000                . = ALIGN (0x4)
                0x20040000                __scratch_x_end__ = .
                0x1000f9c0                __scratch_x_source__ = LOADADDR (.scratch_x)

.scratch_y      0x20041000        0x0 load address 0x1000f9c0
                0x20041000                __scratch_y_start__ = .
 *(.scratch_y.*)
                0x20041000                . = ALIGN (0x4)
                0x20041000                __scratch_y_end__ = .
                0x1000f9c0                __scratch_y_source__ = LOADADDR (.scratch_y)

.bss            0x20000eb0      0xdc4
                0x20000eb0                . = ALIGN (0x4)
                0x20000eb0                __bss_start__ = .
 *(SORT_BY_ALIGNMENT(SORT_BY_NAME(.bss*)))
 .bss.default_alarm_pool_entries
                0x20000eb0      0x100 CMakeFiles/usb_comm.dir/pico-sdk/src/common/pico_time/time.c.obj
 .bss.last_avail_time.7133
                0x20000fb0        0x8 CMakeFiles/usb_comm.dir/pico-sdk/src/rp2_common/pico_stdio_usb/stdio_usb.c.obj
 .bss           0x20000fb8       0x1c /usr/lib/gcc/arm-none-eabi/7.3.1/thumb/v6-m/crtbegin.o
 .bss           0x20000fd4       0x34 /usr/lib/gcc/arm-none-eabi/7.3.1/../../../arm-none-eabi/lib/thumb/v6-m/libc.a(lib_a-mallocr.o)
                0x20000fd4                __malloc_top_pad
                0x20000fd8                __malloc_current_mallinfo
                0x20001000                __malloc_max_sbrked_mem
                0x20001004                __malloc_max_total_mem
 .bss._app_driver
                0x20001008        0x4 CMakeFiles/usb_comm.dir/pico-sdk/lib/tinyusb/src/device/usbd.c.obj
 .bss._cdcd_itf
                0x2000100c      0x2d8 CMakeFiles/usb_comm.dir/pico-sdk/lib/tinyusb/src/class/cdc/cdc_device.c.obj
 .bss._ctrl_xfer
                0x200012e4       0x14 CMakeFiles/usb_comm.dir/pico-sdk/lib/tinyusb/src/device/usbd_control.c.obj
 .bss._ubsd_mutexdef
                0x200012f8        0x8 CMakeFiles/usb_comm.dir/pico-sdk/lib/tinyusb/src/device/usbd.c.obj
 .bss._usbd_ctrl_buf
                0x20001300       0x40 CMakeFiles/usb_comm.dir/pico-sdk/lib/tinyusb/src/device/usbd_control.c.obj
 .bss._usbd_dev
                0x20001340       0x53 CMakeFiles/usb_comm.dir/pico-sdk/lib/tinyusb/src/device/usbd.c.obj
 *fill*         0x20001393        0x1 
 .bss._usbd_mutex
                0x20001394        0x4 CMakeFiles/usb_comm.dir/pico-sdk/lib/tinyusb/src/device/usbd.c.obj
 .bss._usbd_q   0x20001398        0x4 CMakeFiles/usb_comm.dir/pico-sdk/lib/tinyusb/src/device/usbd.c.obj
 .bss.alarm_callbacks
                0x2000139c       0x10 CMakeFiles/usb_comm.dir/pico-sdk/src/rp2_common/hardware_timer/timer.c.obj
 .bss.boot2_copyout
                0x200013ac      0x100 CMakeFiles/usb_comm.dir/pico-sdk/src/rp2_common/hardware_flash/flash.c.obj
 .bss.claimed   0x200014ac        0x4 CMakeFiles/usb_comm.dir/pico-sdk/src/rp2_common/hardware_sync/sync.c.obj
 .bss.configured_freq
                0x200014b0       0x28 CMakeFiles/usb_comm.dir/pico-sdk/src/rp2_common/hardware_clocks/clocks.c.obj
 .bss.default_alarm_pool_entry_ids_high
                0x200014d8       0x10 CMakeFiles/usb_comm.dir/pico-sdk/src/common/pico_time/time.c.obj
 .bss.default_alarm_pool_heap_nodes
                0x200014e8       0x30 CMakeFiles/usb_comm.dir/pico-sdk/src/common/pico_time/time.c.obj
 .bss.desc_str.7018
                0x20001518       0x28 CMakeFiles/usb_comm.dir/pico-sdk/src/rp2_common/pico_stdio_usb/stdio_usb_descriptors.c.obj
 .bss.drivers   0x20001540        0x4 CMakeFiles/usb_comm.dir/pico-sdk/src/rp2_common/pico_stdio/stdio.c.obj
 .bss.filter    0x20001544        0x4 CMakeFiles/usb_comm.dir/pico-sdk/src/rp2_common/pico_stdio/stdio.c.obj
 .bss.heap_end.5812
                0x20001548        0x4 CMakeFiles/usb_comm.dir/pico-sdk/src/rp2_common/pico_runtime/runtime.c.obj
 .bss.hw_endpoints
                0x2000154c      0x400 CMakeFiles/usb_comm.dir/pico-sdk/lib/tinyusb/src/portable/raspberrypi/rp2040/dcd_rp2040.c.obj
 .bss.lazy_vsnprintf
                0x2000194c        0x4 CMakeFiles/usb_comm.dir/pico-sdk/src/rp2_common/pico_printf/printf.c.obj
 .bss.load_value
                0x20001950        0x4 CMakeFiles/usb_comm.dir/pico-sdk/src/rp2_common/hardware_watchdog/watchdog.c.obj
 .bss.next_buffer_ptr
                0x20001954        0x4 CMakeFiles/usb_comm.dir/pico-sdk/lib/tinyusb/src/portable/raspberrypi/rp2040/dcd_rp2040.c.obj
 .bss.pools     0x20001958       0x10 CMakeFiles/usb_comm.dir/pico-sdk/src/common/pico_time/time.c.obj
 .bss.retrieved_id
                0x20001968        0x8 CMakeFiles/usb_comm.dir/pico-sdk/src/rp2_common/pico_unique_id/unique_id.c.obj
 .bss.sf_clz_func
                0x20001970        0x4 CMakeFiles/usb_comm.dir/pico-sdk/src/rp2_common/pico_double/double_init_rom.c.obj
                0x20001970                sf_clz_func
 .bss.sleep_notifier
                0x20001974        0x4 CMakeFiles/usb_comm.dir/pico-sdk/src/common/pico_time/time.c.obj
 .bss.stdio_usb_mutex
                0x20001978        0x8 CMakeFiles/usb_comm.dir/pico-sdk/src/rp2_common/pico_stdio_usb/stdio_usb.c.obj
 .bss.target_hi
                0x20001980       0x10 CMakeFiles/usb_comm.dir/pico-sdk/src/rp2_common/hardware_timer/timer.c.obj
 .bss.usbd_serial_str
                0x20001990       0x11 CMakeFiles/usb_comm.dir/pico-sdk/src/rp2_common/pico_stdio_usb/stdio_usb_descriptors.c.obj
 *fill*         0x200019a1        0x3 
 .bss.user_irq_claimed
                0x200019a4        0x2 CMakeFiles/usb_comm.dir/pico-sdk/src/rp2_common/hardware_irq/irq.c.obj
 .bss._app_driver_count
                0x200019a6        0x1 CMakeFiles/usb_comm.dir/pico-sdk/lib/tinyusb/src/device/usbd.c.obj
 .bss._usbd_initialized
                0x200019a7        0x1 CMakeFiles/usb_comm.dir/pico-sdk/lib/tinyusb/src/device/usbd.c.obj
 .bss.boot2_copyout_valid
                0x200019a8        0x1 CMakeFiles/usb_comm.dir/pico-sdk/src/rp2_common/hardware_flash/flash.c.obj
 .bss.claimed   0x200019a9        0x1 CMakeFiles/usb_comm.dir/pico-sdk/src/rp2_common/hardware_timer/timer.c.obj
 .bss.irq_hander_chain_free_slot_head
                0x200019aa        0x1 CMakeFiles/usb_comm.dir/pico-sdk/src/rp2_common/hardware_irq/irq.c.obj
 .bss.itf_num   0x200019ab        0x1 CMakeFiles/usb_comm.dir/pico-sdk/src/rp2_common/pico_stdio_usb/reset_interface.c.obj
 .bss.low_priority_irq_num
                0x200019ac        0x1 CMakeFiles/usb_comm.dir/pico-sdk/src/rp2_common/pico_stdio_usb/stdio_usb.c.obj
 .bss.timer_callbacks_pending
                0x200019ad        0x1 CMakeFiles/usb_comm.dir/pico-sdk/src/rp2_common/hardware_timer/timer.c.obj
 *(COMMON)
 *fill*         0x200019ae        0x2 
 COMMON         0x200019b0      0x100 CMakeFiles/usb_comm.dir/pico-sdk/src/rp2_common/pico_double/double_init_rom.c.obj
                0x200019b0                sd_table
 COMMON         0x20001ab0      0x100 CMakeFiles/usb_comm.dir/pico-sdk/src/rp2_common/pico_float/float_init_rom.c.obj
                0x20001ab0                sf_table
 COMMON         0x20001bb0       0xc0 CMakeFiles/usb_comm.dir/pico-sdk/lib/tinyusb/src/device/usbd.c.obj
                0x20001bb0                _usbd_qdef_buf
 COMMON         0x20001c70        0x4 /usr/lib/gcc/arm-none-eabi/7.3.1/../../../arm-none-eabi/lib/thumb/v6-m/libc.a(lib_a-reent.o)
                0x20001c70                errno
                0x20001c74                . = ALIGN (0x4)
                0x20001c74                __bss_end__ = .

.heap           0x20001c74      0x800
                0x20001c74                __end__ = .
                0x20001c74                end = __end__
 *(.heap*)
 .heap          0x20001c74      0x800 CMakeFiles/usb_comm.dir/pico-sdk/src/rp2_common/pico_standard_link/crt0.S.obj
                0x20002474                __HeapLimit = .

.stack1_dummy   0x20040000        0x0
 *(.stack1*)

.stack_dummy    0x20041000      0x800
 *(.stack*)
 .stack         0x20041000      0x800 CMakeFiles/usb_comm.dir/pico-sdk/src/rp2_common/pico_standard_link/crt0.S.obj

.flash_end      0x1000f9c0        0x0
                0x1000f9c0                __flash_binary_end = .
                0x20040000                __StackLimit = (ORIGIN (RAM) + LENGTH (RAM))
                0x20041000                __StackOneTop = (ORIGIN (SCRATCH_X) + LENGTH (SCRATCH_X))
                0x20042000                __StackTop = (ORIGIN (SCRATCH_Y) + LENGTH (SCRATCH_Y))
                0x20041000                __StackOneBottom = (__StackOneTop - SIZEOF (.stack1_dummy))
                0x20041800                __StackBottom = (__StackTop - SIZEOF (.stack_dummy))
                0x20042000                PROVIDE (__stack = __StackTop)
                0x00000001                ASSERT ((__StackLimit >= __HeapLimit), region RAM overflowed)
                0x00000001                ASSERT (((__binary_info_header_end - __logical_binary_start) <= 0x100), Binary info must be in first 256 bytes of the binary)
LOAD CMakeFiles/usb_comm.dir/usb_comm/usb_comm.c.obj
LOAD CMakeFiles/usb_comm.dir/pico-sdk/src/rp2_common/pico_stdlib/stdlib.c.obj
LOAD CMakeFiles/usb_comm.dir/pico-sdk/src/rp2_common/hardware_gpio/gpio.c.obj
LOAD CMakeFiles/usb_comm.dir/pico-sdk/src/rp2_common/hardware_claim/claim.c.obj
LOAD CMakeFiles/usb_comm.dir/pico-sdk/src/rp2_common/pico_platform/platform.c.obj
LOAD CMakeFiles/usb_comm.dir/pico-sdk/src/rp2_common/hardware_sync/sync.c.obj
LOAD CMakeFiles/usb_comm.dir/pico-sdk/src/rp2_common/hardware_irq/irq.c.obj
LOAD CMakeFiles/usb_comm.dir/pico-sdk/src/rp2_common/hardware_irq/irq_handler_chain.S.obj
LOAD CMakeFiles/usb_comm.dir/pico-sdk/src/common/pico_sync/sem.c.obj
LOAD CMakeFiles/usb_comm.dir/pico-sdk/src/common/pico_sync/lock_core.c.obj
LOAD CMakeFiles/usb_comm.dir/pico-sdk/src/common/pico_time/time.c.obj
LOAD CMakeFiles/usb_comm.dir/pico-sdk/src/common/pico_time/timeout_helper.c.obj
LOAD CMakeFiles/usb_comm.dir/pico-sdk/src/rp2_common/hardware_timer/timer.c.obj
LOAD CMakeFiles/usb_comm.dir/pico-sdk/src/common/pico_util/datetime.c.obj
LOAD CMakeFiles/usb_comm.dir/pico-sdk/src/common/pico_util/pheap.c.obj
LOAD CMakeFiles/usb_comm.dir/pico-sdk/src/common/pico_util/queue.c.obj
LOAD CMakeFiles/usb_comm.dir/pico-sdk/src/common/pico_sync/mutex.c.obj
LOAD CMakeFiles/usb_comm.dir/pico-sdk/src/common/pico_sync/critical_section.c.obj
LOAD CMakeFiles/usb_comm.dir/pico-sdk/src/rp2_common/hardware_uart/uart.c.obj
LOAD CMakeFiles/usb_comm.dir/pico-sdk/src/rp2_common/hardware_divider/divider.S.obj
LOAD CMakeFiles/usb_comm.dir/pico-sdk/src/rp2_common/pico_runtime/runtime.c.obj
LOAD CMakeFiles/usb_comm.dir/pico-sdk/src/rp2_common/hardware_clocks/clocks.c.obj
LOAD CMakeFiles/usb_comm.dir/pico-sdk/src/rp2_common/hardware_pll/pll.c.obj
LOAD CMakeFiles/usb_comm.dir/pico-sdk/src/rp2_common/hardware_vreg/vreg.c.obj
LOAD CMakeFiles/usb_comm.dir/pico-sdk/src/rp2_common/hardware_watchdog/watchdog.c.obj
LOAD CMakeFiles/usb_comm.dir/pico-sdk/src/rp2_common/hardware_xosc/xosc.c.obj
LOAD CMakeFiles/usb_comm.dir/pico-sdk/src/rp2_common/pico_printf/printf.c.obj
LOAD CMakeFiles/usb_comm.dir/pico-sdk/src/rp2_common/pico_bit_ops/bit_ops_aeabi.S.obj
LOAD CMakeFiles/usb_comm.dir/pico-sdk/src/rp2_common/pico_bootrom/bootrom.c.obj
LOAD CMakeFiles/usb_comm.dir/pico-sdk/src/rp2_common/pico_divider/divider.S.obj
LOAD CMakeFiles/usb_comm.dir/pico-sdk/src/rp2_common/pico_double/double_aeabi.S.obj
LOAD CMakeFiles/usb_comm.dir/pico-sdk/src/rp2_common/pico_double/double_init_rom.c.obj
LOAD CMakeFiles/usb_comm.dir/pico-sdk/src/rp2_common/pico_double/double_math.c.obj
LOAD CMakeFiles/usb_comm.dir/pico-sdk/src/rp2_common/pico_double/double_v1_rom_shim.S.obj
LOAD CMakeFiles/usb_comm.dir/pico-sdk/src/rp2_common/pico_int64_ops/pico_int64_ops_aeabi.S.obj
LOAD CMakeFiles/usb_comm.dir/pico-sdk/src/rp2_common/pico_float/float_aeabi.S.obj
LOAD CMakeFiles/usb_comm.dir/pico-sdk/src/rp2_common/pico_float/float_init_rom.c.obj
LOAD CMakeFiles/usb_comm.dir/pico-sdk/src/rp2_common/pico_float/float_math.c.obj
LOAD CMakeFiles/usb_comm.dir/pico-sdk/src/rp2_common/pico_float/float_v1_rom_shim.S.obj
LOAD CMakeFiles/usb_comm.dir/pico-sdk/src/rp2_common/pico_malloc/pico_malloc.c.obj
LOAD CMakeFiles/usb_comm.dir/pico-sdk/src/rp2_common/pico_mem_ops/mem_ops_aeabi.S.obj
LOAD CMakeFiles/usb_comm.dir/pico-sdk/src/rp2_common/pico_standard_link/crt0.S.obj
LOAD CMakeFiles/usb_comm.dir/pico-sdk/src/rp2_common/pico_standard_link/new_delete.cpp.obj
LOAD CMakeFiles/usb_comm.dir/pico-sdk/src/rp2_common/pico_standard_link/binary_info.c.obj
LOAD CMakeFiles/usb_comm.dir/pico-sdk/src/rp2_common/pico_stdio/stdio.c.obj
LOAD CMakeFiles/usb_comm.dir/pico-sdk/src/rp2_common/pico_stdio_usb/reset_interface.c.obj
LOAD CMakeFiles/usb_comm.dir/pico-sdk/src/rp2_common/pico_stdio_usb/stdio_usb.c.obj
LOAD CMakeFiles/usb_comm.dir/pico-sdk/src/rp2_common/pico_stdio_usb/stdio_usb_descriptors.c.obj
LOAD CMakeFiles/usb_comm.dir/pico-sdk/lib/tinyusb/src/portable/raspberrypi/rp2040/dcd_rp2040.c.obj
LOAD CMakeFiles/usb_comm.dir/pico-sdk/lib/tinyusb/src/portable/raspberrypi/rp2040/rp2040_usb.c.obj
LOAD CMakeFiles/usb_comm.dir/pico-sdk/lib/tinyusb/src/device/usbd.c.obj
LOAD CMakeFiles/usb_comm.dir/pico-sdk/lib/tinyusb/src/device/usbd_control.c.obj
LOAD CMakeFiles/usb_comm.dir/pico-sdk/lib/tinyusb/src/class/audio/audio_device.c.obj
LOAD CMakeFiles/usb_comm.dir/pico-sdk/lib/tinyusb/src/class/cdc/cdc_device.c.obj
LOAD CMakeFiles/usb_comm.dir/pico-sdk/lib/tinyusb/src/class/dfu/dfu_device.c.obj
LOAD CMakeFiles/usb_comm.dir/pico-sdk/lib/tinyusb/src/class/dfu/dfu_rt_device.c.obj
LOAD CMakeFiles/usb_comm.dir/pico-sdk/lib/tinyusb/src/class/hid/hid_device.c.obj
LOAD CMakeFiles/usb_comm.dir/pico-sdk/lib/tinyusb/src/class/midi/midi_device.c.obj
LOAD CMakeFiles/usb_comm.dir/pico-sdk/lib/tinyusb/src/class/msc/msc_device.c.obj
LOAD CMakeFiles/usb_comm.dir/pico-sdk/lib/tinyusb/src/class/net/ecm_rndis_device.c.obj
LOAD CMakeFiles/usb_comm.dir/pico-sdk/lib/tinyusb/src/class/net/ncm_device.c.obj
LOAD CMakeFiles/usb_comm.dir/pico-sdk/lib/tinyusb/src/class/usbtmc/usbtmc_device.c.obj
LOAD CMakeFiles/usb_comm.dir/pico-sdk/lib/tinyusb/src/class/vendor/vendor_device.c.obj
LOAD CMakeFiles/usb_comm.dir/pico-sdk/lib/tinyusb/src/class/video/video_device.c.obj
LOAD CMakeFiles/usb_comm.dir/pico-sdk/lib/tinyusb/src/tusb.c.obj
LOAD CMakeFiles/usb_comm.dir/pico-sdk/lib/tinyusb/src/common/tusb_fifo.c.obj
LOAD CMakeFiles/usb_comm.dir/pico-sdk/src/rp2_common/pico_fix/rp2040_usb_device_enumeration/rp2040_usb_device_enumeration.c.obj
LOAD CMakeFiles/usb_comm.dir/pico-sdk/src/rp2_common/pico_unique_id/unique_id.c.obj
LOAD CMakeFiles/usb_comm.dir/pico-sdk/src/rp2_common/hardware_flash/flash.c.obj
LOAD /tmp/ccOg2hEY.o
LOAD /usr/lib/gcc/arm-none-eabi/7.3.1/../../../arm-none-eabi/lib/thumb/v6-m/libstdc++.a
LOAD /usr/lib/gcc/arm-none-eabi/7.3.1/../../../arm-none-eabi/lib/thumb/v6-m/libm.a
START GROUP
LOAD /usr/lib/gcc/arm-none-eabi/7.3.1/thumb/v6-m/libgcc.a
LOAD /usr/lib/gcc/arm-none-eabi/7.3.1/../../../arm-none-eabi/lib/thumb/v6-m/libc.a
END GROUP
START GROUP
LOAD /usr/lib/gcc/arm-none-eabi/7.3.1/thumb/v6-m/libgcc.a
LOAD /usr/lib/gcc/arm-none-eabi/7.3.1/../../../arm-none-eabi/lib/thumb/v6-m/libc.a
LOAD /usr/lib/gcc/arm-none-eabi/7.3.1/../../../arm-none-eabi/lib/thumb/v6-m/libnosys.a
END GROUP
LOAD /usr/lib/gcc/arm-none-eabi/7.3.1/thumb/v6-m/crtend.o
LOAD /usr/lib/gcc/arm-none-eabi/7.3.1/thumb/v6-m/crtn.o
OUTPUT(usb_comm.elf elf32-littlearm)

.ARM.attributes
                0x00000000       0x28
 .ARM.attributes
                0x00000000       0x1e /usr/lib/gcc/arm-none-eabi/7.3.1/thumb/v6-m/crti.o
 .ARM.attributes
                0x0000001e       0x2c /usr/lib/gcc/arm-none-eabi/7.3.1/thumb/v6-m/crtbegin.o
 .ARM.attributes
                0x0000004a       0x32 CMakeFiles/usb_comm.dir/usb_comm/usb_comm.c.obj
 .ARM.attributes
                0x0000007c       0x32 CMakeFiles/usb_comm.dir/pico-sdk/src/rp2_common/hardware_claim/claim.c.obj
 .ARM.attributes
                0x000000ae       0x32 CMakeFiles/usb_comm.dir/pico-sdk/src/rp2_common/pico_platform/platform.c.obj
 .ARM.attributes
                0x000000e0       0x32 CMakeFiles/usb_comm.dir/pico-sdk/src/rp2_common/hardware_sync/sync.c.obj
 .ARM.attributes
                0x00000112       0x32 CMakeFiles/usb_comm.dir/pico-sdk/src/rp2_common/hardware_irq/irq.c.obj
 .ARM.attributes
                0x00000144       0x22 CMakeFiles/usb_comm.dir/pico-sdk/src/rp2_common/hardware_irq/irq_handler_chain.S.obj
 .ARM.attributes
                0x00000166       0x32 CMakeFiles/usb_comm.dir/pico-sdk/src/common/pico_sync/lock_core.c.obj
 .ARM.attributes
                0x00000198       0x32 CMakeFiles/usb_comm.dir/pico-sdk/src/common/pico_time/time.c.obj
 .ARM.attributes
                0x000001ca       0x32 CMakeFiles/usb_comm.dir/pico-sdk/src/rp2_common/hardware_timer/timer.c.obj
 .ARM.attributes
                0x000001fc       0x32 CMakeFiles/usb_comm.dir/pico-sdk/src/common/pico_util/pheap.c.obj
 .ARM.attributes
                0x0000022e       0x32 CMakeFiles/usb_comm.dir/pico-sdk/src/common/pico_sync/mutex.c.obj
 .ARM.attributes
                0x00000260       0x32 CMakeFiles/usb_comm.dir/pico-sdk/src/common/pico_sync/critical_section.c.obj
 .ARM.attributes
                0x00000292       0x32 CMakeFiles/usb_comm.dir/pico-sdk/src/rp2_common/pico_runtime/runtime.c.obj
 .ARM.attributes
                0x000002c4       0x32 CMakeFiles/usb_comm.dir/pico-sdk/src/rp2_common/hardware_clocks/clocks.c.obj
 .ARM.attributes
                0x000002f6       0x32 CMakeFiles/usb_comm.dir/pico-sdk/src/rp2_common/hardware_pll/pll.c.obj
 .ARM.attributes
                0x00000328       0x32 CMakeFiles/usb_comm.dir/pico-sdk/src/rp2_common/hardware_watchdog/watchdog.c.obj
 .ARM.attributes
                0x0000035a       0x32 CMakeFiles/usb_comm.dir/pico-sdk/src/rp2_common/hardware_xosc/xosc.c.obj
 .ARM.attributes
                0x0000038c       0x32 CMakeFiles/usb_comm.dir/pico-sdk/src/rp2_common/pico_printf/printf.c.obj
 .ARM.attributes
                0x000003be       0x22 CMakeFiles/usb_comm.dir/pico-sdk/src/rp2_common/pico_bit_ops/bit_ops_aeabi.S.obj
 .ARM.attributes
                0x000003e0       0x32 CMakeFiles/usb_comm.dir/pico-sdk/src/rp2_common/pico_bootrom/bootrom.c.obj
 .ARM.attributes
                0x00000412       0x22 CMakeFiles/usb_comm.dir/pico-sdk/src/rp2_common/pico_divider/divider.S.obj
 .ARM.attributes
                0x00000434       0x22 CMakeFiles/usb_comm.dir/pico-sdk/src/rp2_common/pico_double/double_aeabi.S.obj
 .ARM.attributes